-- Found ament_cmake: 2.5.6 (/opt/ros/jazzy/share/ament_cmake/cmake)
-- Found rosidl_default_generators: 1.6.0 (/opt/ros/jazzy/share/rosidl_default_generators/cmake)
-- Using all available rosidl_typesupport_c: rosidl_typesupport_fastrtps_c;rosidl_typesupport_introspection_c
-- Using all available rosidl_typesupport_cpp: rosidl_typesupport_fastrtps_cpp;rosidl_typesupport_introspection_cpp
-- Found rosidl_adapter: 4.6.7 (/opt/ros/jazzy/share/rosidl_adapter/cmake)
-- Found std_msgs: 5.3.7 (/opt/ros/jazzy/share/std_msgs/cmake)
-- Found trajectory_msgs: 5.3.7 (/opt/ros/jazzy/share/trajectory_msgs/cmake)
-- Found ament_cmake_ros: 0.12.0 (/opt/ros/jazzy/share/ament_cmake_ros/cmake)
-- Using all available rosidl_typesupport_c: rosidl_typesupport_fastrtps_c;rosidl_typesupport_introspection_c
-- Using all available rosidl_typesupport_cpp: rosidl_typesupport_fastrtps_cpp;rosidl_typesupport_introspection_cpp
-- Found python_cmake_module: 0.11.1 (/opt/ros/jazzy/share/python_cmake_module/cmake)
-- Found PythonExtra: /home/robot/venv_omx/bin/python3  
-- Found Python3: /home/robot/venv_omx/bin/python3 (found version "3.12.3") found components: Interpreter Development NumPy Development.Module Development.Embed 
-- Found Python3: /home/robot/venv_omx/bin/python3 (found version "3.12.3") found components: Interpreter 
-- Configuring done (2.1s)
-- Generating done (0.0s)
-- Build files have been written to: /home/robot/Documents/Grupo_pvsc_alas4_lopt_iams/Robotic_Arny/ros2_ws/build/omx_interfaces
[  3%] [34m[1mGenerating Rust code for ROS interfaces[0m
[  3%] [34m[1mGenerating type hashes for ROS interfaces[0m
[  3%] Built target ament_cmake_python_copy_omx_interfaces
running egg_info
creating omx_interfaces.egg-info
writing omx_interfaces.egg-info/PKG-INFO
writing dependency_links to omx_interfaces.egg-info/dependency_links.txt
writing top-level names to omx_interfaces.egg-info/top_level.txt
writing manifest file 'omx_interfaces.egg-info/SOURCES.txt'
[  3%] Built target omx_interfaces__rosidl_generator_type_description
reading manifest file 'omx_interfaces.egg-info/SOURCES.txt'
writing manifest file 'omx_interfaces.egg-info/SOURCES.txt'
[  5%] [34m[1mGenerating C code for ROS interfaces[0m
[  7%] Built target omx_interfaces__rs
[  7%] [34m[1mGenerating C++ code for ROS interfaces[0m
[  7%] Built target ament_cmake_python_build_omx_interfaces_egg
[  7%] Built target omx_interfaces__cpp
[ 16%] [32mBuilding C object CMakeFiles/omx_interfaces__rosidl_generator_c.dir/rosidl_generator_c/omx_interfaces/srv/detail/execute_trajectory__functions.c.o[0m
[ 16%] [32mBuilding C object CMakeFiles/omx_interfaces__rosidl_generator_c.dir/rosidl_generator_c/omx_interfaces/srv/detail/generate_trajectory__functions.c.o[0m
[ 16%] [32mBuilding C object CMakeFiles/omx_interfaces__rosidl_generator_c.dir/rosidl_generator_c/omx_interfaces/srv/detail/execute_trajectory__description.c.o[0m
[ 16%] [32mBuilding C object CMakeFiles/omx_interfaces__rosidl_generator_c.dir/rosidl_generator_c/omx_interfaces/srv/detail/set_gripper__type_support.c.o[0m
[ 16%] [32mBuilding C object CMakeFiles/omx_interfaces__rosidl_generator_c.dir/rosidl_generator_c/omx_interfaces/srv/detail/generate_trajectory__type_support.c.o[0m
[ 18%] [32mBuilding C object CMakeFiles/omx_interfaces__rosidl_generator_c.dir/rosidl_generator_c/omx_interfaces/srv/detail/set_gripper__functions.c.o[0m
[ 20%] [32mBuilding C object CMakeFiles/omx_interfaces__rosidl_generator_c.dir/rosidl_generator_c/omx_interfaces/srv/detail/execute_trajectory__type_support.c.o[0m
[ 21%] [32mBuilding C object CMakeFiles/omx_interfaces__rosidl_generator_c.dir/rosidl_generator_c/omx_interfaces/srv/detail/set_gripper__description.c.o[0m
[ 23%] [32mBuilding C object CMakeFiles/omx_interfaces__rosidl_generator_c.dir/rosidl_generator_c/omx_interfaces/srv/detail/generate_trajectory__description.c.o[0m
[ 25%] [32m[1mLinking C shared library libomx_interfaces__rosidl_generator_c.so[0m
[ 25%] Built target omx_interfaces__rosidl_generator_c
[ 34%] [34m[1mGenerating C++ type support dispatch for ROS interfaces[0m
[ 34%] [34m[1mGenerating C introspection for ROS interfaces[0m
[ 34%] [34m[1mGenerating C++ introspection for ROS interfaces[0m
[ 34%] [34m[1mGenerating C type support for eProsima Fast-RTPS[0m
[ 34%] [34m[1mGenerating C type support dispatch for ROS interfaces[0m
[ 36%] [34m[1mGenerating C++ type support for eProsima Fast-RTPS[0m
[ 41%] [32mBuilding CXX object CMakeFiles/omx_interfaces__rosidl_typesupport_c.dir/rosidl_typesupport_c/omx_interfaces/srv/set_gripper__type_support.cpp.o[0m
[ 41%] [32mBuilding CXX object CMakeFiles/omx_interfaces__rosidl_typesupport_c.dir/rosidl_typesupport_c/omx_interfaces/srv/generate_trajectory__type_support.cpp.o[0m
[ 41%] [32mBuilding CXX object CMakeFiles/omx_interfaces__rosidl_typesupport_c.dir/rosidl_typesupport_c/omx_interfaces/srv/execute_trajectory__type_support.cpp.o[0m
[ 43%] [32mBuilding CXX object CMakeFiles/omx_interfaces__rosidl_typesupport_cpp.dir/rosidl_typesupport_cpp/omx_interfaces/srv/generate_trajectory__type_support.cpp.o[0m
[ 47%] [32mBuilding CXX object CMakeFiles/omx_interfaces__rosidl_typesupport_cpp.dir/rosidl_typesupport_cpp/omx_interfaces/srv/execute_trajectory__type_support.cpp.o[0m
[ 47%] [32mBuilding CXX object CMakeFiles/omx_interfaces__rosidl_typesupport_cpp.dir/rosidl_typesupport_cpp/omx_interfaces/srv/set_gripper__type_support.cpp.o[0m
[ 49%] [32mBuilding CXX object CMakeFiles/omx_interfaces__rosidl_typesupport_introspection_cpp.dir/rosidl_typesupport_introspection_cpp/omx_interfaces/srv/detail/execute_trajectory__type_support.cpp.o[0m
[ 50%] [32m[1mLinking CXX shared library libomx_interfaces__rosidl_typesupport_c.so[0m
[ 52%] [32mBuilding CXX object CMakeFiles/omx_interfaces__rosidl_typesupport_introspection_cpp.dir/rosidl_typesupport_introspection_cpp/omx_interfaces/srv/detail/generate_trajectory__type_support.cpp.o[0m
[ 54%] [32mBuilding CXX object CMakeFiles/omx_interfaces__rosidl_typesupport_introspection_cpp.dir/rosidl_typesupport_introspection_cpp/omx_interfaces/srv/detail/set_gripper__type_support.cpp.o[0m
[ 60%] [32mBuilding C object CMakeFiles/omx_interfaces__rosidl_typesupport_introspection_c.dir/rosidl_typesupport_introspection_c/omx_interfaces/srv/detail/execute_trajectory__type_support.c.o[0m
[ 60%] [32mBuilding C object CMakeFiles/omx_interfaces__rosidl_typesupport_introspection_c.dir/rosidl_typesupport_introspection_c/omx_interfaces/srv/detail/generate_trajectory__type_support.c.o[0m
[ 60%] [32mBuilding C object CMakeFiles/omx_interfaces__rosidl_typesupport_introspection_c.dir/rosidl_typesupport_introspection_c/omx_interfaces/srv/detail/set_gripper__type_support.c.o[0m
[ 60%] Built target omx_interfaces__rosidl_typesupport_c
[ 61%] [32m[1mLinking C shared library libomx_interfaces__rosidl_typesupport_introspection_c.so[0m
[ 61%] Built target omx_interfaces__rosidl_typesupport_introspection_c
[ 67%] [32mBuilding CXX object CMakeFiles/omx_interfaces__rosidl_typesupport_fastrtps_cpp.dir/rosidl_typesupport_fastrtps_cpp/omx_interfaces/srv/detail/dds_fastrtps/set_gripper__type_support.cpp.o[0m
[ 67%] [32mBuilding CXX object CMakeFiles/omx_interfaces__rosidl_typesupport_fastrtps_cpp.dir/rosidl_typesupport_fastrtps_cpp/omx_interfaces/srv/detail/dds_fastrtps/generate_trajectory__type_support.cpp.o[0m
[ 67%] [32mBuilding CXX object CMakeFiles/omx_interfaces__rosidl_typesupport_fastrtps_cpp.dir/rosidl_typesupport_fastrtps_cpp/omx_interfaces/srv/detail/dds_fastrtps/execute_trajectory__type_support.cpp.o[0m
[ 72%] [32mBuilding CXX object CMakeFiles/omx_interfaces__rosidl_typesupport_fastrtps_c.dir/rosidl_typesupport_fastrtps_c/omx_interfaces/srv/detail/execute_trajectory__type_support_c.cpp.o[0m
[ 72%] [32mBuilding CXX object CMakeFiles/omx_interfaces__rosidl_typesupport_fastrtps_c.dir/rosidl_typesupport_fastrtps_c/omx_interfaces/srv/detail/set_gripper__type_support_c.cpp.o[0m
[ 72%] [32mBuilding CXX object CMakeFiles/omx_interfaces__rosidl_typesupport_fastrtps_c.dir/rosidl_typesupport_fastrtps_c/omx_interfaces/srv/detail/generate_trajectory__type_support_c.cpp.o[0m
[ 74%] [32m[1mLinking CXX shared library libomx_interfaces__rosidl_typesupport_cpp.so[0m
[ 74%] Built target omx_interfaces__rosidl_typesupport_cpp
[ 76%] [32m[1mLinking CXX shared library libomx_interfaces__rosidl_typesupport_introspection_cpp.so[0m
[ 78%] [32m[1mLinking CXX shared library libomx_interfaces__rosidl_typesupport_fastrtps_c.so[0m
[ 78%] Built target omx_interfaces__rosidl_typesupport_introspection_cpp
[ 78%] Built target omx_interfaces__rosidl_typesupport_fastrtps_c
[ 80%] [32m[1mLinking CXX shared library libomx_interfaces__rosidl_typesupport_fastrtps_cpp.so[0m
[ 80%] Built target omx_interfaces__rosidl_typesupport_fastrtps_cpp
[ 80%] Built target omx_interfaces
[ 81%] [34m[1mGenerating Python code for ROS interfaces[0m
[ 81%] Built target omx_interfaces__py
[ 87%] [32mBuilding C object CMakeFiles/omx_interfaces__rosidl_generator_py.dir/rosidl_generator_py/omx_interfaces/srv/_set_gripper_s.c.o[0m
[ 87%] [32mBuilding C object CMakeFiles/omx_interfaces__rosidl_generator_py.dir/rosidl_generator_py/omx_interfaces/srv/_generate_trajectory_s.c.o[0m
[ 87%] [32mBuilding C object CMakeFiles/omx_interfaces__rosidl_generator_py.dir/rosidl_generator_py/omx_interfaces/srv/_execute_trajectory_s.c.o[0m
[ 89%] [32m[1mLinking C shared library libomx_interfaces__rosidl_generator_py.so[0m
[ 89%] Built target omx_interfaces__rosidl_generator_py
[ 94%] [32mBuilding C object CMakeFiles/omx_interfaces_s__rosidl_typesupport_fastrtps_c.dir/rosidl_generator_py/omx_interfaces/_omx_interfaces_s.ep.rosidl_typesupport_fastrtps_c.c.o[0m
[ 94%] [32mBuilding C object CMakeFiles/omx_interfaces_s__rosidl_typesupport_c.dir/rosidl_generator_py/omx_interfaces/_omx_interfaces_s.ep.rosidl_typesupport_c.c.o[0m
[ 94%] [32mBuilding C object CMakeFiles/omx_interfaces_s__rosidl_typesupport_introspection_c.dir/rosidl_generator_py/omx_interfaces/_omx_interfaces_s.ep.rosidl_typesupport_introspection_c.c.o[0m
[ 98%] [32m[1mLinking C shared module rosidl_generator_py/omx_interfaces/omx_interfaces_s__rosidl_typesupport_c.so[0m
[ 98%] [32m[1mLinking C shared module rosidl_generator_py/omx_interfaces/omx_interfaces_s__rosidl_typesupport_introspection_c.so[0m
[100%] [32m[1mLinking C shared module rosidl_generator_py/omx_interfaces/omx_interfaces_s__rosidl_typesupport_fastrtps_c.so[0m
[100%] Built target omx_interfaces_s__rosidl_typesupport_introspection_c
[100%] Built target omx_interfaces_s__rosidl_typesupport_c
[100%] Built target omx_interfaces_s__rosidl_typesupport_fastrtps_c
-- Install configuration: ""
-- Installing: /home/robot/Documents/Grupo_pvsc_alas4_lopt_iams/Robotic_Arny/ros2_ws/install/omx_interfaces/share/ament_index/resource_index/rosidl_interfaces/omx_interfaces
-- Installing: /home/robot/Documents/Grupo_pvsc_alas4_lopt_iams/Robotic_Arny/ros2_ws/install/omx_interfaces/share/omx_interfaces/srv/GenerateTrajectory.json
-- Installing: /home/robot/Documents/Grupo_pvsc_alas4_lopt_iams/Robotic_Arny/ros2_ws/install/omx_interfaces/share/omx_interfaces/srv/ExecuteTrajectory.json
-- Installing: /home/robot/Documents/Grupo_pvsc_alas4_lopt_iams/Robotic_Arny/ros2_ws/install/omx_interfaces/share/omx_interfaces/srv/SetGripper.json
-- Installing: /home/robot/Documents/Grupo_pvsc_alas4_lopt_iams/Robotic_Arny/ros2_ws/install/omx_interfaces/include/omx_interfaces/omx_interfaces
-- Installing: /home/robot/Documents/Grupo_pvsc_alas4_lopt_iams/Robotic_Arny/ros2_ws/install/omx_interfaces/include/omx_interfaces/omx_interfaces/srv
-- Installing: /home/robot/Documents/Grupo_pvsc_alas4_lopt_iams/Robotic_Arny/ros2_ws/install/omx_interfaces/include/omx_interfaces/omx_interfaces/srv/generate_trajectory.h
-- Installing: /home/robot/Documents/Grupo_pvsc_alas4_lopt_iams/Robotic_Arny/ros2_ws/install/omx_interfaces/include/omx_interfaces/omx_interfaces/srv/execute_trajectory.h
-- Installing: /home/robot/Documents/Grupo_pvsc_alas4_lopt_iams/Robotic_Arny/ros2_ws/install/omx_interfaces/include/omx_interfaces/omx_interfaces/srv/detail
-- Installing: /home/robot/Documents/Grupo_pvsc_alas4_lopt_iams/Robotic_Arny/ros2_ws/install/omx_interfaces/include/omx_interfaces/omx_interfaces/srv/detail/generate_trajectory__struct.h
-- Installing: /home/robot/Documents/Grupo_pvsc_alas4_lopt_iams/Robotic_Arny/ros2_ws/install/omx_interfaces/include/omx_interfaces/omx_interfaces/srv/detail/set_gripper__functions.c
-- Installing: /home/robot/Documents/Grupo_pvsc_alas4_lopt_iams/Robotic_Arny/ros2_ws/install/omx_interfaces/include/omx_interfaces/omx_interfaces/srv/detail/generate_trajectory__type_support.c
-- Installing: /home/robot/Documents/Grupo_pvsc_alas4_lopt_iams/Robotic_Arny/ros2_ws/install/omx_interfaces/include/omx_interfaces/omx_interfaces/srv/detail/execute_trajectory__type_support.h
-- Installing: /home/robot/Documents/Grupo_pvsc_alas4_lopt_iams/Robotic_Arny/ros2_ws/install/omx_interfaces/include/omx_interfaces/omx_interfaces/srv/detail/execute_trajectory__functions.h
-- Installing: /home/robot/Documents/Grupo_pvsc_alas4_lopt_iams/Robotic_Arny/ros2_ws/install/omx_interfaces/include/omx_interfaces/omx_interfaces/srv/detail/generate_trajectory__description.c
-- Installing: /home/robot/Documents/Grupo_pvsc_alas4_lopt_iams/Robotic_Arny/ros2_ws/install/omx_interfaces/include/omx_interfaces/omx_interfaces/srv/detail/generate_trajectory__type_support.h
-- Installing: /home/robot/Documents/Grupo_pvsc_alas4_lopt_iams/Robotic_Arny/ros2_ws/install/omx_interfaces/include/omx_interfaces/omx_interfaces/srv/detail/set_gripper__description.c
-- Installing: /home/robot/Documents/Grupo_pvsc_alas4_lopt_iams/Robotic_Arny/ros2_ws/install/omx_interfaces/include/omx_interfaces/omx_interfaces/srv/detail/execute_trajectory__description.c
-- Installing: /home/robot/Documents/Grupo_pvsc_alas4_lopt_iams/Robotic_Arny/ros2_ws/install/omx_interfaces/include/omx_interfaces/omx_interfaces/srv/detail/execute_trajectory__struct.h
-- Installing: /home/robot/Documents/Grupo_pvsc_alas4_lopt_iams/Robotic_Arny/ros2_ws/install/omx_interfaces/include/omx_interfaces/omx_interfaces/srv/detail/generate_trajectory__functions.c
-- Installing: /home/robot/Documents/Grupo_pvsc_alas4_lopt_iams/Robotic_Arny/ros2_ws/install/omx_interfaces/include/omx_interfaces/omx_interfaces/srv/detail/generate_trajectory__functions.h
-- Installing: /home/robot/Documents/Grupo_pvsc_alas4_lopt_iams/Robotic_Arny/ros2_ws/install/omx_interfaces/include/omx_interfaces/omx_interfaces/srv/detail/set_gripper__functions.h
-- Installing: /home/robot/Documents/Grupo_pvsc_alas4_lopt_iams/Robotic_Arny/ros2_ws/install/omx_interfaces/include/omx_interfaces/omx_interfaces/srv/detail/execute_trajectory__functions.c
-- Installing: /home/robot/Documents/Grupo_pvsc_alas4_lopt_iams/Robotic_Arny/ros2_ws/install/omx_interfaces/include/omx_interfaces/omx_interfaces/srv/detail/execute_trajectory__type_support.c
-- Installing: /home/robot/Documents/Grupo_pvsc_alas4_lopt_iams/Robotic_Arny/ros2_ws/install/omx_interfaces/include/omx_interfaces/omx_interfaces/srv/detail/set_gripper__struct.h
-- Installing: /home/robot/Documents/Grupo_pvsc_alas4_lopt_iams/Robotic_Arny/ros2_ws/install/omx_interfaces/include/omx_interfaces/omx_interfaces/srv/detail/set_gripper__type_support.h
-- Installing: /home/robot/Documents/Grupo_pvsc_alas4_lopt_iams/Robotic_Arny/ros2_ws/install/omx_interfaces/include/omx_interfaces/omx_interfaces/srv/detail/set_gripper__type_support.c
-- Installing: /home/robot/Documents/Grupo_pvsc_alas4_lopt_iams/Robotic_Arny/ros2_ws/install/omx_interfaces/include/omx_interfaces/omx_interfaces/srv/set_gripper.h
-- Installing: /home/robot/Documents/Grupo_pvsc_alas4_lopt_iams/Robotic_Arny/ros2_ws/install/omx_interfaces/include/omx_interfaces/omx_interfaces/msg
-- Installing: /home/robot/Documents/Grupo_pvsc_alas4_lopt_iams/Robotic_Arny/ros2_ws/install/omx_interfaces/include/omx_interfaces/omx_interfaces/msg/rosidl_generator_c__visibility_control.h
-- Installing: /home/robot/Documents/Grupo_pvsc_alas4_lopt_iams/Robotic_Arny/ros2_ws/install/omx_interfaces/share/omx_interfaces/environment/library_path.sh
-- Installing: /home/robot/Documents/Grupo_pvsc_alas4_lopt_iams/Robotic_Arny/ros2_ws/install/omx_interfaces/share/omx_interfaces/environment/library_path.dsv
-- Installing: /home/robot/Documents/Grupo_pvsc_alas4_lopt_iams/Robotic_Arny/ros2_ws/install/omx_interfaces/lib/libomx_interfaces__rosidl_generator_c.so
-- Set non-toolchain portion of runtime path of "/home/robot/Documents/Grupo_pvsc_alas4_lopt_iams/Robotic_Arny/ros2_ws/install/omx_interfaces/lib/libomx_interfaces__rosidl_generator_c.so" to ""
-- Up-to-date: /home/robot/Documents/Grupo_pvsc_alas4_lopt_iams/Robotic_Arny/ros2_ws/install/omx_interfaces/include/omx_interfaces/omx_interfaces
-- Up-to-date: /home/robot/Documents/Grupo_pvsc_alas4_lopt_iams/Robotic_Arny/ros2_ws/install/omx_interfaces/include/omx_interfaces/omx_interfaces/srv
-- Up-to-date: /home/robot/Documents/Grupo_pvsc_alas4_lopt_iams/Robotic_Arny/ros2_ws/install/omx_interfaces/include/omx_interfaces/omx_interfaces/srv/detail
-- Installing: /home/robot/Documents/Grupo_pvsc_alas4_lopt_iams/Robotic_Arny/ros2_ws/install/omx_interfaces/include/omx_interfaces/omx_interfaces/srv/detail/execute_trajectory__rosidl_typesupport_fastrtps_c.h
-- Installing: /home/robot/Documents/Grupo_pvsc_alas4_lopt_iams/Robotic_Arny/ros2_ws/install/omx_interfaces/include/omx_interfaces/omx_interfaces/srv/detail/set_gripper__rosidl_typesupport_fastrtps_c.h
-- Installing: /home/robot/Documents/Grupo_pvsc_alas4_lopt_iams/Robotic_Arny/ros2_ws/install/omx_interfaces/include/omx_interfaces/omx_interfaces/srv/detail/generate_trajectory__rosidl_typesupport_fastrtps_c.h
-- Up-to-date: /home/robot/Documents/Grupo_pvsc_alas4_lopt_iams/Robotic_Arny/ros2_ws/install/omx_interfaces/include/omx_interfaces/omx_interfaces/msg
-- Installing: /home/robot/Documents/Grupo_pvsc_alas4_lopt_iams/Robotic_Arny/ros2_ws/install/omx_interfaces/include/omx_interfaces/omx_interfaces/msg/rosidl_typesupport_fastrtps_c__visibility_control.h
-- Installing: /home/robot/Documents/Grupo_pvsc_alas4_lopt_iams/Robotic_Arny/ros2_ws/install/omx_interfaces/lib/libomx_interfaces__rosidl_typesupport_fastrtps_c.so
-- Set non-toolchain portion of runtime path of "/home/robot/Documents/Grupo_pvsc_alas4_lopt_iams/Robotic_Arny/ros2_ws/install/omx_interfaces/lib/libomx_interfaces__rosidl_typesupport_fastrtps_c.so" to ""
-- Up-to-date: /home/robot/Documents/Grupo_pvsc_alas4_lopt_iams/Robotic_Arny/ros2_ws/install/omx_interfaces/include/omx_interfaces/omx_interfaces
-- Up-to-date: /home/robot/Documents/Grupo_pvsc_alas4_lopt_iams/Robotic_Arny/ros2_ws/install/omx_interfaces/include/omx_interfaces/omx_interfaces/srv
-- Up-to-date: /home/robot/Documents/Grupo_pvsc_alas4_lopt_iams/Robotic_Arny/ros2_ws/install/omx_interfaces/include/omx_interfaces/omx_interfaces/srv/detail
-- Installing: /home/robot/Documents/Grupo_pvsc_alas4_lopt_iams/Robotic_Arny/ros2_ws/install/omx_interfaces/include/omx_interfaces/omx_interfaces/srv/detail/execute_trajectory__rosidl_typesupport_introspection_c.h
-- Installing: /home/robot/Documents/Grupo_pvsc_alas4_lopt_iams/Robotic_Arny/ros2_ws/install/omx_interfaces/include/omx_interfaces/omx_interfaces/srv/detail/set_gripper__rosidl_typesupport_introspection_c.h
-- Up-to-date: /home/robot/Documents/Grupo_pvsc_alas4_lopt_iams/Robotic_Arny/ros2_ws/install/omx_interfaces/include/omx_interfaces/omx_interfaces/srv/detail/generate_trajectory__type_support.c
-- Installing: /home/robot/Documents/Grupo_pvsc_alas4_lopt_iams/Robotic_Arny/ros2_ws/install/omx_interfaces/include/omx_interfaces/omx_interfaces/srv/detail/generate_trajectory__rosidl_typesupport_introspection_c.h
-- Up-to-date: /home/robot/Documents/Grupo_pvsc_alas4_lopt_iams/Robotic_Arny/ros2_ws/install/omx_interfaces/include/omx_interfaces/omx_interfaces/srv/detail/execute_trajectory__type_support.c
-- Up-to-date: /home/robot/Documents/Grupo_pvsc_alas4_lopt_iams/Robotic_Arny/ros2_ws/install/omx_interfaces/include/omx_interfaces/omx_interfaces/srv/detail/set_gripper__type_support.c
-- Up-to-date: /home/robot/Documents/Grupo_pvsc_alas4_lopt_iams/Robotic_Arny/ros2_ws/install/omx_interfaces/include/omx_interfaces/omx_interfaces/msg
-- Installing: /home/robot/Documents/Grupo_pvsc_alas4_lopt_iams/Robotic_Arny/ros2_ws/install/omx_interfaces/include/omx_interfaces/omx_interfaces/msg/rosidl_typesupport_introspection_c__visibility_control.h
-- Installing: /home/robot/Documents/Grupo_pvsc_alas4_lopt_iams/Robotic_Arny/ros2_ws/install/omx_interfaces/lib/libomx_interfaces__rosidl_typesupport_introspection_c.so
-- Set non-toolchain portion of runtime path of "/home/robot/Documents/Grupo_pvsc_alas4_lopt_iams/Robotic_Arny/ros2_ws/install/omx_interfaces/lib/libomx_interfaces__rosidl_typesupport_introspection_c.so" to ""
-- Installing: /home/robot/Documents/Grupo_pvsc_alas4_lopt_iams/Robotic_Arny/ros2_ws/install/omx_interfaces/lib/libomx_interfaces__rosidl_typesupport_c.so
-- Set non-toolchain portion of runtime path of "/home/robot/Documents/Grupo_pvsc_alas4_lopt_iams/Robotic_Arny/ros2_ws/install/omx_interfaces/lib/libomx_interfaces__rosidl_typesupport_c.so" to ""
-- Up-to-date: /home/robot/Documents/Grupo_pvsc_alas4_lopt_iams/Robotic_Arny/ros2_ws/install/omx_interfaces/include/omx_interfaces/omx_interfaces
-- Up-to-date: /home/robot/Documents/Grupo_pvsc_alas4_lopt_iams/Robotic_Arny/ros2_ws/install/omx_interfaces/include/omx_interfaces/omx_interfaces/srv
-- Installing: /home/robot/Documents/Grupo_pvsc_alas4_lopt_iams/Robotic_Arny/ros2_ws/install/omx_interfaces/include/omx_interfaces/omx_interfaces/srv/generate_trajectory.hpp
-- Up-to-date: /home/robot/Documents/Grupo_pvsc_alas4_lopt_iams/Robotic_Arny/ros2_ws/install/omx_interfaces/include/omx_interfaces/omx_interfaces/srv/detail
-- Installing: /home/robot/Documents/Grupo_pvsc_alas4_lopt_iams/Robotic_Arny/ros2_ws/install/omx_interfaces/include/omx_interfaces/omx_interfaces/srv/detail/generate_trajectory__type_support.hpp
-- Installing: /home/robot/Documents/Grupo_pvsc_alas4_lopt_iams/Robotic_Arny/ros2_ws/install/omx_interfaces/include/omx_interfaces/omx_interfaces/srv/detail/set_gripper__type_support.hpp
-- Installing: /home/robot/Documents/Grupo_pvsc_alas4_lopt_iams/Robotic_Arny/ros2_ws/install/omx_interfaces/include/omx_interfaces/omx_interfaces/srv/detail/generate_trajectory__struct.hpp
-- Installing: /home/robot/Documents/Grupo_pvsc_alas4_lopt_iams/Robotic_Arny/ros2_ws/install/omx_interfaces/include/omx_interfaces/omx_interfaces/srv/detail/execute_trajectory__struct.hpp
-- Installing: /home/robot/Documents/Grupo_pvsc_alas4_lopt_iams/Robotic_Arny/ros2_ws/install/omx_interfaces/include/omx_interfaces/omx_interfaces/srv/detail/generate_trajectory__traits.hpp
-- Installing: /home/robot/Documents/Grupo_pvsc_alas4_lopt_iams/Robotic_Arny/ros2_ws/install/omx_interfaces/include/omx_interfaces/omx_interfaces/srv/detail/execute_trajectory__type_support.hpp
-- Installing: /home/robot/Documents/Grupo_pvsc_alas4_lopt_iams/Robotic_Arny/ros2_ws/install/omx_interfaces/include/omx_interfaces/omx_interfaces/srv/detail/set_gripper__traits.hpp
-- Installing: /home/robot/Documents/Grupo_pvsc_alas4_lopt_iams/Robotic_Arny/ros2_ws/install/omx_interfaces/include/omx_interfaces/omx_interfaces/srv/detail/execute_trajectory__builder.hpp
-- Installing: /home/robot/Documents/Grupo_pvsc_alas4_lopt_iams/Robotic_Arny/ros2_ws/install/omx_interfaces/include/omx_interfaces/omx_interfaces/srv/detail/set_gripper__builder.hpp
-- Installing: /home/robot/Documents/Grupo_pvsc_alas4_lopt_iams/Robotic_Arny/ros2_ws/install/omx_interfaces/include/omx_interfaces/omx_interfaces/srv/detail/generate_trajectory__builder.hpp
-- Installing: /home/robot/Documents/Grupo_pvsc_alas4_lopt_iams/Robotic_Arny/ros2_ws/install/omx_interfaces/include/omx_interfaces/omx_interfaces/srv/detail/execute_trajectory__traits.hpp
-- Installing: /home/robot/Documents/Grupo_pvsc_alas4_lopt_iams/Robotic_Arny/ros2_ws/install/omx_interfaces/include/omx_interfaces/omx_interfaces/srv/detail/set_gripper__struct.hpp
-- Installing: /home/robot/Documents/Grupo_pvsc_alas4_lopt_iams/Robotic_Arny/ros2_ws/install/omx_interfaces/include/omx_interfaces/omx_interfaces/srv/set_gripper.hpp
-- Installing: /home/robot/Documents/Grupo_pvsc_alas4_lopt_iams/Robotic_Arny/ros2_ws/install/omx_interfaces/include/omx_interfaces/omx_interfaces/srv/execute_trajectory.hpp
-- Up-to-date: /home/robot/Documents/Grupo_pvsc_alas4_lopt_iams/Robotic_Arny/ros2_ws/install/omx_interfaces/include/omx_interfaces/omx_interfaces/msg
-- Installing: /home/robot/Documents/Grupo_pvsc_alas4_lopt_iams/Robotic_Arny/ros2_ws/install/omx_interfaces/include/omx_interfaces/omx_interfaces/msg/rosidl_generator_cpp__visibility_control.hpp
-- Up-to-date: /home/robot/Documents/Grupo_pvsc_alas4_lopt_iams/Robotic_Arny/ros2_ws/install/omx_interfaces/include/omx_interfaces/omx_interfaces
-- Up-to-date: /home/robot/Documents/Grupo_pvsc_alas4_lopt_iams/Robotic_Arny/ros2_ws/install/omx_interfaces/include/omx_interfaces/omx_interfaces/srv
-- Up-to-date: /home/robot/Documents/Grupo_pvsc_alas4_lopt_iams/Robotic_Arny/ros2_ws/install/omx_interfaces/include/omx_interfaces/omx_interfaces/srv/detail
-- Installing: /home/robot/Documents/Grupo_pvsc_alas4_lopt_iams/Robotic_Arny/ros2_ws/install/omx_interfaces/include/omx_interfaces/omx_interfaces/srv/detail/set_gripper__rosidl_typesupport_fastrtps_cpp.hpp
-- Installing: /home/robot/Documents/Grupo_pvsc_alas4_lopt_iams/Robotic_Arny/ros2_ws/install/omx_interfaces/include/omx_interfaces/omx_interfaces/srv/detail/execute_trajectory__rosidl_typesupport_fastrtps_cpp.hpp
-- Installing: /home/robot/Documents/Grupo_pvsc_alas4_lopt_iams/Robotic_Arny/ros2_ws/install/omx_interfaces/include/omx_interfaces/omx_interfaces/srv/detail/generate_trajectory__rosidl_typesupport_fastrtps_cpp.hpp
-- Installing: /home/robot/Documents/Grupo_pvsc_alas4_lopt_iams/Robotic_Arny/ros2_ws/install/omx_interfaces/include/omx_interfaces/omx_interfaces/srv/detail/dds_fastrtps
-- Up-to-date: /home/robot/Documents/Grupo_pvsc_alas4_lopt_iams/Robotic_Arny/ros2_ws/install/omx_interfaces/include/omx_interfaces/omx_interfaces/msg
-- Installing: /home/robot/Documents/Grupo_pvsc_alas4_lopt_iams/Robotic_Arny/ros2_ws/install/omx_interfaces/include/omx_interfaces/omx_interfaces/msg/rosidl_typesupport_fastrtps_cpp__visibility_control.h
-- Installing: /home/robot/Documents/Grupo_pvsc_alas4_lopt_iams/Robotic_Arny/ros2_ws/install/omx_interfaces/lib/libomx_interfaces__rosidl_typesupport_fastrtps_cpp.so
-- Set non-toolchain portion of runtime path of "/home/robot/Documents/Grupo_pvsc_alas4_lopt_iams/Robotic_Arny/ros2_ws/install/omx_interfaces/lib/libomx_interfaces__rosidl_typesupport_fastrtps_cpp.so" to ""
-- Up-to-date: /home/robot/Documents/Grupo_pvsc_alas4_lopt_iams/Robotic_Arny/ros2_ws/install/omx_interfaces/include/omx_interfaces/omx_interfaces
-- Up-to-date: /home/robot/Documents/Grupo_pvsc_alas4_lopt_iams/Robotic_Arny/ros2_ws/install/omx_interfaces/include/omx_interfaces/omx_interfaces/srv
-- Up-to-date: /home/robot/Documents/Grupo_pvsc_alas4_lopt_iams/Robotic_Arny/ros2_ws/install/omx_interfaces/include/omx_interfaces/omx_interfaces/srv/detail
-- Installing: /home/robot/Documents/Grupo_pvsc_alas4_lopt_iams/Robotic_Arny/ros2_ws/install/omx_interfaces/include/omx_interfaces/omx_interfaces/srv/detail/generate_trajectory__rosidl_typesupport_introspection_cpp.hpp
-- Installing: /home/robot/Documents/Grupo_pvsc_alas4_lopt_iams/Robotic_Arny/ros2_ws/install/omx_interfaces/include/omx_interfaces/omx_interfaces/srv/detail/execute_trajectory__rosidl_typesupport_introspection_cpp.hpp
-- Installing: /home/robot/Documents/Grupo_pvsc_alas4_lopt_iams/Robotic_Arny/ros2_ws/install/omx_interfaces/include/omx_interfaces/omx_interfaces/srv/detail/generate_trajectory__type_support.cpp
-- Installing: /home/robot/Documents/Grupo_pvsc_alas4_lopt_iams/Robotic_Arny/ros2_ws/install/omx_interfaces/include/omx_interfaces/omx_interfaces/srv/detail/set_gripper__rosidl_typesupport_introspection_cpp.hpp
-- Installing: /home/robot/Documents/Grupo_pvsc_alas4_lopt_iams/Robotic_Arny/ros2_ws/install/omx_interfaces/include/omx_interfaces/omx_interfaces/srv/detail/execute_trajectory__type_support.cpp
-- Installing: /home/robot/Documents/Grupo_pvsc_alas4_lopt_iams/Robotic_Arny/ros2_ws/install/omx_interfaces/include/omx_interfaces/omx_interfaces/srv/detail/set_gripper__type_support.cpp
-- Installing: /home/robot/Documents/Grupo_pvsc_alas4_lopt_iams/Robotic_Arny/ros2_ws/install/omx_interfaces/lib/libomx_interfaces__rosidl_typesupport_introspection_cpp.so
-- Set non-toolchain portion of runtime path of "/home/robot/Documents/Grupo_pvsc_alas4_lopt_iams/Robotic_Arny/ros2_ws/install/omx_interfaces/lib/libomx_interfaces__rosidl_typesupport_introspection_cpp.so" to ""
-- Installing: /home/robot/Documents/Grupo_pvsc_alas4_lopt_iams/Robotic_Arny/ros2_ws/install/omx_interfaces/lib/libomx_interfaces__rosidl_typesupport_cpp.so
-- Set non-toolchain portion of runtime path of "/home/robot/Documents/Grupo_pvsc_alas4_lopt_iams/Robotic_Arny/ros2_ws/install/omx_interfaces/lib/libomx_interfaces__rosidl_typesupport_cpp.so" to ""
-- Installing: /home/robot/Documents/Grupo_pvsc_alas4_lopt_iams/Robotic_Arny/ros2_ws/install/omx_interfaces/share/omx_interfaces/environment/pythonpath.sh
-- Installing: /home/robot/Documents/Grupo_pvsc_alas4_lopt_iams/Robotic_Arny/ros2_ws/install/omx_interfaces/share/omx_interfaces/environment/pythonpath.dsv
-- Installing: /home/robot/Documents/Grupo_pvsc_alas4_lopt_iams/Robotic_Arny/ros2_ws/install/omx_interfaces/lib/python3.12/site-packages/omx_interfaces-0.0.0-py3.12.egg-info
-- Installing: /home/robot/Documents/Grupo_pvsc_alas4_lopt_iams/Robotic_Arny/ros2_ws/install/omx_interfaces/lib/python3.12/site-packages/omx_interfaces-0.0.0-py3.12.egg-info/dependency_links.txt
-- Installing: /home/robot/Documents/Grupo_pvsc_alas4_lopt_iams/Robotic_Arny/ros2_ws/install/omx_interfaces/lib/python3.12/site-packages/omx_interfaces-0.0.0-py3.12.egg-info/SOURCES.txt
-- Installing: /home/robot/Documents/Grupo_pvsc_alas4_lopt_iams/Robotic_Arny/ros2_ws/install/omx_interfaces/lib/python3.12/site-packages/omx_interfaces-0.0.0-py3.12.egg-info/top_level.txt
-- Installing: /home/robot/Documents/Grupo_pvsc_alas4_lopt_iams/Robotic_Arny/ros2_ws/install/omx_interfaces/lib/python3.12/site-packages/omx_interfaces-0.0.0-py3.12.egg-info/PKG-INFO
-- Installing: /home/robot/Documents/Grupo_pvsc_alas4_lopt_iams/Robotic_Arny/ros2_ws/install/omx_interfaces/lib/python3.12/site-packages/omx_interfaces
-- Installing: /home/robot/Documents/Grupo_pvsc_alas4_lopt_iams/Robotic_Arny/ros2_ws/install/omx_interfaces/lib/python3.12/site-packages/omx_interfaces/srv
-- Installing: /home/robot/Documents/Grupo_pvsc_alas4_lopt_iams/Robotic_Arny/ros2_ws/install/omx_interfaces/lib/python3.12/site-packages/omx_interfaces/srv/__init__.py
-- Installing: /home/robot/Documents/Grupo_pvsc_alas4_lopt_iams/Robotic_Arny/ros2_ws/install/omx_interfaces/lib/python3.12/site-packages/omx_interfaces/srv/_set_gripper_s.c
-- Installing: /home/robot/Documents/Grupo_pvsc_alas4_lopt_iams/Robotic_Arny/ros2_ws/install/omx_interfaces/lib/python3.12/site-packages/omx_interfaces/srv/_execute_trajectory.py
-- Installing: /home/robot/Documents/Grupo_pvsc_alas4_lopt_iams/Robotic_Arny/ros2_ws/install/omx_interfaces/lib/python3.12/site-packages/omx_interfaces/srv/_set_gripper.py
-- Installing: /home/robot/Documents/Grupo_pvsc_alas4_lopt_iams/Robotic_Arny/ros2_ws/install/omx_interfaces/lib/python3.12/site-packages/omx_interfaces/srv/_execute_trajectory_s.c
-- Installing: /home/robot/Documents/Grupo_pvsc_alas4_lopt_iams/Robotic_Arny/ros2_ws/install/omx_interfaces/lib/python3.12/site-packages/omx_interfaces/srv/_generate_trajectory_s.c
-- Installing: /home/robot/Documents/Grupo_pvsc_alas4_lopt_iams/Robotic_Arny/ros2_ws/install/omx_interfaces/lib/python3.12/site-packages/omx_interfaces/srv/_generate_trajectory.py
-- Installing: /home/robot/Documents/Grupo_pvsc_alas4_lopt_iams/Robotic_Arny/ros2_ws/install/omx_interfaces/lib/python3.12/site-packages/omx_interfaces/__init__.py
-- Installing: /home/robot/Documents/Grupo_pvsc_alas4_lopt_iams/Robotic_Arny/ros2_ws/install/omx_interfaces/lib/python3.12/site-packages/omx_interfaces/omx_interfaces_s__rosidl_typesupport_c.so
-- Installing: /home/robot/Documents/Grupo_pvsc_alas4_lopt_iams/Robotic_Arny/ros2_ws/install/omx_interfaces/lib/python3.12/site-packages/omx_interfaces/_omx_interfaces_s.ep.rosidl_typesupport_c.c
-- Installing: /home/robot/Documents/Grupo_pvsc_alas4_lopt_iams/Robotic_Arny/ros2_ws/install/omx_interfaces/lib/python3.12/site-packages/omx_interfaces/omx_interfaces_s__rosidl_typesupport_fastrtps_c.so
-- Installing: /home/robot/Documents/Grupo_pvsc_alas4_lopt_iams/Robotic_Arny/ros2_ws/install/omx_interfaces/lib/python3.12/site-packages/omx_interfaces/_omx_interfaces_s.ep.rosidl_typesupport_fastrtps_c.c
-- Installing: /home/robot/Documents/Grupo_pvsc_alas4_lopt_iams/Robotic_Arny/ros2_ws/install/omx_interfaces/lib/python3.12/site-packages/omx_interfaces/_omx_interfaces_s.ep.rosidl_typesupport_introspection_c.c
-- Installing: /home/robot/Documents/Grupo_pvsc_alas4_lopt_iams/Robotic_Arny/ros2_ws/install/omx_interfaces/lib/python3.12/site-packages/omx_interfaces/omx_interfaces_s__rosidl_typesupport_introspection_c.so
Listing '/home/robot/Documents/Grupo_pvsc_alas4_lopt_iams/Robotic_Arny/ros2_ws/install/omx_interfaces/lib/python3.12/site-packages/omx_interfaces'...
Compiling '/home/robot/Documents/Grupo_pvsc_alas4_lopt_iams/Robotic_Arny/ros2_ws/install/omx_interfaces/lib/python3.12/site-packages/omx_interfaces/__init__.py'...
Listing '/home/robot/Documents/Grupo_pvsc_alas4_lopt_iams/Robotic_Arny/ros2_ws/install/omx_interfaces/lib/python3.12/site-packages/omx_interfaces/srv'...
Compiling '/home/robot/Documents/Grupo_pvsc_alas4_lopt_iams/Robotic_Arny/ros2_ws/install/omx_interfaces/lib/python3.12/site-packages/omx_interfaces/srv/__init__.py'...
Compiling '/home/robot/Documents/Grupo_pvsc_alas4_lopt_iams/Robotic_Arny/ros2_ws/install/omx_interfaces/lib/python3.12/site-packages/omx_interfaces/srv/_execute_trajectory.py'...
Compiling '/home/robot/Documents/Grupo_pvsc_alas4_lopt_iams/Robotic_Arny/ros2_ws/install/omx_interfaces/lib/python3.12/site-packages/omx_interfaces/srv/_generate_trajectory.py'...
Compiling '/home/robot/Documents/Grupo_pvsc_alas4_lopt_iams/Robotic_Arny/ros2_ws/install/omx_interfaces/lib/python3.12/site-packages/omx_interfaces/srv/_set_gripper.py'...
-- Installing: /home/robot/Documents/Grupo_pvsc_alas4_lopt_iams/Robotic_Arny/ros2_ws/install/omx_interfaces/lib/python3.12/site-packages/omx_interfaces/omx_interfaces_s__rosidl_typesupport_fastrtps_c.so
-- Set non-toolchain portion of runtime path of "/home/robot/Documents/Grupo_pvsc_alas4_lopt_iams/Robotic_Arny/ros2_ws/install/omx_interfaces/lib/python3.12/site-packages/omx_interfaces/omx_interfaces_s__rosidl_typesupport_fastrtps_c.so" to ""
-- Installing: /home/robot/Documents/Grupo_pvsc_alas4_lopt_iams/Robotic_Arny/ros2_ws/install/omx_interfaces/lib/python3.12/site-packages/omx_interfaces/omx_interfaces_s__rosidl_typesupport_introspection_c.so
-- Set non-toolchain portion of runtime path of "/home/robot/Documents/Grupo_pvsc_alas4_lopt_iams/Robotic_Arny/ros2_ws/install/omx_interfaces/lib/python3.12/site-packages/omx_interfaces/omx_interfaces_s__rosidl_typesupport_introspection_c.so" to ""
-- Installing: /home/robot/Documents/Grupo_pvsc_alas4_lopt_iams/Robotic_Arny/ros2_ws/install/omx_interfaces/lib/python3.12/site-packages/omx_interfaces/omx_interfaces_s__rosidl_typesupport_c.so
-- Set non-toolchain portion of runtime path of "/home/robot/Documents/Grupo_pvsc_alas4_lopt_iams/Robotic_Arny/ros2_ws/install/omx_interfaces/lib/python3.12/site-packages/omx_interfaces/omx_interfaces_s__rosidl_typesupport_c.so" to ""
-- Installing: /home/robot/Documents/Grupo_pvsc_alas4_lopt_iams/Robotic_Arny/ros2_ws/install/omx_interfaces/lib/libomx_interfaces__rosidl_generator_py.so
-- Set non-toolchain portion of runtime path of "/home/robot/Documents/Grupo_pvsc_alas4_lopt_iams/Robotic_Arny/ros2_ws/install/omx_interfaces/lib/libomx_interfaces__rosidl_generator_py.so" to ""
-- Installing: /home/robot/Documents/Grupo_pvsc_alas4_lopt_iams/Robotic_Arny/ros2_ws/install/omx_interfaces/share/ament_index/resource_index/rust_packages/omx_interfaces
-- Installing: /home/robot/Documents/Grupo_pvsc_alas4_lopt_iams/Robotic_Arny/ros2_ws/install/omx_interfaces/share/omx_interfaces/rust
-- Installing: /home/robot/Documents/Grupo_pvsc_alas4_lopt_iams/Robotic_Arny/ros2_ws/install/omx_interfaces/share/omx_interfaces/rust/Cargo.toml
-- Installing: /home/robot/Documents/Grupo_pvsc_alas4_lopt_iams/Robotic_Arny/ros2_ws/install/omx_interfaces/share/omx_interfaces/rust/build.rs
-- Installing: /home/robot/Documents/Grupo_pvsc_alas4_lopt_iams/Robotic_Arny/ros2_ws/install/omx_interfaces/share/omx_interfaces/rust/src
-- Installing: /home/robot/Documents/Grupo_pvsc_alas4_lopt_iams/Robotic_Arny/ros2_ws/install/omx_interfaces/share/omx_interfaces/rust/src/srv
-- Installing: /home/robot/Documents/Grupo_pvsc_alas4_lopt_iams/Robotic_Arny/ros2_ws/install/omx_interfaces/share/omx_interfaces/rust/src/srv/rmw.rs
-- Installing: /home/robot/Documents/Grupo_pvsc_alas4_lopt_iams/Robotic_Arny/ros2_ws/install/omx_interfaces/share/omx_interfaces/rust/src/srv.rs
-- Installing: /home/robot/Documents/Grupo_pvsc_alas4_lopt_iams/Robotic_Arny/ros2_ws/install/omx_interfaces/share/omx_interfaces/rust/src/lib.rs
-- Installing: /home/robot/Documents/Grupo_pvsc_alas4_lopt_iams/Robotic_Arny/ros2_ws/install/omx_interfaces/share/omx_interfaces/srv/GenerateTrajectory.idl
-- Installing: /home/robot/Documents/Grupo_pvsc_alas4_lopt_iams/Robotic_Arny/ros2_ws/install/omx_interfaces/share/omx_interfaces/srv/ExecuteTrajectory.idl
-- Installing: /home/robot/Documents/Grupo_pvsc_alas4_lopt_iams/Robotic_Arny/ros2_ws/install/omx_interfaces/share/omx_interfaces/srv/SetGripper.idl
-- Installing: /home/robot/Documents/Grupo_pvsc_alas4_lopt_iams/Robotic_Arny/ros2_ws/install/omx_interfaces/share/omx_interfaces/srv/GenerateTrajectory.srv
-- Installing: /home/robot/Documents/Grupo_pvsc_alas4_lopt_iams/Robotic_Arny/ros2_ws/install/omx_interfaces/share/omx_interfaces/srv/ExecuteTrajectory.srv
-- Installing: /home/robot/Documents/Grupo_pvsc_alas4_lopt_iams/Robotic_Arny/ros2_ws/install/omx_interfaces/share/omx_interfaces/srv/SetGripper.srv
-- Installing: /home/robot/Documents/Grupo_pvsc_alas4_lopt_iams/Robotic_Arny/ros2_ws/install/omx_interfaces/share/ament_index/resource_index/package_run_dependencies/omx_interfaces
-- Installing: /home/robot/Documents/Grupo_pvsc_alas4_lopt_iams/Robotic_Arny/ros2_ws/install/omx_interfaces/share/ament_index/resource_index/parent_prefix_path/omx_interfaces
-- Installing: /home/robot/Documents/Grupo_pvsc_alas4_lopt_iams/Robotic_Arny/ros2_ws/install/omx_interfaces/share/omx_interfaces/environment/ament_prefix_path.sh
-- Installing: /home/robot/Documents/Grupo_pvsc_alas4_lopt_iams/Robotic_Arny/ros2_ws/install/omx_interfaces/share/omx_interfaces/environment/ament_prefix_path.dsv
-- Installing: /home/robot/Documents/Grupo_pvsc_alas4_lopt_iams/Robotic_Arny/ros2_ws/install/omx_interfaces/share/omx_interfaces/environment/path.sh
-- Installing: /home/robot/Documents/Grupo_pvsc_alas4_lopt_iams/Robotic_Arny/ros2_ws/install/omx_interfaces/share/omx_interfaces/environment/path.dsv
-- Installing: /home/robot/Documents/Grupo_pvsc_alas4_lopt_iams/Robotic_Arny/ros2_ws/install/omx_interfaces/share/omx_interfaces/local_setup.bash
-- Installing: /home/robot/Documents/Grupo_pvsc_alas4_lopt_iams/Robotic_Arny/ros2_ws/install/omx_interfaces/share/omx_interfaces/local_setup.sh
-- Installing: /home/robot/Documents/Grupo_pvsc_alas4_lopt_iams/Robotic_Arny/ros2_ws/install/omx_interfaces/share/omx_interfaces/local_setup.zsh
-- Installing: /home/robot/Documents/Grupo_pvsc_alas4_lopt_iams/Robotic_Arny/ros2_ws/install/omx_interfaces/share/omx_interfaces/local_setup.dsv
-- Installing: /home/robot/Documents/Grupo_pvsc_alas4_lopt_iams/Robotic_Arny/ros2_ws/install/omx_interfaces/share/omx_interfaces/package.dsv
-- Installing: /home/robot/Documents/Grupo_pvsc_alas4_lopt_iams/Robotic_Arny/ros2_ws/install/omx_interfaces/share/ament_index/resource_index/packages/omx_interfaces
-- Installing: /home/robot/Documents/Grupo_pvsc_alas4_lopt_iams/Robotic_Arny/ros2_ws/install/omx_interfaces/share/omx_interfaces/cmake/export_omx_interfaces__rosidl_generator_cExport.cmake
-- Installing: /home/robot/Documents/Grupo_pvsc_alas4_lopt_iams/Robotic_Arny/ros2_ws/install/omx_interfaces/share/omx_interfaces/cmake/export_omx_interfaces__rosidl_generator_cExport-noconfig.cmake
-- Installing: /home/robot/Documents/Grupo_pvsc_alas4_lopt_iams/Robotic_Arny/ros2_ws/install/omx_interfaces/share/omx_interfaces/cmake/export_omx_interfaces__rosidl_typesupport_fastrtps_cExport.cmake
-- Installing: /home/robot/Documents/Grupo_pvsc_alas4_lopt_iams/Robotic_Arny/ros2_ws/install/omx_interfaces/share/omx_interfaces/cmake/export_omx_interfaces__rosidl_typesupport_fastrtps_cExport-noconfig.cmake
-- Installing: /home/robot/Documents/Grupo_pvsc_alas4_lopt_iams/Robotic_Arny/ros2_ws/install/omx_interfaces/share/omx_interfaces/cmake/omx_interfaces__rosidl_typesupport_introspection_cExport.cmake
-- Installing: /home/robot/Documents/Grupo_pvsc_alas4_lopt_iams/Robotic_Arny/ros2_ws/install/omx_interfaces/share/omx_interfaces/cmake/omx_interfaces__rosidl_typesupport_introspection_cExport-noconfig.cmake
-- Installing: /home/robot/Documents/Grupo_pvsc_alas4_lopt_iams/Robotic_Arny/ros2_ws/install/omx_interfaces/share/omx_interfaces/cmake/omx_interfaces__rosidl_typesupport_cExport.cmake
-- Installing: /home/robot/Documents/Grupo_pvsc_alas4_lopt_iams/Robotic_Arny/ros2_ws/install/omx_interfaces/share/omx_interfaces/cmake/omx_interfaces__rosidl_typesupport_cExport-noconfig.cmake
-- Installing: /home/robot/Documents/Grupo_pvsc_alas4_lopt_iams/Robotic_Arny/ros2_ws/install/omx_interfaces/share/omx_interfaces/cmake/export_omx_interfaces__rosidl_generator_cppExport.cmake
-- Installing: /home/robot/Documents/Grupo_pvsc_alas4_lopt_iams/Robotic_Arny/ros2_ws/install/omx_interfaces/share/omx_interfaces/cmake/export_omx_interfaces__rosidl_typesupport_fastrtps_cppExport.cmake
-- Installing: /home/robot/Documents/Grupo_pvsc_alas4_lopt_iams/Robotic_Arny/ros2_ws/install/omx_interfaces/share/omx_interfaces/cmake/export_omx_interfaces__rosidl_typesupport_fastrtps_cppExport-noconfig.cmake
-- Installing: /home/robot/Documents/Grupo_pvsc_alas4_lopt_iams/Robotic_Arny/ros2_ws/install/omx_interfaces/share/omx_interfaces/cmake/omx_interfaces__rosidl_typesupport_introspection_cppExport.cmake
-- Installing: /home/robot/Documents/Grupo_pvsc_alas4_lopt_iams/Robotic_Arny/ros2_ws/install/omx_interfaces/share/omx_interfaces/cmake/omx_interfaces__rosidl_typesupport_introspection_cppExport-noconfig.cmake
-- Installing: /home/robot/Documents/Grupo_pvsc_alas4_lopt_iams/Robotic_Arny/ros2_ws/install/omx_interfaces/share/omx_interfaces/cmake/omx_interfaces__rosidl_typesupport_cppExport.cmake
-- Installing: /home/robot/Documents/Grupo_pvsc_alas4_lopt_iams/Robotic_Arny/ros2_ws/install/omx_interfaces/share/omx_interfaces/cmake/omx_interfaces__rosidl_typesupport_cppExport-noconfig.cmake
-- Installing: /home/robot/Documents/Grupo_pvsc_alas4_lopt_iams/Robotic_Arny/ros2_ws/install/omx_interfaces/share/omx_interfaces/cmake/export_omx_interfaces__rosidl_generator_pyExport.cmake
-- Installing: /home/robot/Documents/Grupo_pvsc_alas4_lopt_iams/Robotic_Arny/ros2_ws/install/omx_interfaces/share/omx_interfaces/cmake/export_omx_interfaces__rosidl_generator_pyExport-noconfig.cmake
-- Installing: /home/robot/Documents/Grupo_pvsc_alas4_lopt_iams/Robotic_Arny/ros2_ws/install/omx_interfaces/share/omx_interfaces/cmake/rosidl_cmake-extras.cmake
-- Installing: /home/robot/Documents/Grupo_pvsc_alas4_lopt_iams/Robotic_Arny/ros2_ws/install/omx_interfaces/share/omx_interfaces/cmake/ament_cmake_export_dependencies-extras.cmake
-- Installing: /home/robot/Documents/Grupo_pvsc_alas4_lopt_iams/Robotic_Arny/ros2_ws/install/omx_interfaces/share/omx_interfaces/cmake/ament_cmake_export_include_directories-extras.cmake
-- Installing: /home/robot/Documents/Grupo_pvsc_alas4_lopt_iams/Robotic_Arny/ros2_ws/install/omx_interfaces/share/omx_interfaces/cmake/ament_cmake_export_libraries-extras.cmake
-- Installing: /home/robot/Documents/Grupo_pvsc_alas4_lopt_iams/Robotic_Arny/ros2_ws/install/omx_interfaces/share/omx_interfaces/cmake/ament_cmake_export_targets-extras.cmake
-- Installing: /home/robot/Documents/Grupo_pvsc_alas4_lopt_iams/Robotic_Arny/ros2_ws/install/omx_interfaces/share/omx_interfaces/cmake/rosidl_cmake_export_typesupport_targets-extras.cmake
-- Installing: /home/robot/Documents/Grupo_pvsc_alas4_lopt_iams/Robotic_Arny/ros2_ws/install/omx_interfaces/share/omx_interfaces/cmake/rosidl_cmake_export_typesupport_libraries-extras.cmake
-- Installing: /home/robot/Documents/Grupo_pvsc_alas4_lopt_iams/Robotic_Arny/ros2_ws/install/omx_interfaces/share/omx_interfaces/cmake/omx_interfacesConfig.cmake
-- Installing: /home/robot/Documents/Grupo_pvsc_alas4_lopt_iams/Robotic_Arny/ros2_ws/install/omx_interfaces/share/omx_interfaces/cmake/omx_interfacesConfig-version.cmake
-- Installing: /home/robot/Documents/Grupo_pvsc_alas4_lopt_iams/Robotic_Arny/ros2_ws/install/omx_interfaces/share/omx_interfaces/package.xml
