[0.009s] Invoking command in '/home/robot/Documents/Grupo_pvsc_alas4_lopt_iams/Robotic_Arny/ros2_ws/build/omx_interfaces': CMAKE_PREFIX_PATH=${CMAKE_PREFIX_PATH}:/home/robot/Documents/Grupo_pvsc_alas4_lopt_iams/Robotic_Arny/ros2_ws/install/omx_ros2:/opt/ros/jazzy DEBUGINFOD_URLS=https://debuginfod.ubuntu.com PS1=(venv_omx) \[\e]0;\u@\h: \w\a\]${debian_chroot:+($debian_chroot)}\[\033[01;32m\]\u@\h\[\033[00m\]:\[\033[01;34m\]\w\[\033[00m\]\$ VIRTUAL_ENV_PROMPT=(venv_omx) /usr/bin/cmake /home/robot/Documents/Grupo_pvsc_alas4_lopt_iams/Robotic_Arny/ros2_ws/src/omx_interfaces -DCMAKE_INSTALL_PREFIX=/home/robot/Documents/Grupo_pvsc_alas4_lopt_iams/Robotic_Arny/ros2_ws/install/omx_interfaces
[0.021s] -- Found ament_cmake: 2.5.6 (/opt/ros/jazzy/share/ament_cmake/cmake)
[0.165s] -- Found rosidl_default_generators: 1.6.0 (/opt/ros/jazzy/share/rosidl_default_generators/cmake)
[0.166s] -- Using all available rosidl_typesupport_c: rosidl_typesupport_fastrtps_c;rosidl_typesupport_introspection_c
[0.193s] -- Using all available rosidl_typesupport_cpp: rosidl_typesupport_fastrtps_cpp;rosidl_typesupport_introspection_cpp
[0.218s] -- Found rosidl_adapter: 4.6.7 (/opt/ros/jazzy/share/rosidl_adapter/cmake)
[0.220s] -- Found std_msgs: 5.3.7 (/opt/ros/jazzy/share/std_msgs/cmake)
[0.242s] -- Found trajectory_msgs: 5.3.7 (/opt/ros/jazzy/share/trajectory_msgs/cmake)
[0.746s] -- Found ament_cmake_ros: 0.12.0 (/opt/ros/jazzy/share/ament_cmake_ros/cmake)
[1.089s] -- Using all available rosidl_typesupport_c: rosidl_typesupport_fastrtps_c;rosidl_typesupport_introspection_c
[1.545s] -- Using all available rosidl_typesupport_cpp: rosidl_typesupport_fastrtps_cpp;rosidl_typesupport_introspection_cpp
[1.549s] -- Found python_cmake_module: 0.11.1 (/opt/ros/jazzy/share/python_cmake_module/cmake)
[1.638s] -- Found PythonExtra: /home/robot/venv_omx/bin/python3  
[2.004s] -- Found Python3: /home/robot/venv_omx/bin/python3 (found version "3.12.3") found components: Interpreter Development NumPy Development.Module Development.Embed 
[2.096s] -- Found Python3: /home/robot/venv_omx/bin/python3 (found version "3.12.3") found components: Interpreter 
[2.105s] -- Configuring done (2.1s)
[2.147s] -- Generating done (0.0s)
[2.159s] -- Build files have been written to: /home/robot/Documents/Grupo_pvsc_alas4_lopt_iams/Robotic_Arny/ros2_ws/build/omx_interfaces
[2.167s] Invoked command in '/home/robot/Documents/Grupo_pvsc_alas4_lopt_iams/Robotic_Arny/ros2_ws/build/omx_interfaces' returned '0': CMAKE_PREFIX_PATH=${CMAKE_PREFIX_PATH}:/home/robot/Documents/Grupo_pvsc_alas4_lopt_iams/Robotic_Arny/ros2_ws/install/omx_ros2:/opt/ros/jazzy DEBUGINFOD_URLS=https://debuginfod.ubuntu.com PS1=(venv_omx) \[\e]0;\u@\h: \w\a\]${debian_chroot:+($debian_chroot)}\[\033[01;32m\]\u@\h\[\033[00m\]:\[\033[01;34m\]\w\[\033[00m\]\$ VIRTUAL_ENV_PROMPT=(venv_omx) /usr/bin/cmake /home/robot/Documents/Grupo_pvsc_alas4_lopt_iams/Robotic_Arny/ros2_ws/src/omx_interfaces -DCMAKE_INSTALL_PREFIX=/home/robot/Documents/Grupo_pvsc_alas4_lopt_iams/Robotic_Arny/ros2_ws/install/omx_interfaces
[2.169s] Invoking command in '/home/robot/Documents/Grupo_pvsc_alas4_lopt_iams/Robotic_Arny/ros2_ws/build/omx_interfaces': CMAKE_PREFIX_PATH=${CMAKE_PREFIX_PATH}:/home/robot/Documents/Grupo_pvsc_alas4_lopt_iams/Robotic_Arny/ros2_ws/install/omx_ros2:/opt/ros/jazzy DEBUGINFOD_URLS=https://debuginfod.ubuntu.com PS1=(venv_omx) \[\e]0;\u@\h: \w\a\]${debian_chroot:+($debian_chroot)}\[\033[01;32m\]\u@\h\[\033[00m\]:\[\033[01;34m\]\w\[\033[00m\]\$ VIRTUAL_ENV_PROMPT=(venv_omx) /usr/bin/cmake --build /home/robot/Documents/Grupo_pvsc_alas4_lopt_iams/Robotic_Arny/ros2_ws/build/omx_interfaces -- -j12 -l12
[2.213s] [  3%] [34m[1mGenerating Rust code for ROS interfaces[0m
[2.213s] [  3%] [34m[1mGenerating type hashes for ROS interfaces[0m
[2.220s] [  3%] Built target ament_cmake_python_copy_omx_interfaces
[2.403s] running egg_info
[2.414s] creating omx_interfaces.egg-info
[2.414s] writing omx_interfaces.egg-info/PKG-INFO
[2.414s] writing dependency_links to omx_interfaces.egg-info/dependency_links.txt
[2.415s] writing top-level names to omx_interfaces.egg-info/top_level.txt
[2.415s] writing manifest file 'omx_interfaces.egg-info/SOURCES.txt'
[2.442s] [  3%] Built target omx_interfaces__rosidl_generator_type_description
[2.447s] reading manifest file 'omx_interfaces.egg-info/SOURCES.txt'
[2.447s] writing manifest file 'omx_interfaces.egg-info/SOURCES.txt'
[2.451s] [  5%] [34m[1mGenerating C code for ROS interfaces[0m
[2.460s] [  7%] Built target omx_interfaces__rs
[2.460s] [  7%] [34m[1mGenerating C++ code for ROS interfaces[0m
[2.484s] [  7%] Built target ament_cmake_python_build_omx_interfaces_egg
[2.827s] [  7%] Built target omx_interfaces__cpp
[2.884s] [ 16%] [32mBuilding C object CMakeFiles/omx_interfaces__rosidl_generator_c.dir/rosidl_generator_c/omx_interfaces/srv/detail/execute_trajectory__functions.c.o[0m
[2.884s] [ 16%] [32mBuilding C object CMakeFiles/omx_interfaces__rosidl_generator_c.dir/rosidl_generator_c/omx_interfaces/srv/detail/generate_trajectory__functions.c.o[0m
[2.884s] [ 16%] [32mBuilding C object CMakeFiles/omx_interfaces__rosidl_generator_c.dir/rosidl_generator_c/omx_interfaces/srv/detail/execute_trajectory__description.c.o[0m
[2.884s] [ 16%] [32mBuilding C object CMakeFiles/omx_interfaces__rosidl_generator_c.dir/rosidl_generator_c/omx_interfaces/srv/detail/set_gripper__type_support.c.o[0m
[2.884s] [ 16%] [32mBuilding C object CMakeFiles/omx_interfaces__rosidl_generator_c.dir/rosidl_generator_c/omx_interfaces/srv/detail/generate_trajectory__type_support.c.o[0m
[2.884s] [ 18%] [32mBuilding C object CMakeFiles/omx_interfaces__rosidl_generator_c.dir/rosidl_generator_c/omx_interfaces/srv/detail/set_gripper__functions.c.o[0m
[2.884s] [ 20%] [32mBuilding C object CMakeFiles/omx_interfaces__rosidl_generator_c.dir/rosidl_generator_c/omx_interfaces/srv/detail/execute_trajectory__type_support.c.o[0m
[2.885s] [ 21%] [32mBuilding C object CMakeFiles/omx_interfaces__rosidl_generator_c.dir/rosidl_generator_c/omx_interfaces/srv/detail/set_gripper__description.c.o[0m
[2.885s] [ 23%] [32mBuilding C object CMakeFiles/omx_interfaces__rosidl_generator_c.dir/rosidl_generator_c/omx_interfaces/srv/detail/generate_trajectory__description.c.o[0m
[2.968s] [ 25%] [32m[1mLinking C shared library libomx_interfaces__rosidl_generator_c.so[0m
[3.004s] [ 25%] Built target omx_interfaces__rosidl_generator_c
[3.016s] [ 34%] [34m[1mGenerating C++ type support dispatch for ROS interfaces[0m
[3.016s] [ 34%] [34m[1mGenerating C introspection for ROS interfaces[0m
[3.016s] [ 34%] [34m[1mGenerating C++ introspection for ROS interfaces[0m
[3.016s] [ 34%] [34m[1mGenerating C type support for eProsima Fast-RTPS[0m
[3.016s] [ 34%] [34m[1mGenerating C type support dispatch for ROS interfaces[0m
[3.016s] [ 36%] [34m[1mGenerating C++ type support for eProsima Fast-RTPS[0m
[3.362s] [ 41%] [32mBuilding CXX object CMakeFiles/omx_interfaces__rosidl_typesupport_c.dir/rosidl_typesupport_c/omx_interfaces/srv/set_gripper__type_support.cpp.o[0m
[3.362s] [ 41%] [32mBuilding CXX object CMakeFiles/omx_interfaces__rosidl_typesupport_c.dir/rosidl_typesupport_c/omx_interfaces/srv/generate_trajectory__type_support.cpp.o[0m
[3.363s] [ 41%] [32mBuilding CXX object CMakeFiles/omx_interfaces__rosidl_typesupport_c.dir/rosidl_typesupport_c/omx_interfaces/srv/execute_trajectory__type_support.cpp.o[0m
[3.363s] [ 43%] [32mBuilding CXX object CMakeFiles/omx_interfaces__rosidl_typesupport_cpp.dir/rosidl_typesupport_cpp/omx_interfaces/srv/generate_trajectory__type_support.cpp.o[0m
[3.366s] [ 47%] [32mBuilding CXX object CMakeFiles/omx_interfaces__rosidl_typesupport_cpp.dir/rosidl_typesupport_cpp/omx_interfaces/srv/execute_trajectory__type_support.cpp.o[0m
[3.366s] [ 47%] [32mBuilding CXX object CMakeFiles/omx_interfaces__rosidl_typesupport_cpp.dir/rosidl_typesupport_cpp/omx_interfaces/srv/set_gripper__type_support.cpp.o[0m
[3.443s] [ 49%] [32mBuilding CXX object CMakeFiles/omx_interfaces__rosidl_typesupport_introspection_cpp.dir/rosidl_typesupport_introspection_cpp/omx_interfaces/srv/detail/execute_trajectory__type_support.cpp.o[0m
[3.444s] [ 50%] [32m[1mLinking CXX shared library libomx_interfaces__rosidl_typesupport_c.so[0m
[3.445s] [ 52%] [32mBuilding CXX object CMakeFiles/omx_interfaces__rosidl_typesupport_introspection_cpp.dir/rosidl_typesupport_introspection_cpp/omx_interfaces/srv/detail/generate_trajectory__type_support.cpp.o[0m
[3.445s] [ 54%] [32mBuilding CXX object CMakeFiles/omx_interfaces__rosidl_typesupport_introspection_cpp.dir/rosidl_typesupport_introspection_cpp/omx_interfaces/srv/detail/set_gripper__type_support.cpp.o[0m
[3.470s] [ 60%] [32mBuilding C object CMakeFiles/omx_interfaces__rosidl_typesupport_introspection_c.dir/rosidl_typesupport_introspection_c/omx_interfaces/srv/detail/execute_trajectory__type_support.c.o[0m
[3.470s] [ 60%] [32mBuilding C object CMakeFiles/omx_interfaces__rosidl_typesupport_introspection_c.dir/rosidl_typesupport_introspection_c/omx_interfaces/srv/detail/generate_trajectory__type_support.c.o[0m
[3.471s] [ 60%] [32mBuilding C object CMakeFiles/omx_interfaces__rosidl_typesupport_introspection_c.dir/rosidl_typesupport_introspection_c/omx_interfaces/srv/detail/set_gripper__type_support.c.o[0m
[3.518s] [ 60%] Built target omx_interfaces__rosidl_typesupport_c
[3.556s] [ 61%] [32m[1mLinking C shared library libomx_interfaces__rosidl_typesupport_introspection_c.so[0m
[3.622s] [ 61%] Built target omx_interfaces__rosidl_typesupport_introspection_c
[3.657s] [ 67%] [32mBuilding CXX object CMakeFiles/omx_interfaces__rosidl_typesupport_fastrtps_cpp.dir/rosidl_typesupport_fastrtps_cpp/omx_interfaces/srv/detail/dds_fastrtps/set_gripper__type_support.cpp.o[0m
[3.658s] [ 67%] [32mBuilding CXX object CMakeFiles/omx_interfaces__rosidl_typesupport_fastrtps_cpp.dir/rosidl_typesupport_fastrtps_cpp/omx_interfaces/srv/detail/dds_fastrtps/generate_trajectory__type_support.cpp.o[0m
[3.658s] [ 67%] [32mBuilding CXX object CMakeFiles/omx_interfaces__rosidl_typesupport_fastrtps_cpp.dir/rosidl_typesupport_fastrtps_cpp/omx_interfaces/srv/detail/dds_fastrtps/execute_trajectory__type_support.cpp.o[0m
[3.664s] [ 72%] [32mBuilding CXX object CMakeFiles/omx_interfaces__rosidl_typesupport_fastrtps_c.dir/rosidl_typesupport_fastrtps_c/omx_interfaces/srv/detail/execute_trajectory__type_support_c.cpp.o[0m
[3.664s] [ 72%] [32mBuilding CXX object CMakeFiles/omx_interfaces__rosidl_typesupport_fastrtps_c.dir/rosidl_typesupport_fastrtps_c/omx_interfaces/srv/detail/set_gripper__type_support_c.cpp.o[0m
[3.664s] [ 72%] [32mBuilding CXX object CMakeFiles/omx_interfaces__rosidl_typesupport_fastrtps_c.dir/rosidl_typesupport_fastrtps_c/omx_interfaces/srv/detail/generate_trajectory__type_support_c.cpp.o[0m
[4.172s] [ 74%] [32m[1mLinking CXX shared library libomx_interfaces__rosidl_typesupport_cpp.so[0m
[4.346s] [ 74%] Built target omx_interfaces__rosidl_typesupport_cpp
[4.386s] [ 76%] [32m[1mLinking CXX shared library libomx_interfaces__rosidl_typesupport_introspection_cpp.so[0m
[4.410s] [ 78%] [32m[1mLinking CXX shared library libomx_interfaces__rosidl_typesupport_fastrtps_c.so[0m
[4.491s] [ 78%] Built target omx_interfaces__rosidl_typesupport_introspection_cpp
[4.504s] [ 78%] Built target omx_interfaces__rosidl_typesupport_fastrtps_c
[4.632s] [ 80%] [32m[1mLinking CXX shared library libomx_interfaces__rosidl_typesupport_fastrtps_cpp.so[0m
[4.698s] [ 80%] Built target omx_interfaces__rosidl_typesupport_fastrtps_cpp
[4.715s] [ 80%] Built target omx_interfaces
[4.734s] [ 81%] [34m[1mGenerating Python code for ROS interfaces[0m
[5.313s] [ 81%] Built target omx_interfaces__py
[5.332s] [ 87%] [32mBuilding C object CMakeFiles/omx_interfaces__rosidl_generator_py.dir/rosidl_generator_py/omx_interfaces/srv/_set_gripper_s.c.o[0m
[5.332s] [ 87%] [32mBuilding C object CMakeFiles/omx_interfaces__rosidl_generator_py.dir/rosidl_generator_py/omx_interfaces/srv/_generate_trajectory_s.c.o[0m
[5.332s] [ 87%] [32mBuilding C object CMakeFiles/omx_interfaces__rosidl_generator_py.dir/rosidl_generator_py/omx_interfaces/srv/_execute_trajectory_s.c.o[0m
[5.485s] [ 89%] [32m[1mLinking C shared library libomx_interfaces__rosidl_generator_py.so[0m
[5.529s] [ 89%] Built target omx_interfaces__rosidl_generator_py
[5.545s] [ 94%] [32mBuilding C object CMakeFiles/omx_interfaces_s__rosidl_typesupport_fastrtps_c.dir/rosidl_generator_py/omx_interfaces/_omx_interfaces_s.ep.rosidl_typesupport_fastrtps_c.c.o[0m
[5.545s] [ 94%] [32mBuilding C object CMakeFiles/omx_interfaces_s__rosidl_typesupport_c.dir/rosidl_generator_py/omx_interfaces/_omx_interfaces_s.ep.rosidl_typesupport_c.c.o[0m
[5.546s] [ 94%] [32mBuilding C object CMakeFiles/omx_interfaces_s__rosidl_typesupport_introspection_c.dir/rosidl_generator_py/omx_interfaces/_omx_interfaces_s.ep.rosidl_typesupport_introspection_c.c.o[0m
[5.652s] [ 98%] [32m[1mLinking C shared module rosidl_generator_py/omx_interfaces/omx_interfaces_s__rosidl_typesupport_c.so[0m
[5.652s] [ 98%] [32m[1mLinking C shared module rosidl_generator_py/omx_interfaces/omx_interfaces_s__rosidl_typesupport_introspection_c.so[0m
[5.654s] [100%] [32m[1mLinking C shared module rosidl_generator_py/omx_interfaces/omx_interfaces_s__rosidl_typesupport_fastrtps_c.so[0m
[5.681s] [100%] Built target omx_interfaces_s__rosidl_typesupport_introspection_c
[5.681s] [100%] Built target omx_interfaces_s__rosidl_typesupport_c
[5.681s] [100%] Built target omx_interfaces_s__rosidl_typesupport_fastrtps_c
[5.691s] Invoked command in '/home/robot/Documents/Grupo_pvsc_alas4_lopt_iams/Robotic_Arny/ros2_ws/build/omx_interfaces' returned '0': CMAKE_PREFIX_PATH=${CMAKE_PREFIX_PATH}:/home/robot/Documents/Grupo_pvsc_alas4_lopt_iams/Robotic_Arny/ros2_ws/install/omx_ros2:/opt/ros/jazzy DEBUGINFOD_URLS=https://debuginfod.ubuntu.com PS1=(venv_omx) \[\e]0;\u@\h: \w\a\]${debian_chroot:+($debian_chroot)}\[\033[01;32m\]\u@\h\[\033[00m\]:\[\033[01;34m\]\w\[\033[00m\]\$ VIRTUAL_ENV_PROMPT=(venv_omx) /usr/bin/cmake --build /home/robot/Documents/Grupo_pvsc_alas4_lopt_iams/Robotic_Arny/ros2_ws/build/omx_interfaces -- -j12 -l12
[5.699s] Invoking command in '/home/robot/Documents/Grupo_pvsc_alas4_lopt_iams/Robotic_Arny/ros2_ws/build/omx_interfaces': CMAKE_PREFIX_PATH=${CMAKE_PREFIX_PATH}:/home/robot/Documents/Grupo_pvsc_alas4_lopt_iams/Robotic_Arny/ros2_ws/install/omx_ros2:/opt/ros/jazzy DEBUGINFOD_URLS=https://debuginfod.ubuntu.com PS1=(venv_omx) \[\e]0;\u@\h: \w\a\]${debian_chroot:+($debian_chroot)}\[\033[01;32m\]\u@\h\[\033[00m\]:\[\033[01;34m\]\w\[\033[00m\]\$ VIRTUAL_ENV_PROMPT=(venv_omx) /usr/bin/cmake --install /home/robot/Documents/Grupo_pvsc_alas4_lopt_iams/Robotic_Arny/ros2_ws/build/omx_interfaces
[5.706s] -- Install configuration: ""
[5.706s] -- Installing: /home/robot/Documents/Grupo_pvsc_alas4_lopt_iams/Robotic_Arny/ros2_ws/install/omx_interfaces/share/ament_index/resource_index/rosidl_interfaces/omx_interfaces
[5.706s] -- Installing: /home/robot/Documents/Grupo_pvsc_alas4_lopt_iams/Robotic_Arny/ros2_ws/install/omx_interfaces/share/omx_interfaces/srv/GenerateTrajectory.json
[5.706s] -- Installing: /home/robot/Documents/Grupo_pvsc_alas4_lopt_iams/Robotic_Arny/ros2_ws/install/omx_interfaces/share/omx_interfaces/srv/ExecuteTrajectory.json
[5.706s] -- Installing: /home/robot/Documents/Grupo_pvsc_alas4_lopt_iams/Robotic_Arny/ros2_ws/install/omx_interfaces/share/omx_interfaces/srv/SetGripper.json
[5.706s] -- Installing: /home/robot/Documents/Grupo_pvsc_alas4_lopt_iams/Robotic_Arny/ros2_ws/install/omx_interfaces/include/omx_interfaces/omx_interfaces
[5.706s] -- Installing: /home/robot/Documents/Grupo_pvsc_alas4_lopt_iams/Robotic_Arny/ros2_ws/install/omx_interfaces/include/omx_interfaces/omx_interfaces/srv
[5.707s] -- Installing: /home/robot/Documents/Grupo_pvsc_alas4_lopt_iams/Robotic_Arny/ros2_ws/install/omx_interfaces/include/omx_interfaces/omx_interfaces/srv/generate_trajectory.h
[5.707s] -- Installing: /home/robot/Documents/Grupo_pvsc_alas4_lopt_iams/Robotic_Arny/ros2_ws/install/omx_interfaces/include/omx_interfaces/omx_interfaces/srv/execute_trajectory.h
[5.707s] -- Installing: /home/robot/Documents/Grupo_pvsc_alas4_lopt_iams/Robotic_Arny/ros2_ws/install/omx_interfaces/include/omx_interfaces/omx_interfaces/srv/detail
[5.707s] -- Installing: /home/robot/Documents/Grupo_pvsc_alas4_lopt_iams/Robotic_Arny/ros2_ws/install/omx_interfaces/include/omx_interfaces/omx_interfaces/srv/detail/generate_trajectory__struct.h
[5.707s] -- Installing: /home/robot/Documents/Grupo_pvsc_alas4_lopt_iams/Robotic_Arny/ros2_ws/install/omx_interfaces/include/omx_interfaces/omx_interfaces/srv/detail/set_gripper__functions.c
[5.707s] -- Installing: /home/robot/Documents/Grupo_pvsc_alas4_lopt_iams/Robotic_Arny/ros2_ws/install/omx_interfaces/include/omx_interfaces/omx_interfaces/srv/detail/generate_trajectory__type_support.c
[5.707s] -- Installing: /home/robot/Documents/Grupo_pvsc_alas4_lopt_iams/Robotic_Arny/ros2_ws/install/omx_interfaces/include/omx_interfaces/omx_interfaces/srv/detail/execute_trajectory__type_support.h
[5.707s] -- Installing: /home/robot/Documents/Grupo_pvsc_alas4_lopt_iams/Robotic_Arny/ros2_ws/install/omx_interfaces/include/omx_interfaces/omx_interfaces/srv/detail/execute_trajectory__functions.h
[5.708s] -- Installing: /home/robot/Documents/Grupo_pvsc_alas4_lopt_iams/Robotic_Arny/ros2_ws/install/omx_interfaces/include/omx_interfaces/omx_interfaces/srv/detail/generate_trajectory__description.c
[5.708s] -- Installing: /home/robot/Documents/Grupo_pvsc_alas4_lopt_iams/Robotic_Arny/ros2_ws/install/omx_interfaces/include/omx_interfaces/omx_interfaces/srv/detail/generate_trajectory__type_support.h
[5.708s] -- Installing: /home/robot/Documents/Grupo_pvsc_alas4_lopt_iams/Robotic_Arny/ros2_ws/install/omx_interfaces/include/omx_interfaces/omx_interfaces/srv/detail/set_gripper__description.c
[5.708s] -- Installing: /home/robot/Documents/Grupo_pvsc_alas4_lopt_iams/Robotic_Arny/ros2_ws/install/omx_interfaces/include/omx_interfaces/omx_interfaces/srv/detail/execute_trajectory__description.c
[5.708s] -- Installing: /home/robot/Documents/Grupo_pvsc_alas4_lopt_iams/Robotic_Arny/ros2_ws/install/omx_interfaces/include/omx_interfaces/omx_interfaces/srv/detail/execute_trajectory__struct.h
[5.708s] -- Installing: /home/robot/Documents/Grupo_pvsc_alas4_lopt_iams/Robotic_Arny/ros2_ws/install/omx_interfaces/include/omx_interfaces/omx_interfaces/srv/detail/generate_trajectory__functions.c
[5.708s] -- Installing: /home/robot/Documents/Grupo_pvsc_alas4_lopt_iams/Robotic_Arny/ros2_ws/install/omx_interfaces/include/omx_interfaces/omx_interfaces/srv/detail/generate_trajectory__functions.h
[5.708s] -- Installing: /home/robot/Documents/Grupo_pvsc_alas4_lopt_iams/Robotic_Arny/ros2_ws/install/omx_interfaces/include/omx_interfaces/omx_interfaces/srv/detail/set_gripper__functions.h
[5.709s] -- Installing: /home/robot/Documents/Grupo_pvsc_alas4_lopt_iams/Robotic_Arny/ros2_ws/install/omx_interfaces/include/omx_interfaces/omx_interfaces/srv/detail/execute_trajectory__functions.c
[5.709s] -- Installing: /home/robot/Documents/Grupo_pvsc_alas4_lopt_iams/Robotic_Arny/ros2_ws/install/omx_interfaces/include/omx_interfaces/omx_interfaces/srv/detail/execute_trajectory__type_support.c
[5.709s] -- Installing: /home/robot/Documents/Grupo_pvsc_alas4_lopt_iams/Robotic_Arny/ros2_ws/install/omx_interfaces/include/omx_interfaces/omx_interfaces/srv/detail/set_gripper__struct.h
[5.709s] -- Installing: /home/robot/Documents/Grupo_pvsc_alas4_lopt_iams/Robotic_Arny/ros2_ws/install/omx_interfaces/include/omx_interfaces/omx_interfaces/srv/detail/set_gripper__type_support.h
[5.709s] -- Installing: /home/robot/Documents/Grupo_pvsc_alas4_lopt_iams/Robotic_Arny/ros2_ws/install/omx_interfaces/include/omx_interfaces/omx_interfaces/srv/detail/set_gripper__type_support.c
[5.709s] -- Installing: /home/robot/Documents/Grupo_pvsc_alas4_lopt_iams/Robotic_Arny/ros2_ws/install/omx_interfaces/include/omx_interfaces/omx_interfaces/srv/set_gripper.h
[5.709s] -- Installing: /home/robot/Documents/Grupo_pvsc_alas4_lopt_iams/Robotic_Arny/ros2_ws/install/omx_interfaces/include/omx_interfaces/omx_interfaces/msg
[5.709s] -- Installing: /home/robot/Documents/Grupo_pvsc_alas4_lopt_iams/Robotic_Arny/ros2_ws/install/omx_interfaces/include/omx_interfaces/omx_interfaces/msg/rosidl_generator_c__visibility_control.h
[5.710s] -- Installing: /home/robot/Documents/Grupo_pvsc_alas4_lopt_iams/Robotic_Arny/ros2_ws/install/omx_interfaces/share/omx_interfaces/environment/library_path.sh
[5.710s] -- Installing: /home/robot/Documents/Grupo_pvsc_alas4_lopt_iams/Robotic_Arny/ros2_ws/install/omx_interfaces/share/omx_interfaces/environment/library_path.dsv
[5.710s] -- Installing: /home/robot/Documents/Grupo_pvsc_alas4_lopt_iams/Robotic_Arny/ros2_ws/install/omx_interfaces/lib/libomx_interfaces__rosidl_generator_c.so
[5.710s] -- Set non-toolchain portion of runtime path of "/home/robot/Documents/Grupo_pvsc_alas4_lopt_iams/Robotic_Arny/ros2_ws/install/omx_interfaces/lib/libomx_interfaces__rosidl_generator_c.so" to ""
[5.711s] -- Up-to-date: /home/robot/Documents/Grupo_pvsc_alas4_lopt_iams/Robotic_Arny/ros2_ws/install/omx_interfaces/include/omx_interfaces/omx_interfaces
[5.711s] -- Up-to-date: /home/robot/Documents/Grupo_pvsc_alas4_lopt_iams/Robotic_Arny/ros2_ws/install/omx_interfaces/include/omx_interfaces/omx_interfaces/srv
[5.711s] -- Up-to-date: /home/robot/Documents/Grupo_pvsc_alas4_lopt_iams/Robotic_Arny/ros2_ws/install/omx_interfaces/include/omx_interfaces/omx_interfaces/srv/detail
[5.711s] -- Installing: /home/robot/Documents/Grupo_pvsc_alas4_lopt_iams/Robotic_Arny/ros2_ws/install/omx_interfaces/include/omx_interfaces/omx_interfaces/srv/detail/execute_trajectory__rosidl_typesupport_fastrtps_c.h
[5.711s] -- Installing: /home/robot/Documents/Grupo_pvsc_alas4_lopt_iams/Robotic_Arny/ros2_ws/install/omx_interfaces/include/omx_interfaces/omx_interfaces/srv/detail/set_gripper__rosidl_typesupport_fastrtps_c.h
[5.711s] -- Installing: /home/robot/Documents/Grupo_pvsc_alas4_lopt_iams/Robotic_Arny/ros2_ws/install/omx_interfaces/include/omx_interfaces/omx_interfaces/srv/detail/generate_trajectory__rosidl_typesupport_fastrtps_c.h
[5.711s] -- Up-to-date: /home/robot/Documents/Grupo_pvsc_alas4_lopt_iams/Robotic_Arny/ros2_ws/install/omx_interfaces/include/omx_interfaces/omx_interfaces/msg
[5.711s] -- Installing: /home/robot/Documents/Grupo_pvsc_alas4_lopt_iams/Robotic_Arny/ros2_ws/install/omx_interfaces/include/omx_interfaces/omx_interfaces/msg/rosidl_typesupport_fastrtps_c__visibility_control.h
[5.711s] -- Installing: /home/robot/Documents/Grupo_pvsc_alas4_lopt_iams/Robotic_Arny/ros2_ws/install/omx_interfaces/lib/libomx_interfaces__rosidl_typesupport_fastrtps_c.so
[5.712s] -- Set non-toolchain portion of runtime path of "/home/robot/Documents/Grupo_pvsc_alas4_lopt_iams/Robotic_Arny/ros2_ws/install/omx_interfaces/lib/libomx_interfaces__rosidl_typesupport_fastrtps_c.so" to ""
[5.712s] -- Up-to-date: /home/robot/Documents/Grupo_pvsc_alas4_lopt_iams/Robotic_Arny/ros2_ws/install/omx_interfaces/include/omx_interfaces/omx_interfaces
[5.712s] -- Up-to-date: /home/robot/Documents/Grupo_pvsc_alas4_lopt_iams/Robotic_Arny/ros2_ws/install/omx_interfaces/include/omx_interfaces/omx_interfaces/srv
[5.712s] -- Up-to-date: /home/robot/Documents/Grupo_pvsc_alas4_lopt_iams/Robotic_Arny/ros2_ws/install/omx_interfaces/include/omx_interfaces/omx_interfaces/srv/detail
[5.712s] -- Installing: /home/robot/Documents/Grupo_pvsc_alas4_lopt_iams/Robotic_Arny/ros2_ws/install/omx_interfaces/include/omx_interfaces/omx_interfaces/srv/detail/execute_trajectory__rosidl_typesupport_introspection_c.h
[5.712s] -- Installing: /home/robot/Documents/Grupo_pvsc_alas4_lopt_iams/Robotic_Arny/ros2_ws/install/omx_interfaces/include/omx_interfaces/omx_interfaces/srv/detail/set_gripper__rosidl_typesupport_introspection_c.h
[5.712s] -- Up-to-date: /home/robot/Documents/Grupo_pvsc_alas4_lopt_iams/Robotic_Arny/ros2_ws/install/omx_interfaces/include/omx_interfaces/omx_interfaces/srv/detail/generate_trajectory__type_support.c
[5.712s] -- Installing: /home/robot/Documents/Grupo_pvsc_alas4_lopt_iams/Robotic_Arny/ros2_ws/install/omx_interfaces/include/omx_interfaces/omx_interfaces/srv/detail/generate_trajectory__rosidl_typesupport_introspection_c.h
[5.712s] -- Up-to-date: /home/robot/Documents/Grupo_pvsc_alas4_lopt_iams/Robotic_Arny/ros2_ws/install/omx_interfaces/include/omx_interfaces/omx_interfaces/srv/detail/execute_trajectory__type_support.c
[5.712s] -- Up-to-date: /home/robot/Documents/Grupo_pvsc_alas4_lopt_iams/Robotic_Arny/ros2_ws/install/omx_interfaces/include/omx_interfaces/omx_interfaces/srv/detail/set_gripper__type_support.c
[5.712s] -- Up-to-date: /home/robot/Documents/Grupo_pvsc_alas4_lopt_iams/Robotic_Arny/ros2_ws/install/omx_interfaces/include/omx_interfaces/omx_interfaces/msg
[5.712s] -- Installing: /home/robot/Documents/Grupo_pvsc_alas4_lopt_iams/Robotic_Arny/ros2_ws/install/omx_interfaces/include/omx_interfaces/omx_interfaces/msg/rosidl_typesupport_introspection_c__visibility_control.h
[5.712s] -- Installing: /home/robot/Documents/Grupo_pvsc_alas4_lopt_iams/Robotic_Arny/ros2_ws/install/omx_interfaces/lib/libomx_interfaces__rosidl_typesupport_introspection_c.so
[5.713s] -- Set non-toolchain portion of runtime path of "/home/robot/Documents/Grupo_pvsc_alas4_lopt_iams/Robotic_Arny/ros2_ws/install/omx_interfaces/lib/libomx_interfaces__rosidl_typesupport_introspection_c.so" to ""
[5.713s] -- Installing: /home/robot/Documents/Grupo_pvsc_alas4_lopt_iams/Robotic_Arny/ros2_ws/install/omx_interfaces/lib/libomx_interfaces__rosidl_typesupport_c.so
[5.713s] -- Set non-toolchain portion of runtime path of "/home/robot/Documents/Grupo_pvsc_alas4_lopt_iams/Robotic_Arny/ros2_ws/install/omx_interfaces/lib/libomx_interfaces__rosidl_typesupport_c.so" to ""
[5.713s] -- Up-to-date: /home/robot/Documents/Grupo_pvsc_alas4_lopt_iams/Robotic_Arny/ros2_ws/install/omx_interfaces/include/omx_interfaces/omx_interfaces
[5.713s] -- Up-to-date: /home/robot/Documents/Grupo_pvsc_alas4_lopt_iams/Robotic_Arny/ros2_ws/install/omx_interfaces/include/omx_interfaces/omx_interfaces/srv
[5.713s] -- Installing: /home/robot/Documents/Grupo_pvsc_alas4_lopt_iams/Robotic_Arny/ros2_ws/install/omx_interfaces/include/omx_interfaces/omx_interfaces/srv/generate_trajectory.hpp
[5.713s] -- Up-to-date: /home/robot/Documents/Grupo_pvsc_alas4_lopt_iams/Robotic_Arny/ros2_ws/install/omx_interfaces/include/omx_interfaces/omx_interfaces/srv/detail
[5.713s] -- Installing: /home/robot/Documents/Grupo_pvsc_alas4_lopt_iams/Robotic_Arny/ros2_ws/install/omx_interfaces/include/omx_interfaces/omx_interfaces/srv/detail/generate_trajectory__type_support.hpp
[5.714s] -- Installing: /home/robot/Documents/Grupo_pvsc_alas4_lopt_iams/Robotic_Arny/ros2_ws/install/omx_interfaces/include/omx_interfaces/omx_interfaces/srv/detail/set_gripper__type_support.hpp
[5.714s] -- Installing: /home/robot/Documents/Grupo_pvsc_alas4_lopt_iams/Robotic_Arny/ros2_ws/install/omx_interfaces/include/omx_interfaces/omx_interfaces/srv/detail/generate_trajectory__struct.hpp
[5.714s] -- Installing: /home/robot/Documents/Grupo_pvsc_alas4_lopt_iams/Robotic_Arny/ros2_ws/install/omx_interfaces/include/omx_interfaces/omx_interfaces/srv/detail/execute_trajectory__struct.hpp
[5.714s] -- Installing: /home/robot/Documents/Grupo_pvsc_alas4_lopt_iams/Robotic_Arny/ros2_ws/install/omx_interfaces/include/omx_interfaces/omx_interfaces/srv/detail/generate_trajectory__traits.hpp
[5.714s] -- Installing: /home/robot/Documents/Grupo_pvsc_alas4_lopt_iams/Robotic_Arny/ros2_ws/install/omx_interfaces/include/omx_interfaces/omx_interfaces/srv/detail/execute_trajectory__type_support.hpp
[5.714s] -- Installing: /home/robot/Documents/Grupo_pvsc_alas4_lopt_iams/Robotic_Arny/ros2_ws/install/omx_interfaces/include/omx_interfaces/omx_interfaces/srv/detail/set_gripper__traits.hpp
[5.714s] -- Installing: /home/robot/Documents/Grupo_pvsc_alas4_lopt_iams/Robotic_Arny/ros2_ws/install/omx_interfaces/include/omx_interfaces/omx_interfaces/srv/detail/execute_trajectory__builder.hpp
[5.714s] -- Installing: /home/robot/Documents/Grupo_pvsc_alas4_lopt_iams/Robotic_Arny/ros2_ws/install/omx_interfaces/include/omx_interfaces/omx_interfaces/srv/detail/set_gripper__builder.hpp
[5.715s] -- Installing: /home/robot/Documents/Grupo_pvsc_alas4_lopt_iams/Robotic_Arny/ros2_ws/install/omx_interfaces/include/omx_interfaces/omx_interfaces/srv/detail/generate_trajectory__builder.hpp
[5.715s] -- Installing: /home/robot/Documents/Grupo_pvsc_alas4_lopt_iams/Robotic_Arny/ros2_ws/install/omx_interfaces/include/omx_interfaces/omx_interfaces/srv/detail/execute_trajectory__traits.hpp
[5.715s] -- Installing: /home/robot/Documents/Grupo_pvsc_alas4_lopt_iams/Robotic_Arny/ros2_ws/install/omx_interfaces/include/omx_interfaces/omx_interfaces/srv/detail/set_gripper__struct.hpp
[5.715s] -- Installing: /home/robot/Documents/Grupo_pvsc_alas4_lopt_iams/Robotic_Arny/ros2_ws/install/omx_interfaces/include/omx_interfaces/omx_interfaces/srv/set_gripper.hpp
[5.715s] -- Installing: /home/robot/Documents/Grupo_pvsc_alas4_lopt_iams/Robotic_Arny/ros2_ws/install/omx_interfaces/include/omx_interfaces/omx_interfaces/srv/execute_trajectory.hpp
[5.715s] -- Up-to-date: /home/robot/Documents/Grupo_pvsc_alas4_lopt_iams/Robotic_Arny/ros2_ws/install/omx_interfaces/include/omx_interfaces/omx_interfaces/msg
[5.715s] -- Installing: /home/robot/Documents/Grupo_pvsc_alas4_lopt_iams/Robotic_Arny/ros2_ws/install/omx_interfaces/include/omx_interfaces/omx_interfaces/msg/rosidl_generator_cpp__visibility_control.hpp
[5.715s] -- Up-to-date: /home/robot/Documents/Grupo_pvsc_alas4_lopt_iams/Robotic_Arny/ros2_ws/install/omx_interfaces/include/omx_interfaces/omx_interfaces
[5.715s] -- Up-to-date: /home/robot/Documents/Grupo_pvsc_alas4_lopt_iams/Robotic_Arny/ros2_ws/install/omx_interfaces/include/omx_interfaces/omx_interfaces/srv
[5.716s] -- Up-to-date: /home/robot/Documents/Grupo_pvsc_alas4_lopt_iams/Robotic_Arny/ros2_ws/install/omx_interfaces/include/omx_interfaces/omx_interfaces/srv/detail
[5.716s] -- Installing: /home/robot/Documents/Grupo_pvsc_alas4_lopt_iams/Robotic_Arny/ros2_ws/install/omx_interfaces/include/omx_interfaces/omx_interfaces/srv/detail/set_gripper__rosidl_typesupport_fastrtps_cpp.hpp
[5.716s] -- Installing: /home/robot/Documents/Grupo_pvsc_alas4_lopt_iams/Robotic_Arny/ros2_ws/install/omx_interfaces/include/omx_interfaces/omx_interfaces/srv/detail/execute_trajectory__rosidl_typesupport_fastrtps_cpp.hpp
[5.716s] -- Installing: /home/robot/Documents/Grupo_pvsc_alas4_lopt_iams/Robotic_Arny/ros2_ws/install/omx_interfaces/include/omx_interfaces/omx_interfaces/srv/detail/generate_trajectory__rosidl_typesupport_fastrtps_cpp.hpp
[5.716s] -- Installing: /home/robot/Documents/Grupo_pvsc_alas4_lopt_iams/Robotic_Arny/ros2_ws/install/omx_interfaces/include/omx_interfaces/omx_interfaces/srv/detail/dds_fastrtps
[5.716s] -- Up-to-date: /home/robot/Documents/Grupo_pvsc_alas4_lopt_iams/Robotic_Arny/ros2_ws/install/omx_interfaces/include/omx_interfaces/omx_interfaces/msg
[5.716s] -- Installing: /home/robot/Documents/Grupo_pvsc_alas4_lopt_iams/Robotic_Arny/ros2_ws/install/omx_interfaces/include/omx_interfaces/omx_interfaces/msg/rosidl_typesupport_fastrtps_cpp__visibility_control.h
[5.716s] -- Installing: /home/robot/Documents/Grupo_pvsc_alas4_lopt_iams/Robotic_Arny/ros2_ws/install/omx_interfaces/lib/libomx_interfaces__rosidl_typesupport_fastrtps_cpp.so
[5.717s] -- Set non-toolchain portion of runtime path of "/home/robot/Documents/Grupo_pvsc_alas4_lopt_iams/Robotic_Arny/ros2_ws/install/omx_interfaces/lib/libomx_interfaces__rosidl_typesupport_fastrtps_cpp.so" to ""
[5.717s] -- Up-to-date: /home/robot/Documents/Grupo_pvsc_alas4_lopt_iams/Robotic_Arny/ros2_ws/install/omx_interfaces/include/omx_interfaces/omx_interfaces
[5.717s] -- Up-to-date: /home/robot/Documents/Grupo_pvsc_alas4_lopt_iams/Robotic_Arny/ros2_ws/install/omx_interfaces/include/omx_interfaces/omx_interfaces/srv
[5.717s] -- Up-to-date: /home/robot/Documents/Grupo_pvsc_alas4_lopt_iams/Robotic_Arny/ros2_ws/install/omx_interfaces/include/omx_interfaces/omx_interfaces/srv/detail
[5.717s] -- Installing: /home/robot/Documents/Grupo_pvsc_alas4_lopt_iams/Robotic_Arny/ros2_ws/install/omx_interfaces/include/omx_interfaces/omx_interfaces/srv/detail/generate_trajectory__rosidl_typesupport_introspection_cpp.hpp
[5.718s] -- Installing: /home/robot/Documents/Grupo_pvsc_alas4_lopt_iams/Robotic_Arny/ros2_ws/install/omx_interfaces/include/omx_interfaces/omx_interfaces/srv/detail/execute_trajectory__rosidl_typesupport_introspection_cpp.hpp
[5.718s] -- Installing: /home/robot/Documents/Grupo_pvsc_alas4_lopt_iams/Robotic_Arny/ros2_ws/install/omx_interfaces/include/omx_interfaces/omx_interfaces/srv/detail/generate_trajectory__type_support.cpp
[5.718s] -- Installing: /home/robot/Documents/Grupo_pvsc_alas4_lopt_iams/Robotic_Arny/ros2_ws/install/omx_interfaces/include/omx_interfaces/omx_interfaces/srv/detail/set_gripper__rosidl_typesupport_introspection_cpp.hpp
[5.718s] -- Installing: /home/robot/Documents/Grupo_pvsc_alas4_lopt_iams/Robotic_Arny/ros2_ws/install/omx_interfaces/include/omx_interfaces/omx_interfaces/srv/detail/execute_trajectory__type_support.cpp
[5.718s] -- Installing: /home/robot/Documents/Grupo_pvsc_alas4_lopt_iams/Robotic_Arny/ros2_ws/install/omx_interfaces/include/omx_interfaces/omx_interfaces/srv/detail/set_gripper__type_support.cpp
[5.718s] -- Installing: /home/robot/Documents/Grupo_pvsc_alas4_lopt_iams/Robotic_Arny/ros2_ws/install/omx_interfaces/lib/libomx_interfaces__rosidl_typesupport_introspection_cpp.so
[5.719s] -- Set non-toolchain portion of runtime path of "/home/robot/Documents/Grupo_pvsc_alas4_lopt_iams/Robotic_Arny/ros2_ws/install/omx_interfaces/lib/libomx_interfaces__rosidl_typesupport_introspection_cpp.so" to ""
[5.719s] -- Installing: /home/robot/Documents/Grupo_pvsc_alas4_lopt_iams/Robotic_Arny/ros2_ws/install/omx_interfaces/lib/libomx_interfaces__rosidl_typesupport_cpp.so
[5.720s] -- Set non-toolchain portion of runtime path of "/home/robot/Documents/Grupo_pvsc_alas4_lopt_iams/Robotic_Arny/ros2_ws/install/omx_interfaces/lib/libomx_interfaces__rosidl_typesupport_cpp.so" to ""
[5.720s] -- Installing: /home/robot/Documents/Grupo_pvsc_alas4_lopt_iams/Robotic_Arny/ros2_ws/install/omx_interfaces/share/omx_interfaces/environment/pythonpath.sh
[5.720s] -- Installing: /home/robot/Documents/Grupo_pvsc_alas4_lopt_iams/Robotic_Arny/ros2_ws/install/omx_interfaces/share/omx_interfaces/environment/pythonpath.dsv
[5.720s] -- Installing: /home/robot/Documents/Grupo_pvsc_alas4_lopt_iams/Robotic_Arny/ros2_ws/install/omx_interfaces/lib/python3.12/site-packages/omx_interfaces-0.0.0-py3.12.egg-info
[5.720s] -- Installing: /home/robot/Documents/Grupo_pvsc_alas4_lopt_iams/Robotic_Arny/ros2_ws/install/omx_interfaces/lib/python3.12/site-packages/omx_interfaces-0.0.0-py3.12.egg-info/dependency_links.txt
[5.720s] -- Installing: /home/robot/Documents/Grupo_pvsc_alas4_lopt_iams/Robotic_Arny/ros2_ws/install/omx_interfaces/lib/python3.12/site-packages/omx_interfaces-0.0.0-py3.12.egg-info/SOURCES.txt
[5.720s] -- Installing: /home/robot/Documents/Grupo_pvsc_alas4_lopt_iams/Robotic_Arny/ros2_ws/install/omx_interfaces/lib/python3.12/site-packages/omx_interfaces-0.0.0-py3.12.egg-info/top_level.txt
[5.721s] -- Installing: /home/robot/Documents/Grupo_pvsc_alas4_lopt_iams/Robotic_Arny/ros2_ws/install/omx_interfaces/lib/python3.12/site-packages/omx_interfaces-0.0.0-py3.12.egg-info/PKG-INFO
[5.721s] -- Installing: /home/robot/Documents/Grupo_pvsc_alas4_lopt_iams/Robotic_Arny/ros2_ws/install/omx_interfaces/lib/python3.12/site-packages/omx_interfaces
[5.721s] -- Installing: /home/robot/Documents/Grupo_pvsc_alas4_lopt_iams/Robotic_Arny/ros2_ws/install/omx_interfaces/lib/python3.12/site-packages/omx_interfaces/srv
[5.721s] -- Installing: /home/robot/Documents/Grupo_pvsc_alas4_lopt_iams/Robotic_Arny/ros2_ws/install/omx_interfaces/lib/python3.12/site-packages/omx_interfaces/srv/__init__.py
[5.721s] -- Installing: /home/robot/Documents/Grupo_pvsc_alas4_lopt_iams/Robotic_Arny/ros2_ws/install/omx_interfaces/lib/python3.12/site-packages/omx_interfaces/srv/_set_gripper_s.c
[5.721s] -- Installing: /home/robot/Documents/Grupo_pvsc_alas4_lopt_iams/Robotic_Arny/ros2_ws/install/omx_interfaces/lib/python3.12/site-packages/omx_interfaces/srv/_execute_trajectory.py
[5.721s] -- Installing: /home/robot/Documents/Grupo_pvsc_alas4_lopt_iams/Robotic_Arny/ros2_ws/install/omx_interfaces/lib/python3.12/site-packages/omx_interfaces/srv/_set_gripper.py
[5.721s] -- Installing: /home/robot/Documents/Grupo_pvsc_alas4_lopt_iams/Robotic_Arny/ros2_ws/install/omx_interfaces/lib/python3.12/site-packages/omx_interfaces/srv/_execute_trajectory_s.c
[5.722s] -- Installing: /home/robot/Documents/Grupo_pvsc_alas4_lopt_iams/Robotic_Arny/ros2_ws/install/omx_interfaces/lib/python3.12/site-packages/omx_interfaces/srv/_generate_trajectory_s.c
[5.722s] -- Installing: /home/robot/Documents/Grupo_pvsc_alas4_lopt_iams/Robotic_Arny/ros2_ws/install/omx_interfaces/lib/python3.12/site-packages/omx_interfaces/srv/_generate_trajectory.py
[5.722s] -- Installing: /home/robot/Documents/Grupo_pvsc_alas4_lopt_iams/Robotic_Arny/ros2_ws/install/omx_interfaces/lib/python3.12/site-packages/omx_interfaces/__init__.py
[5.722s] -- Installing: /home/robot/Documents/Grupo_pvsc_alas4_lopt_iams/Robotic_Arny/ros2_ws/install/omx_interfaces/lib/python3.12/site-packages/omx_interfaces/omx_interfaces_s__rosidl_typesupport_c.so
[5.722s] -- Installing: /home/robot/Documents/Grupo_pvsc_alas4_lopt_iams/Robotic_Arny/ros2_ws/install/omx_interfaces/lib/python3.12/site-packages/omx_interfaces/_omx_interfaces_s.ep.rosidl_typesupport_c.c
[5.722s] -- Installing: /home/robot/Documents/Grupo_pvsc_alas4_lopt_iams/Robotic_Arny/ros2_ws/install/omx_interfaces/lib/python3.12/site-packages/omx_interfaces/omx_interfaces_s__rosidl_typesupport_fastrtps_c.so
[5.723s] -- Installing: /home/robot/Documents/Grupo_pvsc_alas4_lopt_iams/Robotic_Arny/ros2_ws/install/omx_interfaces/lib/python3.12/site-packages/omx_interfaces/_omx_interfaces_s.ep.rosidl_typesupport_fastrtps_c.c
[5.723s] -- Installing: /home/robot/Documents/Grupo_pvsc_alas4_lopt_iams/Robotic_Arny/ros2_ws/install/omx_interfaces/lib/python3.12/site-packages/omx_interfaces/_omx_interfaces_s.ep.rosidl_typesupport_introspection_c.c
[5.723s] -- Installing: /home/robot/Documents/Grupo_pvsc_alas4_lopt_iams/Robotic_Arny/ros2_ws/install/omx_interfaces/lib/python3.12/site-packages/omx_interfaces/omx_interfaces_s__rosidl_typesupport_introspection_c.so
[5.758s] Listing '/home/robot/Documents/Grupo_pvsc_alas4_lopt_iams/Robotic_Arny/ros2_ws/install/omx_interfaces/lib/python3.12/site-packages/omx_interfaces'...
[5.758s] Compiling '/home/robot/Documents/Grupo_pvsc_alas4_lopt_iams/Robotic_Arny/ros2_ws/install/omx_interfaces/lib/python3.12/site-packages/omx_interfaces/__init__.py'...
[5.759s] Listing '/home/robot/Documents/Grupo_pvsc_alas4_lopt_iams/Robotic_Arny/ros2_ws/install/omx_interfaces/lib/python3.12/site-packages/omx_interfaces/srv'...
[5.759s] Compiling '/home/robot/Documents/Grupo_pvsc_alas4_lopt_iams/Robotic_Arny/ros2_ws/install/omx_interfaces/lib/python3.12/site-packages/omx_interfaces/srv/__init__.py'...
[5.759s] Compiling '/home/robot/Documents/Grupo_pvsc_alas4_lopt_iams/Robotic_Arny/ros2_ws/install/omx_interfaces/lib/python3.12/site-packages/omx_interfaces/srv/_execute_trajectory.py'...
[5.759s] Compiling '/home/robot/Documents/Grupo_pvsc_alas4_lopt_iams/Robotic_Arny/ros2_ws/install/omx_interfaces/lib/python3.12/site-packages/omx_interfaces/srv/_generate_trajectory.py'...
[5.759s] Compiling '/home/robot/Documents/Grupo_pvsc_alas4_lopt_iams/Robotic_Arny/ros2_ws/install/omx_interfaces/lib/python3.12/site-packages/omx_interfaces/srv/_set_gripper.py'...
[5.763s] -- Installing: /home/robot/Documents/Grupo_pvsc_alas4_lopt_iams/Robotic_Arny/ros2_ws/install/omx_interfaces/lib/python3.12/site-packages/omx_interfaces/omx_interfaces_s__rosidl_typesupport_fastrtps_c.so
[5.763s] -- Set non-toolchain portion of runtime path of "/home/robot/Documents/Grupo_pvsc_alas4_lopt_iams/Robotic_Arny/ros2_ws/install/omx_interfaces/lib/python3.12/site-packages/omx_interfaces/omx_interfaces_s__rosidl_typesupport_fastrtps_c.so" to ""
[5.763s] -- Installing: /home/robot/Documents/Grupo_pvsc_alas4_lopt_iams/Robotic_Arny/ros2_ws/install/omx_interfaces/lib/python3.12/site-packages/omx_interfaces/omx_interfaces_s__rosidl_typesupport_introspection_c.so
[5.764s] -- Set non-toolchain portion of runtime path of "/home/robot/Documents/Grupo_pvsc_alas4_lopt_iams/Robotic_Arny/ros2_ws/install/omx_interfaces/lib/python3.12/site-packages/omx_interfaces/omx_interfaces_s__rosidl_typesupport_introspection_c.so" to ""
[5.764s] -- Installing: /home/robot/Documents/Grupo_pvsc_alas4_lopt_iams/Robotic_Arny/ros2_ws/install/omx_interfaces/lib/python3.12/site-packages/omx_interfaces/omx_interfaces_s__rosidl_typesupport_c.so
[5.764s] -- Set non-toolchain portion of runtime path of "/home/robot/Documents/Grupo_pvsc_alas4_lopt_iams/Robotic_Arny/ros2_ws/install/omx_interfaces/lib/python3.12/site-packages/omx_interfaces/omx_interfaces_s__rosidl_typesupport_c.so" to ""
[5.764s] -- Installing: /home/robot/Documents/Grupo_pvsc_alas4_lopt_iams/Robotic_Arny/ros2_ws/install/omx_interfaces/lib/libomx_interfaces__rosidl_generator_py.so
[5.765s] -- Set non-toolchain portion of runtime path of "/home/robot/Documents/Grupo_pvsc_alas4_lopt_iams/Robotic_Arny/ros2_ws/install/omx_interfaces/lib/libomx_interfaces__rosidl_generator_py.so" to ""
[5.765s] -- Installing: /home/robot/Documents/Grupo_pvsc_alas4_lopt_iams/Robotic_Arny/ros2_ws/install/omx_interfaces/share/ament_index/resource_index/rust_packages/omx_interfaces
[5.765s] -- Installing: /home/robot/Documents/Grupo_pvsc_alas4_lopt_iams/Robotic_Arny/ros2_ws/install/omx_interfaces/share/omx_interfaces/rust
[5.765s] -- Installing: /home/robot/Documents/Grupo_pvsc_alas4_lopt_iams/Robotic_Arny/ros2_ws/install/omx_interfaces/share/omx_interfaces/rust/Cargo.toml
[5.765s] -- Installing: /home/robot/Documents/Grupo_pvsc_alas4_lopt_iams/Robotic_Arny/ros2_ws/install/omx_interfaces/share/omx_interfaces/rust/build.rs
[5.765s] -- Installing: /home/robot/Documents/Grupo_pvsc_alas4_lopt_iams/Robotic_Arny/ros2_ws/install/omx_interfaces/share/omx_interfaces/rust/src
[5.765s] -- Installing: /home/robot/Documents/Grupo_pvsc_alas4_lopt_iams/Robotic_Arny/ros2_ws/install/omx_interfaces/share/omx_interfaces/rust/src/srv
[5.765s] -- Installing: /home/robot/Documents/Grupo_pvsc_alas4_lopt_iams/Robotic_Arny/ros2_ws/install/omx_interfaces/share/omx_interfaces/rust/src/srv/rmw.rs
[5.765s] -- Installing: /home/robot/Documents/Grupo_pvsc_alas4_lopt_iams/Robotic_Arny/ros2_ws/install/omx_interfaces/share/omx_interfaces/rust/src/srv.rs
[5.765s] -- Installing: /home/robot/Documents/Grupo_pvsc_alas4_lopt_iams/Robotic_Arny/ros2_ws/install/omx_interfaces/share/omx_interfaces/rust/src/lib.rs
[5.766s] -- Installing: /home/robot/Documents/Grupo_pvsc_alas4_lopt_iams/Robotic_Arny/ros2_ws/install/omx_interfaces/share/omx_interfaces/srv/GenerateTrajectory.idl
[5.766s] -- Installing: /home/robot/Documents/Grupo_pvsc_alas4_lopt_iams/Robotic_Arny/ros2_ws/install/omx_interfaces/share/omx_interfaces/srv/ExecuteTrajectory.idl
[5.766s] -- Installing: /home/robot/Documents/Grupo_pvsc_alas4_lopt_iams/Robotic_Arny/ros2_ws/install/omx_interfaces/share/omx_interfaces/srv/SetGripper.idl
[5.766s] -- Installing: /home/robot/Documents/Grupo_pvsc_alas4_lopt_iams/Robotic_Arny/ros2_ws/install/omx_interfaces/share/omx_interfaces/srv/GenerateTrajectory.srv
[5.766s] -- Installing: /home/robot/Documents/Grupo_pvsc_alas4_lopt_iams/Robotic_Arny/ros2_ws/install/omx_interfaces/share/omx_interfaces/srv/ExecuteTrajectory.srv
[5.766s] -- Installing: /home/robot/Documents/Grupo_pvsc_alas4_lopt_iams/Robotic_Arny/ros2_ws/install/omx_interfaces/share/omx_interfaces/srv/SetGripper.srv
[5.767s] -- Installing: /home/robot/Documents/Grupo_pvsc_alas4_lopt_iams/Robotic_Arny/ros2_ws/install/omx_interfaces/share/ament_index/resource_index/package_run_dependencies/omx_interfaces
[5.767s] -- Installing: /home/robot/Documents/Grupo_pvsc_alas4_lopt_iams/Robotic_Arny/ros2_ws/install/omx_interfaces/share/ament_index/resource_index/parent_prefix_path/omx_interfaces
[5.767s] -- Installing: /home/robot/Documents/Grupo_pvsc_alas4_lopt_iams/Robotic_Arny/ros2_ws/install/omx_interfaces/share/omx_interfaces/environment/ament_prefix_path.sh
[5.767s] -- Installing: /home/robot/Documents/Grupo_pvsc_alas4_lopt_iams/Robotic_Arny/ros2_ws/install/omx_interfaces/share/omx_interfaces/environment/ament_prefix_path.dsv
[5.767s] -- Installing: /home/robot/Documents/Grupo_pvsc_alas4_lopt_iams/Robotic_Arny/ros2_ws/install/omx_interfaces/share/omx_interfaces/environment/path.sh
[5.767s] -- Installing: /home/robot/Documents/Grupo_pvsc_alas4_lopt_iams/Robotic_Arny/ros2_ws/install/omx_interfaces/share/omx_interfaces/environment/path.dsv
[5.767s] -- Installing: /home/robot/Documents/Grupo_pvsc_alas4_lopt_iams/Robotic_Arny/ros2_ws/install/omx_interfaces/share/omx_interfaces/local_setup.bash
[5.768s] -- Installing: /home/robot/Documents/Grupo_pvsc_alas4_lopt_iams/Robotic_Arny/ros2_ws/install/omx_interfaces/share/omx_interfaces/local_setup.sh
[5.768s] -- Installing: /home/robot/Documents/Grupo_pvsc_alas4_lopt_iams/Robotic_Arny/ros2_ws/install/omx_interfaces/share/omx_interfaces/local_setup.zsh
[5.768s] -- Installing: /home/robot/Documents/Grupo_pvsc_alas4_lopt_iams/Robotic_Arny/ros2_ws/install/omx_interfaces/share/omx_interfaces/local_setup.dsv
[5.768s] -- Installing: /home/robot/Documents/Grupo_pvsc_alas4_lopt_iams/Robotic_Arny/ros2_ws/install/omx_interfaces/share/omx_interfaces/package.dsv
[5.768s] -- Installing: /home/robot/Documents/Grupo_pvsc_alas4_lopt_iams/Robotic_Arny/ros2_ws/install/omx_interfaces/share/ament_index/resource_index/packages/omx_interfaces
[5.768s] -- Installing: /home/robot/Documents/Grupo_pvsc_alas4_lopt_iams/Robotic_Arny/ros2_ws/install/omx_interfaces/share/omx_interfaces/cmake/export_omx_interfaces__rosidl_generator_cExport.cmake
[5.769s] -- Installing: /home/robot/Documents/Grupo_pvsc_alas4_lopt_iams/Robotic_Arny/ros2_ws/install/omx_interfaces/share/omx_interfaces/cmake/export_omx_interfaces__rosidl_generator_cExport-noconfig.cmake
[5.769s] -- Installing: /home/robot/Documents/Grupo_pvsc_alas4_lopt_iams/Robotic_Arny/ros2_ws/install/omx_interfaces/share/omx_interfaces/cmake/export_omx_interfaces__rosidl_typesupport_fastrtps_cExport.cmake
[5.769s] -- Installing: /home/robot/Documents/Grupo_pvsc_alas4_lopt_iams/Robotic_Arny/ros2_ws/install/omx_interfaces/share/omx_interfaces/cmake/export_omx_interfaces__rosidl_typesupport_fastrtps_cExport-noconfig.cmake
[5.769s] -- Installing: /home/robot/Documents/Grupo_pvsc_alas4_lopt_iams/Robotic_Arny/ros2_ws/install/omx_interfaces/share/omx_interfaces/cmake/omx_interfaces__rosidl_typesupport_introspection_cExport.cmake
[5.769s] -- Installing: /home/robot/Documents/Grupo_pvsc_alas4_lopt_iams/Robotic_Arny/ros2_ws/install/omx_interfaces/share/omx_interfaces/cmake/omx_interfaces__rosidl_typesupport_introspection_cExport-noconfig.cmake
[5.769s] -- Installing: /home/robot/Documents/Grupo_pvsc_alas4_lopt_iams/Robotic_Arny/ros2_ws/install/omx_interfaces/share/omx_interfaces/cmake/omx_interfaces__rosidl_typesupport_cExport.cmake
[5.770s] -- Installing: /home/robot/Documents/Grupo_pvsc_alas4_lopt_iams/Robotic_Arny/ros2_ws/install/omx_interfaces/share/omx_interfaces/cmake/omx_interfaces__rosidl_typesupport_cExport-noconfig.cmake
[5.770s] -- Installing: /home/robot/Documents/Grupo_pvsc_alas4_lopt_iams/Robotic_Arny/ros2_ws/install/omx_interfaces/share/omx_interfaces/cmake/export_omx_interfaces__rosidl_generator_cppExport.cmake
[5.770s] -- Installing: /home/robot/Documents/Grupo_pvsc_alas4_lopt_iams/Robotic_Arny/ros2_ws/install/omx_interfaces/share/omx_interfaces/cmake/export_omx_interfaces__rosidl_typesupport_fastrtps_cppExport.cmake
[5.770s] -- Installing: /home/robot/Documents/Grupo_pvsc_alas4_lopt_iams/Robotic_Arny/ros2_ws/install/omx_interfaces/share/omx_interfaces/cmake/export_omx_interfaces__rosidl_typesupport_fastrtps_cppExport-noconfig.cmake
[5.770s] -- Installing: /home/robot/Documents/Grupo_pvsc_alas4_lopt_iams/Robotic_Arny/ros2_ws/install/omx_interfaces/share/omx_interfaces/cmake/omx_interfaces__rosidl_typesupport_introspection_cppExport.cmake
[5.770s] -- Installing: /home/robot/Documents/Grupo_pvsc_alas4_lopt_iams/Robotic_Arny/ros2_ws/install/omx_interfaces/share/omx_interfaces/cmake/omx_interfaces__rosidl_typesupport_introspection_cppExport-noconfig.cmake
[5.770s] -- Installing: /home/robot/Documents/Grupo_pvsc_alas4_lopt_iams/Robotic_Arny/ros2_ws/install/omx_interfaces/share/omx_interfaces/cmake/omx_interfaces__rosidl_typesupport_cppExport.cmake
[5.771s] -- Installing: /home/robot/Documents/Grupo_pvsc_alas4_lopt_iams/Robotic_Arny/ros2_ws/install/omx_interfaces/share/omx_interfaces/cmake/omx_interfaces__rosidl_typesupport_cppExport-noconfig.cmake
[5.771s] -- Installing: /home/robot/Documents/Grupo_pvsc_alas4_lopt_iams/Robotic_Arny/ros2_ws/install/omx_interfaces/share/omx_interfaces/cmake/export_omx_interfaces__rosidl_generator_pyExport.cmake
[5.771s] -- Installing: /home/robot/Documents/Grupo_pvsc_alas4_lopt_iams/Robotic_Arny/ros2_ws/install/omx_interfaces/share/omx_interfaces/cmake/export_omx_interfaces__rosidl_generator_pyExport-noconfig.cmake
[5.771s] -- Installing: /home/robot/Documents/Grupo_pvsc_alas4_lopt_iams/Robotic_Arny/ros2_ws/install/omx_interfaces/share/omx_interfaces/cmake/rosidl_cmake-extras.cmake
[5.771s] -- Installing: /home/robot/Documents/Grupo_pvsc_alas4_lopt_iams/Robotic_Arny/ros2_ws/install/omx_interfaces/share/omx_interfaces/cmake/ament_cmake_export_dependencies-extras.cmake
[5.771s] -- Installing: /home/robot/Documents/Grupo_pvsc_alas4_lopt_iams/Robotic_Arny/ros2_ws/install/omx_interfaces/share/omx_interfaces/cmake/ament_cmake_export_include_directories-extras.cmake
[5.772s] -- Installing: /home/robot/Documents/Grupo_pvsc_alas4_lopt_iams/Robotic_Arny/ros2_ws/install/omx_interfaces/share/omx_interfaces/cmake/ament_cmake_export_libraries-extras.cmake
[5.772s] -- Installing: /home/robot/Documents/Grupo_pvsc_alas4_lopt_iams/Robotic_Arny/ros2_ws/install/omx_interfaces/share/omx_interfaces/cmake/ament_cmake_export_targets-extras.cmake
[5.772s] -- Installing: /home/robot/Documents/Grupo_pvsc_alas4_lopt_iams/Robotic_Arny/ros2_ws/install/omx_interfaces/share/omx_interfaces/cmake/rosidl_cmake_export_typesupport_targets-extras.cmake
[5.772s] -- Installing: /home/robot/Documents/Grupo_pvsc_alas4_lopt_iams/Robotic_Arny/ros2_ws/install/omx_interfaces/share/omx_interfaces/cmake/rosidl_cmake_export_typesupport_libraries-extras.cmake
[5.772s] -- Installing: /home/robot/Documents/Grupo_pvsc_alas4_lopt_iams/Robotic_Arny/ros2_ws/install/omx_interfaces/share/omx_interfaces/cmake/omx_interfacesConfig.cmake
[5.772s] -- Installing: /home/robot/Documents/Grupo_pvsc_alas4_lopt_iams/Robotic_Arny/ros2_ws/install/omx_interfaces/share/omx_interfaces/cmake/omx_interfacesConfig-version.cmake
[5.772s] -- Installing: /home/robot/Documents/Grupo_pvsc_alas4_lopt_iams/Robotic_Arny/ros2_ws/install/omx_interfaces/share/omx_interfaces/package.xml
[5.775s] Invoked command in '/home/robot/Documents/Grupo_pvsc_alas4_lopt_iams/Robotic_Arny/ros2_ws/build/omx_interfaces' returned '0': CMAKE_PREFIX_PATH=${CMAKE_PREFIX_PATH}:/home/robot/Documents/Grupo_pvsc_alas4_lopt_iams/Robotic_Arny/ros2_ws/install/omx_ros2:/opt/ros/jazzy DEBUGINFOD_URLS=https://debuginfod.ubuntu.com PS1=(venv_omx) \[\e]0;\u@\h: \w\a\]${debian_chroot:+($debian_chroot)}\[\033[01;32m\]\u@\h\[\033[00m\]:\[\033[01;34m\]\w\[\033[00m\]\$ VIRTUAL_ENV_PROMPT=(venv_omx) /usr/bin/cmake --install /home/robot/Documents/Grupo_pvsc_alas4_lopt_iams/Robotic_Arny/ros2_ws/build/omx_interfaces
