[0.019s] Invoking command in '/home/robot/Documents/Grupo_pvsc_alas4_lopt_iams/Robotic_Arny/ros2_ws/build/omx_interfaces': CMAKE_PREFIX_PATH=${CMAKE_PREFIX_PATH}:/home/robot/Documents/Grupo_pvsc_alas4_lopt_iams/Robotic_Arny/ros2_ws/install/omx_ros2:/opt/ros/jazzy DEBUGINFOD_URLS=https://debuginfod.ubuntu.com PS1=(venv_omx) \[\e]0;\u@\h: \w\a\]${debian_chroot:+($debian_chroot)}\[\033[01;32m\]\u@\h\[\033[00m\]:\[\033[01;34m\]\w\[\033[00m\]\$ VIRTUAL_ENV_PROMPT=(venv_omx) /usr/bin/cmake --build /home/robot/Documents/Grupo_pvsc_alas4_lopt_iams/Robotic_Arny/ros2_ws/build/omx_interfaces -- -j12 -l12
[0.096s] [  1%] Built target omx_interfaces__rosidl_generator_type_description
[0.097s] [  3%] Built target omx_interfaces__rs
[0.111s] [  3%] Built target ament_cmake_python_symlink_omx_interfaces
[0.131s] [  5%] Built target omx_interfaces__cpp
[0.136s] [ 25%] Built target omx_interfaces__rosidl_generator_c
[0.172s] [ 34%] Built target omx_interfaces__rosidl_typesupport_introspection_c
[0.179s] [ 52%] Built target omx_interfaces__rosidl_typesupport_fastrtps_cpp
[0.179s] [ 52%] Built target omx_interfaces__rosidl_typesupport_cpp
[0.183s] [ 61%] Built target omx_interfaces__rosidl_typesupport_fastrtps_c
[0.185s] [ 70%] Built target omx_interfaces__rosidl_typesupport_c
[0.186s] [ 80%] Built target omx_interfaces__rosidl_typesupport_introspection_cpp
[0.215s] [ 80%] Built target omx_interfaces
[0.246s] [ 81%] Built target omx_interfaces__py
[0.284s] [ 89%] Built target omx_interfaces__rosidl_generator_py
[0.324s] [100%] Built target omx_interfaces_s__rosidl_typesupport_introspection_c
[0.324s] [100%] Built target omx_interfaces_s__rosidl_typesupport_fastrtps_c
[0.325s] [100%] Built target omx_interfaces_s__rosidl_typesupport_c
[0.513s] running egg_info
[0.557s] writing omx_interfaces.egg-info/PKG-INFO
[0.557s] writing dependency_links to omx_interfaces.egg-info/dependency_links.txt
[0.559s] writing top-level names to omx_interfaces.egg-info/top_level.txt
[0.672s] reading manifest file 'omx_interfaces.egg-info/SOURCES.txt'
[0.673s] writing manifest file 'omx_interfaces.egg-info/SOURCES.txt'
[0.714s] [100%] Built target ament_cmake_python_build_omx_interfaces_egg
[0.734s] Invoked command in '/home/robot/Documents/Grupo_pvsc_alas4_lopt_iams/Robotic_Arny/ros2_ws/build/omx_interfaces' returned '0': CMAKE_PREFIX_PATH=${CMAKE_PREFIX_PATH}:/home/robot/Documents/Grupo_pvsc_alas4_lopt_iams/Robotic_Arny/ros2_ws/install/omx_ros2:/opt/ros/jazzy DEBUGINFOD_URLS=https://debuginfod.ubuntu.com PS1=(venv_omx) \[\e]0;\u@\h: \w\a\]${debian_chroot:+($debian_chroot)}\[\033[01;32m\]\u@\h\[\033[00m\]:\[\033[01;34m\]\w\[\033[00m\]\$ VIRTUAL_ENV_PROMPT=(venv_omx) /usr/bin/cmake --build /home/robot/Documents/Grupo_pvsc_alas4_lopt_iams/Robotic_Arny/ros2_ws/build/omx_interfaces -- -j12 -l12
[0.748s] Invoking command in '/home/robot/Documents/Grupo_pvsc_alas4_lopt_iams/Robotic_Arny/ros2_ws/build/omx_interfaces': CMAKE_PREFIX_PATH=${CMAKE_PREFIX_PATH}:/home/robot/Documents/Grupo_pvsc_alas4_lopt_iams/Robotic_Arny/ros2_ws/install/omx_ros2:/opt/ros/jazzy DEBUGINFOD_URLS=https://debuginfod.ubuntu.com PS1=(venv_omx) \[\e]0;\u@\h: \w\a\]${debian_chroot:+($debian_chroot)}\[\033[01;32m\]\u@\h\[\033[00m\]:\[\033[01;34m\]\w\[\033[00m\]\$ VIRTUAL_ENV_PROMPT=(venv_omx) /usr/bin/cmake --install /home/robot/Documents/Grupo_pvsc_alas4_lopt_iams/Robotic_Arny/ros2_ws/build/omx_interfaces
[0.759s] -- Install configuration: ""
[0.760s] -- Execute custom install script
[0.761s] -- Up-to-date symlink: /home/robot/Documents/Grupo_pvsc_alas4_lopt_iams/Robotic_Arny/ros2_ws/install/omx_interfaces/share/ament_index/resource_index/rosidl_interfaces/omx_interfaces
[0.761s] -- Up-to-date symlink: /home/robot/Documents/Grupo_pvsc_alas4_lopt_iams/Robotic_Arny/ros2_ws/install/omx_interfaces/share/omx_interfaces/srv/GenerateTrajectory.json
[0.761s] -- Up-to-date symlink: /home/robot/Documents/Grupo_pvsc_alas4_lopt_iams/Robotic_Arny/ros2_ws/install/omx_interfaces/share/omx_interfaces/srv/ExecuteTrajectory.json
[0.761s] -- Up-to-date symlink: /home/robot/Documents/Grupo_pvsc_alas4_lopt_iams/Robotic_Arny/ros2_ws/install/omx_interfaces/share/omx_interfaces/srv/SetGripper.json
[0.762s] -- Up-to-date symlink: /home/robot/Documents/Grupo_pvsc_alas4_lopt_iams/Robotic_Arny/ros2_ws/install/omx_interfaces/include/omx_interfaces/omx_interfaces/msg/rosidl_generator_c__visibility_control.h
[0.763s] -- Up-to-date symlink: /home/robot/Documents/Grupo_pvsc_alas4_lopt_iams/Robotic_Arny/ros2_ws/install/omx_interfaces/include/omx_interfaces/omx_interfaces/srv/detail/execute_trajectory__functions.h
[0.763s] -- Up-to-date symlink: /home/robot/Documents/Grupo_pvsc_alas4_lopt_iams/Robotic_Arny/ros2_ws/install/omx_interfaces/include/omx_interfaces/omx_interfaces/srv/detail/execute_trajectory__struct.h
[0.763s] -- Up-to-date symlink: /home/robot/Documents/Grupo_pvsc_alas4_lopt_iams/Robotic_Arny/ros2_ws/install/omx_interfaces/include/omx_interfaces/omx_interfaces/srv/detail/execute_trajectory__type_support.h
[0.763s] -- Up-to-date symlink: /home/robot/Documents/Grupo_pvsc_alas4_lopt_iams/Robotic_Arny/ros2_ws/install/omx_interfaces/include/omx_interfaces/omx_interfaces/srv/detail/generate_trajectory__functions.h
[0.763s] -- Up-to-date symlink: /home/robot/Documents/Grupo_pvsc_alas4_lopt_iams/Robotic_Arny/ros2_ws/install/omx_interfaces/include/omx_interfaces/omx_interfaces/srv/detail/generate_trajectory__struct.h
[0.764s] -- Up-to-date symlink: /home/robot/Documents/Grupo_pvsc_alas4_lopt_iams/Robotic_Arny/ros2_ws/install/omx_interfaces/include/omx_interfaces/omx_interfaces/srv/detail/generate_trajectory__type_support.h
[0.764s] -- Up-to-date symlink: /home/robot/Documents/Grupo_pvsc_alas4_lopt_iams/Robotic_Arny/ros2_ws/install/omx_interfaces/include/omx_interfaces/omx_interfaces/srv/detail/set_gripper__functions.h
[0.764s] -- Up-to-date symlink: /home/robot/Documents/Grupo_pvsc_alas4_lopt_iams/Robotic_Arny/ros2_ws/install/omx_interfaces/include/omx_interfaces/omx_interfaces/srv/detail/set_gripper__struct.h
[0.764s] -- Up-to-date symlink: /home/robot/Documents/Grupo_pvsc_alas4_lopt_iams/Robotic_Arny/ros2_ws/install/omx_interfaces/include/omx_interfaces/omx_interfaces/srv/detail/set_gripper__type_support.h
[0.765s] -- Up-to-date symlink: /home/robot/Documents/Grupo_pvsc_alas4_lopt_iams/Robotic_Arny/ros2_ws/install/omx_interfaces/include/omx_interfaces/omx_interfaces/srv/execute_trajectory.h
[0.765s] -- Up-to-date symlink: /home/robot/Documents/Grupo_pvsc_alas4_lopt_iams/Robotic_Arny/ros2_ws/install/omx_interfaces/include/omx_interfaces/omx_interfaces/srv/generate_trajectory.h
[0.765s] -- Up-to-date symlink: /home/robot/Documents/Grupo_pvsc_alas4_lopt_iams/Robotic_Arny/ros2_ws/install/omx_interfaces/include/omx_interfaces/omx_interfaces/srv/set_gripper.h
[0.765s] -- Up-to-date symlink: /home/robot/Documents/Grupo_pvsc_alas4_lopt_iams/Robotic_Arny/ros2_ws/install/omx_interfaces/share/omx_interfaces/environment/library_path.sh
[0.765s] -- Up-to-date symlink: /home/robot/Documents/Grupo_pvsc_alas4_lopt_iams/Robotic_Arny/ros2_ws/install/omx_interfaces/share/omx_interfaces/environment/library_path.dsv
[0.766s] -- Up-to-date symlink: /home/robot/Documents/Grupo_pvsc_alas4_lopt_iams/Robotic_Arny/ros2_ws/install/omx_interfaces/include/omx_interfaces/omx_interfaces/msg/rosidl_typesupport_fastrtps_c__visibility_control.h
[0.767s] -- Up-to-date symlink: /home/robot/Documents/Grupo_pvsc_alas4_lopt_iams/Robotic_Arny/ros2_ws/install/omx_interfaces/include/omx_interfaces/omx_interfaces/srv/detail/execute_trajectory__rosidl_typesupport_fastrtps_c.h
[0.767s] -- Up-to-date symlink: /home/robot/Documents/Grupo_pvsc_alas4_lopt_iams/Robotic_Arny/ros2_ws/install/omx_interfaces/include/omx_interfaces/omx_interfaces/srv/detail/generate_trajectory__rosidl_typesupport_fastrtps_c.h
[0.767s] -- Up-to-date symlink: /home/robot/Documents/Grupo_pvsc_alas4_lopt_iams/Robotic_Arny/ros2_ws/install/omx_interfaces/include/omx_interfaces/omx_interfaces/srv/detail/set_gripper__rosidl_typesupport_fastrtps_c.h
[0.768s] -- Up-to-date symlink: /home/robot/Documents/Grupo_pvsc_alas4_lopt_iams/Robotic_Arny/ros2_ws/install/omx_interfaces/include/omx_interfaces/omx_interfaces/msg/rosidl_typesupport_introspection_c__visibility_control.h
[0.768s] -- Up-to-date symlink: /home/robot/Documents/Grupo_pvsc_alas4_lopt_iams/Robotic_Arny/ros2_ws/install/omx_interfaces/include/omx_interfaces/omx_interfaces/srv/detail/execute_trajectory__rosidl_typesupport_introspection_c.h
[0.768s] -- Up-to-date symlink: /home/robot/Documents/Grupo_pvsc_alas4_lopt_iams/Robotic_Arny/ros2_ws/install/omx_interfaces/include/omx_interfaces/omx_interfaces/srv/detail/generate_trajectory__rosidl_typesupport_introspection_c.h
[0.768s] -- Up-to-date symlink: /home/robot/Documents/Grupo_pvsc_alas4_lopt_iams/Robotic_Arny/ros2_ws/install/omx_interfaces/include/omx_interfaces/omx_interfaces/srv/detail/set_gripper__rosidl_typesupport_introspection_c.h
[0.769s] -- Up-to-date symlink: /home/robot/Documents/Grupo_pvsc_alas4_lopt_iams/Robotic_Arny/ros2_ws/install/omx_interfaces/include/omx_interfaces/omx_interfaces/msg/rosidl_generator_cpp__visibility_control.hpp
[0.769s] -- Up-to-date symlink: /home/robot/Documents/Grupo_pvsc_alas4_lopt_iams/Robotic_Arny/ros2_ws/install/omx_interfaces/include/omx_interfaces/omx_interfaces/srv/detail/execute_trajectory__builder.hpp
[0.769s] -- Up-to-date symlink: /home/robot/Documents/Grupo_pvsc_alas4_lopt_iams/Robotic_Arny/ros2_ws/install/omx_interfaces/include/omx_interfaces/omx_interfaces/srv/detail/execute_trajectory__struct.hpp
[0.770s] -- Up-to-date symlink: /home/robot/Documents/Grupo_pvsc_alas4_lopt_iams/Robotic_Arny/ros2_ws/install/omx_interfaces/include/omx_interfaces/omx_interfaces/srv/detail/execute_trajectory__traits.hpp
[0.770s] -- Up-to-date symlink: /home/robot/Documents/Grupo_pvsc_alas4_lopt_iams/Robotic_Arny/ros2_ws/install/omx_interfaces/include/omx_interfaces/omx_interfaces/srv/detail/execute_trajectory__type_support.hpp
[0.770s] -- Up-to-date symlink: /home/robot/Documents/Grupo_pvsc_alas4_lopt_iams/Robotic_Arny/ros2_ws/install/omx_interfaces/include/omx_interfaces/omx_interfaces/srv/detail/generate_trajectory__builder.hpp
[0.770s] -- Up-to-date symlink: /home/robot/Documents/Grupo_pvsc_alas4_lopt_iams/Robotic_Arny/ros2_ws/install/omx_interfaces/include/omx_interfaces/omx_interfaces/srv/detail/generate_trajectory__struct.hpp
[0.770s] -- Up-to-date symlink: /home/robot/Documents/Grupo_pvsc_alas4_lopt_iams/Robotic_Arny/ros2_ws/install/omx_interfaces/include/omx_interfaces/omx_interfaces/srv/detail/generate_trajectory__traits.hpp
[0.771s] -- Up-to-date symlink: /home/robot/Documents/Grupo_pvsc_alas4_lopt_iams/Robotic_Arny/ros2_ws/install/omx_interfaces/include/omx_interfaces/omx_interfaces/srv/detail/generate_trajectory__type_support.hpp
[0.771s] -- Up-to-date symlink: /home/robot/Documents/Grupo_pvsc_alas4_lopt_iams/Robotic_Arny/ros2_ws/install/omx_interfaces/include/omx_interfaces/omx_interfaces/srv/detail/set_gripper__builder.hpp
[0.771s] -- Up-to-date symlink: /home/robot/Documents/Grupo_pvsc_alas4_lopt_iams/Robotic_Arny/ros2_ws/install/omx_interfaces/include/omx_interfaces/omx_interfaces/srv/detail/set_gripper__struct.hpp
[0.771s] -- Up-to-date symlink: /home/robot/Documents/Grupo_pvsc_alas4_lopt_iams/Robotic_Arny/ros2_ws/install/omx_interfaces/include/omx_interfaces/omx_interfaces/srv/detail/set_gripper__traits.hpp
[0.771s] -- Up-to-date symlink: /home/robot/Documents/Grupo_pvsc_alas4_lopt_iams/Robotic_Arny/ros2_ws/install/omx_interfaces/include/omx_interfaces/omx_interfaces/srv/detail/set_gripper__type_support.hpp
[0.772s] -- Up-to-date symlink: /home/robot/Documents/Grupo_pvsc_alas4_lopt_iams/Robotic_Arny/ros2_ws/install/omx_interfaces/include/omx_interfaces/omx_interfaces/srv/execute_trajectory.hpp
[0.772s] -- Up-to-date symlink: /home/robot/Documents/Grupo_pvsc_alas4_lopt_iams/Robotic_Arny/ros2_ws/install/omx_interfaces/include/omx_interfaces/omx_interfaces/srv/generate_trajectory.hpp
[0.772s] -- Up-to-date symlink: /home/robot/Documents/Grupo_pvsc_alas4_lopt_iams/Robotic_Arny/ros2_ws/install/omx_interfaces/include/omx_interfaces/omx_interfaces/srv/set_gripper.hpp
[0.773s] -- Up-to-date symlink: /home/robot/Documents/Grupo_pvsc_alas4_lopt_iams/Robotic_Arny/ros2_ws/install/omx_interfaces/include/omx_interfaces/omx_interfaces/msg/rosidl_typesupport_fastrtps_cpp__visibility_control.h
[0.773s] -- Up-to-date symlink: /home/robot/Documents/Grupo_pvsc_alas4_lopt_iams/Robotic_Arny/ros2_ws/install/omx_interfaces/include/omx_interfaces/omx_interfaces/srv/detail/execute_trajectory__rosidl_typesupport_fastrtps_cpp.hpp
[0.773s] -- Up-to-date symlink: /home/robot/Documents/Grupo_pvsc_alas4_lopt_iams/Robotic_Arny/ros2_ws/install/omx_interfaces/include/omx_interfaces/omx_interfaces/srv/detail/generate_trajectory__rosidl_typesupport_fastrtps_cpp.hpp
[0.774s] -- Up-to-date symlink: /home/robot/Documents/Grupo_pvsc_alas4_lopt_iams/Robotic_Arny/ros2_ws/install/omx_interfaces/include/omx_interfaces/omx_interfaces/srv/detail/set_gripper__rosidl_typesupport_fastrtps_cpp.hpp
[0.774s] -- Up-to-date symlink: /home/robot/Documents/Grupo_pvsc_alas4_lopt_iams/Robotic_Arny/ros2_ws/install/omx_interfaces/include/omx_interfaces/omx_interfaces/srv/detail/execute_trajectory__rosidl_typesupport_introspection_cpp.hpp
[0.774s] -- Up-to-date symlink: /home/robot/Documents/Grupo_pvsc_alas4_lopt_iams/Robotic_Arny/ros2_ws/install/omx_interfaces/include/omx_interfaces/omx_interfaces/srv/detail/generate_trajectory__rosidl_typesupport_introspection_cpp.hpp
[0.775s] -- Up-to-date symlink: /home/robot/Documents/Grupo_pvsc_alas4_lopt_iams/Robotic_Arny/ros2_ws/install/omx_interfaces/include/omx_interfaces/omx_interfaces/srv/detail/set_gripper__rosidl_typesupport_introspection_cpp.hpp
[0.775s] -- Up-to-date symlink: /home/robot/Documents/Grupo_pvsc_alas4_lopt_iams/Robotic_Arny/ros2_ws/install/omx_interfaces/share/omx_interfaces/environment/pythonpath.sh
[0.775s] -- Up-to-date symlink: /home/robot/Documents/Grupo_pvsc_alas4_lopt_iams/Robotic_Arny/ros2_ws/install/omx_interfaces/share/omx_interfaces/environment/pythonpath.dsv
[0.776s] -- Up-to-date symlink: /home/robot/Documents/Grupo_pvsc_alas4_lopt_iams/Robotic_Arny/ros2_ws/install/omx_interfaces/lib/python3.12/site-packages/omx_interfaces-0.0.0-py3.12.egg-info/PKG-INFO
[0.776s] -- Up-to-date symlink: /home/robot/Documents/Grupo_pvsc_alas4_lopt_iams/Robotic_Arny/ros2_ws/install/omx_interfaces/lib/python3.12/site-packages/omx_interfaces-0.0.0-py3.12.egg-info/SOURCES.txt
[0.776s] -- Up-to-date symlink: /home/robot/Documents/Grupo_pvsc_alas4_lopt_iams/Robotic_Arny/ros2_ws/install/omx_interfaces/lib/python3.12/site-packages/omx_interfaces-0.0.0-py3.12.egg-info/dependency_links.txt
[0.776s] -- Up-to-date symlink: /home/robot/Documents/Grupo_pvsc_alas4_lopt_iams/Robotic_Arny/ros2_ws/install/omx_interfaces/lib/python3.12/site-packages/omx_interfaces-0.0.0-py3.12.egg-info/top_level.txt
[0.777s] -- Up-to-date symlink: /home/robot/Documents/Grupo_pvsc_alas4_lopt_iams/Robotic_Arny/ros2_ws/install/omx_interfaces/lib/python3.12/site-packages/omx_interfaces/__init__.py
[0.777s] -- Up-to-date symlink: /home/robot/Documents/Grupo_pvsc_alas4_lopt_iams/Robotic_Arny/ros2_ws/install/omx_interfaces/lib/python3.12/site-packages/omx_interfaces/_omx_interfaces_s.ep.rosidl_typesupport_c.c
[0.778s] -- Up-to-date symlink: /home/robot/Documents/Grupo_pvsc_alas4_lopt_iams/Robotic_Arny/ros2_ws/install/omx_interfaces/lib/python3.12/site-packages/omx_interfaces/_omx_interfaces_s.ep.rosidl_typesupport_fastrtps_c.c
[0.778s] -- Up-to-date symlink: /home/robot/Documents/Grupo_pvsc_alas4_lopt_iams/Robotic_Arny/ros2_ws/install/omx_interfaces/lib/python3.12/site-packages/omx_interfaces/_omx_interfaces_s.ep.rosidl_typesupport_introspection_c.c
[0.778s] -- Up-to-date symlink: /home/robot/Documents/Grupo_pvsc_alas4_lopt_iams/Robotic_Arny/ros2_ws/install/omx_interfaces/lib/python3.12/site-packages/omx_interfaces/omx_interfaces_s__rosidl_typesupport_c.so
[0.778s] -- Up-to-date symlink: /home/robot/Documents/Grupo_pvsc_alas4_lopt_iams/Robotic_Arny/ros2_ws/install/omx_interfaces/lib/python3.12/site-packages/omx_interfaces/omx_interfaces_s__rosidl_typesupport_fastrtps_c.so
[0.778s] -- Up-to-date symlink: /home/robot/Documents/Grupo_pvsc_alas4_lopt_iams/Robotic_Arny/ros2_ws/install/omx_interfaces/lib/python3.12/site-packages/omx_interfaces/omx_interfaces_s__rosidl_typesupport_introspection_c.so
[0.779s] -- Up-to-date symlink: /home/robot/Documents/Grupo_pvsc_alas4_lopt_iams/Robotic_Arny/ros2_ws/install/omx_interfaces/lib/python3.12/site-packages/omx_interfaces/srv/__init__.py
[0.779s] -- Up-to-date symlink: /home/robot/Documents/Grupo_pvsc_alas4_lopt_iams/Robotic_Arny/ros2_ws/install/omx_interfaces/lib/python3.12/site-packages/omx_interfaces/srv/_execute_trajectory.py
[0.779s] -- Up-to-date symlink: /home/robot/Documents/Grupo_pvsc_alas4_lopt_iams/Robotic_Arny/ros2_ws/install/omx_interfaces/lib/python3.12/site-packages/omx_interfaces/srv/_execute_trajectory_s.c
[0.779s] -- Up-to-date symlink: /home/robot/Documents/Grupo_pvsc_alas4_lopt_iams/Robotic_Arny/ros2_ws/install/omx_interfaces/lib/python3.12/site-packages/omx_interfaces/srv/_generate_trajectory.py
[0.779s] -- Up-to-date symlink: /home/robot/Documents/Grupo_pvsc_alas4_lopt_iams/Robotic_Arny/ros2_ws/install/omx_interfaces/lib/python3.12/site-packages/omx_interfaces/srv/_generate_trajectory_s.c
[0.780s] -- Up-to-date symlink: /home/robot/Documents/Grupo_pvsc_alas4_lopt_iams/Robotic_Arny/ros2_ws/install/omx_interfaces/lib/python3.12/site-packages/omx_interfaces/srv/_set_gripper.py
[0.780s] -- Up-to-date symlink: /home/robot/Documents/Grupo_pvsc_alas4_lopt_iams/Robotic_Arny/ros2_ws/install/omx_interfaces/lib/python3.12/site-packages/omx_interfaces/srv/_set_gripper_s.c
[0.780s] -- Up-to-date symlink: /home/robot/Documents/Grupo_pvsc_alas4_lopt_iams/Robotic_Arny/ros2_ws/install/omx_interfaces/lib/python3.12/site-packages/omx_interfaces/omx_interfaces_s__rosidl_typesupport_fastrtps_c.so
[0.781s] -- Up-to-date symlink: /home/robot/Documents/Grupo_pvsc_alas4_lopt_iams/Robotic_Arny/ros2_ws/install/omx_interfaces/lib/python3.12/site-packages/omx_interfaces/omx_interfaces_s__rosidl_typesupport_introspection_c.so
[0.781s] -- Up-to-date symlink: /home/robot/Documents/Grupo_pvsc_alas4_lopt_iams/Robotic_Arny/ros2_ws/install/omx_interfaces/lib/python3.12/site-packages/omx_interfaces/omx_interfaces_s__rosidl_typesupport_c.so
[0.781s] -- Up-to-date symlink: /home/robot/Documents/Grupo_pvsc_alas4_lopt_iams/Robotic_Arny/ros2_ws/install/omx_interfaces/share/ament_index/resource_index/rust_packages/omx_interfaces
[0.782s] -- Up-to-date symlink: /home/robot/Documents/Grupo_pvsc_alas4_lopt_iams/Robotic_Arny/ros2_ws/install/omx_interfaces/share/omx_interfaces/rust/Cargo.toml
[0.782s] -- Up-to-date symlink: /home/robot/Documents/Grupo_pvsc_alas4_lopt_iams/Robotic_Arny/ros2_ws/install/omx_interfaces/share/omx_interfaces/rust/build.rs
[0.782s] -- Up-to-date symlink: /home/robot/Documents/Grupo_pvsc_alas4_lopt_iams/Robotic_Arny/ros2_ws/install/omx_interfaces/share/omx_interfaces/rust/src/lib.rs
[0.782s] -- Up-to-date symlink: /home/robot/Documents/Grupo_pvsc_alas4_lopt_iams/Robotic_Arny/ros2_ws/install/omx_interfaces/share/omx_interfaces/rust/src/srv.rs
[0.783s] -- Up-to-date symlink: /home/robot/Documents/Grupo_pvsc_alas4_lopt_iams/Robotic_Arny/ros2_ws/install/omx_interfaces/share/omx_interfaces/rust/src/srv/rmw.rs
[0.783s] -- Up-to-date symlink: /home/robot/Documents/Grupo_pvsc_alas4_lopt_iams/Robotic_Arny/ros2_ws/install/omx_interfaces/share/omx_interfaces/srv/GenerateTrajectory.idl
[0.783s] -- Up-to-date symlink: /home/robot/Documents/Grupo_pvsc_alas4_lopt_iams/Robotic_Arny/ros2_ws/install/omx_interfaces/share/omx_interfaces/srv/ExecuteTrajectory.idl
[0.783s] -- Up-to-date symlink: /home/robot/Documents/Grupo_pvsc_alas4_lopt_iams/Robotic_Arny/ros2_ws/install/omx_interfaces/share/omx_interfaces/srv/SetGripper.idl
[0.784s] -- Up-to-date symlink: /home/robot/Documents/Grupo_pvsc_alas4_lopt_iams/Robotic_Arny/ros2_ws/install/omx_interfaces/share/omx_interfaces/srv/GenerateTrajectory.srv
[0.784s] -- Up-to-date symlink: /home/robot/Documents/Grupo_pvsc_alas4_lopt_iams/Robotic_Arny/ros2_ws/install/omx_interfaces/share/omx_interfaces/srv/ExecuteTrajectory.srv
[0.784s] -- Up-to-date symlink: /home/robot/Documents/Grupo_pvsc_alas4_lopt_iams/Robotic_Arny/ros2_ws/install/omx_interfaces/share/omx_interfaces/srv/SetGripper.srv
[0.784s] -- Up-to-date symlink: /home/robot/Documents/Grupo_pvsc_alas4_lopt_iams/Robotic_Arny/ros2_ws/install/omx_interfaces/share/ament_index/resource_index/package_run_dependencies/omx_interfaces
[0.785s] -- Up-to-date symlink: /home/robot/Documents/Grupo_pvsc_alas4_lopt_iams/Robotic_Arny/ros2_ws/install/omx_interfaces/share/ament_index/resource_index/parent_prefix_path/omx_interfaces
[0.785s] -- Up-to-date symlink: /home/robot/Documents/Grupo_pvsc_alas4_lopt_iams/Robotic_Arny/ros2_ws/install/omx_interfaces/share/omx_interfaces/environment/ament_prefix_path.sh
[0.785s] -- Up-to-date symlink: /home/robot/Documents/Grupo_pvsc_alas4_lopt_iams/Robotic_Arny/ros2_ws/install/omx_interfaces/share/omx_interfaces/environment/ament_prefix_path.dsv
[0.785s] -- Up-to-date symlink: /home/robot/Documents/Grupo_pvsc_alas4_lopt_iams/Robotic_Arny/ros2_ws/install/omx_interfaces/share/omx_interfaces/environment/path.sh
[0.786s] -- Up-to-date symlink: /home/robot/Documents/Grupo_pvsc_alas4_lopt_iams/Robotic_Arny/ros2_ws/install/omx_interfaces/share/omx_interfaces/environment/path.dsv
[0.786s] -- Up-to-date symlink: /home/robot/Documents/Grupo_pvsc_alas4_lopt_iams/Robotic_Arny/ros2_ws/install/omx_interfaces/share/omx_interfaces/local_setup.bash
[0.786s] -- Up-to-date symlink: /home/robot/Documents/Grupo_pvsc_alas4_lopt_iams/Robotic_Arny/ros2_ws/install/omx_interfaces/share/omx_interfaces/local_setup.sh
[0.786s] -- Up-to-date symlink: /home/robot/Documents/Grupo_pvsc_alas4_lopt_iams/Robotic_Arny/ros2_ws/install/omx_interfaces/share/omx_interfaces/local_setup.zsh
[0.787s] -- Up-to-date symlink: /home/robot/Documents/Grupo_pvsc_alas4_lopt_iams/Robotic_Arny/ros2_ws/install/omx_interfaces/share/omx_interfaces/local_setup.dsv
[0.787s] -- Symlinking: /home/robot/Documents/Grupo_pvsc_alas4_lopt_iams/Robotic_Arny/ros2_ws/install/omx_interfaces/share/omx_interfaces/package.dsv
[0.799s] -- Up-to-date symlink: /home/robot/Documents/Grupo_pvsc_alas4_lopt_iams/Robotic_Arny/ros2_ws/install/omx_interfaces/share/ament_index/resource_index/packages/omx_interfaces
[0.800s] -- Up-to-date symlink: /home/robot/Documents/Grupo_pvsc_alas4_lopt_iams/Robotic_Arny/ros2_ws/install/omx_interfaces/share/omx_interfaces/cmake/rosidl_cmake-extras.cmake
[0.800s] -- Up-to-date symlink: /home/robot/Documents/Grupo_pvsc_alas4_lopt_iams/Robotic_Arny/ros2_ws/install/omx_interfaces/share/omx_interfaces/cmake/ament_cmake_export_dependencies-extras.cmake
[0.800s] -- Up-to-date symlink: /home/robot/Documents/Grupo_pvsc_alas4_lopt_iams/Robotic_Arny/ros2_ws/install/omx_interfaces/share/omx_interfaces/cmake/ament_cmake_export_include_directories-extras.cmake
[0.801s] -- Up-to-date symlink: /home/robot/Documents/Grupo_pvsc_alas4_lopt_iams/Robotic_Arny/ros2_ws/install/omx_interfaces/share/omx_interfaces/cmake/ament_cmake_export_libraries-extras.cmake
[0.801s] -- Up-to-date symlink: /home/robot/Documents/Grupo_pvsc_alas4_lopt_iams/Robotic_Arny/ros2_ws/install/omx_interfaces/share/omx_interfaces/cmake/ament_cmake_export_targets-extras.cmake
[0.801s] -- Up-to-date symlink: /home/robot/Documents/Grupo_pvsc_alas4_lopt_iams/Robotic_Arny/ros2_ws/install/omx_interfaces/share/omx_interfaces/cmake/rosidl_cmake_export_typesupport_targets-extras.cmake
[0.801s] -- Up-to-date symlink: /home/robot/Documents/Grupo_pvsc_alas4_lopt_iams/Robotic_Arny/ros2_ws/install/omx_interfaces/share/omx_interfaces/cmake/rosidl_cmake_export_typesupport_libraries-extras.cmake
[0.802s] -- Up-to-date symlink: /home/robot/Documents/Grupo_pvsc_alas4_lopt_iams/Robotic_Arny/ros2_ws/install/omx_interfaces/share/omx_interfaces/cmake/omx_interfacesConfig.cmake
[0.802s] -- Up-to-date symlink: /home/robot/Documents/Grupo_pvsc_alas4_lopt_iams/Robotic_Arny/ros2_ws/install/omx_interfaces/share/omx_interfaces/cmake/omx_interfacesConfig-version.cmake
[0.802s] -- Up-to-date symlink: /home/robot/Documents/Grupo_pvsc_alas4_lopt_iams/Robotic_Arny/ros2_ws/install/omx_interfaces/share/omx_interfaces/package.xml
[0.802s] -- Up-to-date: /home/robot/Documents/Grupo_pvsc_alas4_lopt_iams/Robotic_Arny/ros2_ws/install/omx_interfaces/lib/libomx_interfaces__rosidl_generator_c.so
[0.803s] -- Up-to-date: /home/robot/Documents/Grupo_pvsc_alas4_lopt_iams/Robotic_Arny/ros2_ws/install/omx_interfaces/lib/libomx_interfaces__rosidl_typesupport_fastrtps_c.so
[0.803s] -- Up-to-date: /home/robot/Documents/Grupo_pvsc_alas4_lopt_iams/Robotic_Arny/ros2_ws/install/omx_interfaces/lib/libomx_interfaces__rosidl_typesupport_introspection_c.so
[0.804s] -- Up-to-date: /home/robot/Documents/Grupo_pvsc_alas4_lopt_iams/Robotic_Arny/ros2_ws/install/omx_interfaces/lib/libomx_interfaces__rosidl_typesupport_c.so
[0.804s] -- Up-to-date: /home/robot/Documents/Grupo_pvsc_alas4_lopt_iams/Robotic_Arny/ros2_ws/install/omx_interfaces/lib/libomx_interfaces__rosidl_typesupport_fastrtps_cpp.so
[0.805s] -- Up-to-date: /home/robot/Documents/Grupo_pvsc_alas4_lopt_iams/Robotic_Arny/ros2_ws/install/omx_interfaces/lib/libomx_interfaces__rosidl_typesupport_introspection_cpp.so
[0.806s] -- Up-to-date: /home/robot/Documents/Grupo_pvsc_alas4_lopt_iams/Robotic_Arny/ros2_ws/install/omx_interfaces/lib/libomx_interfaces__rosidl_typesupport_cpp.so
[0.853s] Listing '/home/robot/Documents/Grupo_pvsc_alas4_lopt_iams/Robotic_Arny/ros2_ws/install/omx_interfaces/lib/python3.12/site-packages/omx_interfaces'...
[0.853s] Listing '/home/robot/Documents/Grupo_pvsc_alas4_lopt_iams/Robotic_Arny/ros2_ws/install/omx_interfaces/lib/python3.12/site-packages/omx_interfaces/srv'...
[0.860s] -- Up-to-date: /home/robot/Documents/Grupo_pvsc_alas4_lopt_iams/Robotic_Arny/ros2_ws/install/omx_interfaces/lib/libomx_interfaces__rosidl_generator_py.so
[0.860s] -- Up-to-date: /home/robot/Documents/Grupo_pvsc_alas4_lopt_iams/Robotic_Arny/ros2_ws/install/omx_interfaces/share/omx_interfaces/cmake/export_omx_interfaces__rosidl_generator_cExport.cmake
[0.860s] -- Up-to-date: /home/robot/Documents/Grupo_pvsc_alas4_lopt_iams/Robotic_Arny/ros2_ws/install/omx_interfaces/share/omx_interfaces/cmake/export_omx_interfaces__rosidl_generator_cExport-noconfig.cmake
[0.861s] -- Up-to-date: /home/robot/Documents/Grupo_pvsc_alas4_lopt_iams/Robotic_Arny/ros2_ws/install/omx_interfaces/share/omx_interfaces/cmake/export_omx_interfaces__rosidl_typesupport_fastrtps_cExport.cmake
[0.861s] -- Up-to-date: /home/robot/Documents/Grupo_pvsc_alas4_lopt_iams/Robotic_Arny/ros2_ws/install/omx_interfaces/share/omx_interfaces/cmake/export_omx_interfaces__rosidl_typesupport_fastrtps_cExport-noconfig.cmake
[0.861s] -- Up-to-date: /home/robot/Documents/Grupo_pvsc_alas4_lopt_iams/Robotic_Arny/ros2_ws/install/omx_interfaces/share/omx_interfaces/cmake/omx_interfaces__rosidl_typesupport_introspection_cExport.cmake
[0.861s] -- Up-to-date: /home/robot/Documents/Grupo_pvsc_alas4_lopt_iams/Robotic_Arny/ros2_ws/install/omx_interfaces/share/omx_interfaces/cmake/omx_interfaces__rosidl_typesupport_introspection_cExport-noconfig.cmake
[0.861s] -- Up-to-date: /home/robot/Documents/Grupo_pvsc_alas4_lopt_iams/Robotic_Arny/ros2_ws/install/omx_interfaces/share/omx_interfaces/cmake/omx_interfaces__rosidl_typesupport_cExport.cmake
[0.861s] -- Up-to-date: /home/robot/Documents/Grupo_pvsc_alas4_lopt_iams/Robotic_Arny/ros2_ws/install/omx_interfaces/share/omx_interfaces/cmake/omx_interfaces__rosidl_typesupport_cExport-noconfig.cmake
[0.862s] -- Up-to-date: /home/robot/Documents/Grupo_pvsc_alas4_lopt_iams/Robotic_Arny/ros2_ws/install/omx_interfaces/share/omx_interfaces/cmake/export_omx_interfaces__rosidl_generator_cppExport.cmake
[0.862s] -- Up-to-date: /home/robot/Documents/Grupo_pvsc_alas4_lopt_iams/Robotic_Arny/ros2_ws/install/omx_interfaces/share/omx_interfaces/cmake/export_omx_interfaces__rosidl_typesupport_fastrtps_cppExport.cmake
[0.862s] -- Up-to-date: /home/robot/Documents/Grupo_pvsc_alas4_lopt_iams/Robotic_Arny/ros2_ws/install/omx_interfaces/share/omx_interfaces/cmake/export_omx_interfaces__rosidl_typesupport_fastrtps_cppExport-noconfig.cmake
[0.862s] -- Up-to-date: /home/robot/Documents/Grupo_pvsc_alas4_lopt_iams/Robotic_Arny/ros2_ws/install/omx_interfaces/share/omx_interfaces/cmake/omx_interfaces__rosidl_typesupport_introspection_cppExport.cmake
[0.862s] -- Up-to-date: /home/robot/Documents/Grupo_pvsc_alas4_lopt_iams/Robotic_Arny/ros2_ws/install/omx_interfaces/share/omx_interfaces/cmake/omx_interfaces__rosidl_typesupport_introspection_cppExport-noconfig.cmake
[0.862s] -- Up-to-date: /home/robot/Documents/Grupo_pvsc_alas4_lopt_iams/Robotic_Arny/ros2_ws/install/omx_interfaces/share/omx_interfaces/cmake/omx_interfaces__rosidl_typesupport_cppExport.cmake
[0.862s] -- Up-to-date: /home/robot/Documents/Grupo_pvsc_alas4_lopt_iams/Robotic_Arny/ros2_ws/install/omx_interfaces/share/omx_interfaces/cmake/omx_interfaces__rosidl_typesupport_cppExport-noconfig.cmake
[0.862s] -- Up-to-date: /home/robot/Documents/Grupo_pvsc_alas4_lopt_iams/Robotic_Arny/ros2_ws/install/omx_interfaces/share/omx_interfaces/cmake/export_omx_interfaces__rosidl_generator_pyExport.cmake
[0.862s] -- Up-to-date: /home/robot/Documents/Grupo_pvsc_alas4_lopt_iams/Robotic_Arny/ros2_ws/install/omx_interfaces/share/omx_interfaces/cmake/export_omx_interfaces__rosidl_generator_pyExport-noconfig.cmake
[0.865s] Invoked command in '/home/robot/Documents/Grupo_pvsc_alas4_lopt_iams/Robotic_Arny/ros2_ws/build/omx_interfaces' returned '0': CMAKE_PREFIX_PATH=${CMAKE_PREFIX_PATH}:/home/robot/Documents/Grupo_pvsc_alas4_lopt_iams/Robotic_Arny/ros2_ws/install/omx_ros2:/opt/ros/jazzy DEBUGINFOD_URLS=https://debuginfod.ubuntu.com PS1=(venv_omx) \[\e]0;\u@\h: \w\a\]${debian_chroot:+($debian_chroot)}\[\033[01;32m\]\u@\h\[\033[00m\]:\[\033[01;34m\]\w\[\033[00m\]\$ VIRTUAL_ENV_PROMPT=(venv_omx) /usr/bin/cmake --install /home/robot/Documents/Grupo_pvsc_alas4_lopt_iams/Robotic_Arny/ros2_ws/build/omx_interfaces
