[  3%] [34m[1mGenerating Rust code for ROS interfaces[0m
[  3%] [34m[1mGenerating type hashes for ROS interfaces[0m
[  3%] Built target ament_cmake_python_symlink_omx_interfaces
running egg_info
[  3%] Built target omx_interfaces__rosidl_generator_type_description
creating omx_interfaces.egg-info
writing omx_interfaces.egg-info/PKG-INFO
writing dependency_links to omx_interfaces.egg-info/dependency_links.txt
writing top-level names to omx_interfaces.egg-info/top_level.txt
writing manifest file 'omx_interfaces.egg-info/SOURCES.txt'
[  5%] [34m[1mGenerating C code for ROS interfaces[0m
[  7%] [34m[1mGenerating C++ code for ROS interfaces[0m
[  7%] Built target omx_interfaces__rs
reading manifest file 'omx_interfaces.egg-info/SOURCES.txt'
writing manifest file 'omx_interfaces.egg-info/SOURCES.txt'
[  7%] Built target ament_cmake_python_build_omx_interfaces_egg
[  7%] Built target omx_interfaces__cpp
[ 14%] [32mBuilding C object CMakeFiles/omx_interfaces__rosidl_generator_c.dir/rosidl_generator_c/omx_interfaces/srv/detail/generate_trajectory__description.c.o[0m
[ 14%] [32mBuilding C object CMakeFiles/omx_interfaces__rosidl_generator_c.dir/rosidl_generator_c/omx_interfaces/srv/detail/generate_trajectory__functions.c.o[0m
[ 14%] [32mBuilding C object CMakeFiles/omx_interfaces__rosidl_generator_c.dir/rosidl_generator_c/omx_interfaces/srv/detail/execute_trajectory__description.c.o[0m
[ 14%] [32mBuilding C object CMakeFiles/omx_interfaces__rosidl_generator_c.dir/rosidl_generator_c/omx_interfaces/srv/detail/generate_trajectory__type_support.c.o[0m
[ 16%] [32mBuilding C object CMakeFiles/omx_interfaces__rosidl_generator_c.dir/rosidl_generator_c/omx_interfaces/srv/detail/execute_trajectory__functions.c.o[0m
[ 18%] [32mBuilding C object CMakeFiles/omx_interfaces__rosidl_generator_c.dir/rosidl_generator_c/omx_interfaces/srv/detail/execute_trajectory__type_support.c.o[0m
[ 20%] [32mBuilding C object CMakeFiles/omx_interfaces__rosidl_generator_c.dir/rosidl_generator_c/omx_interfaces/srv/detail/set_gripper__type_support.c.o[0m
[ 21%] [32mBuilding C object CMakeFiles/omx_interfaces__rosidl_generator_c.dir/rosidl_generator_c/omx_interfaces/srv/detail/set_gripper__functions.c.o[0m
[ 23%] [32mBuilding C object CMakeFiles/omx_interfaces__rosidl_generator_c.dir/rosidl_generator_c/omx_interfaces/srv/detail/set_gripper__description.c.o[0m
[ 25%] [32m[1mLinking C shared library libomx_interfaces__rosidl_generator_c.so[0m
[ 25%] Built target omx_interfaces__rosidl_generator_c
[ 34%] [34m[1mGenerating C type support for eProsima Fast-RTPS[0m
[ 34%] [34m[1mGenerating C type support dispatch for ROS interfaces[0m
[ 34%] [34m[1mGenerating C introspection for ROS interfaces[0m
[ 34%] [34m[1mGenerating C++ type support dispatch for ROS interfaces[0m
[ 34%] [34m[1mGenerating C++ type support for eProsima Fast-RTPS[0m
[ 36%] [34m[1mGenerating C++ introspection for ROS interfaces[0m
[ 38%] [32mBuilding CXX object CMakeFiles/omx_interfaces__rosidl_typesupport_c.dir/rosidl_typesupport_c/omx_interfaces/srv/generate_trajectory__type_support.cpp.o[0m
[ 41%] [32mBuilding CXX object CMakeFiles/omx_interfaces__rosidl_typesupport_c.dir/rosidl_typesupport_c/omx_interfaces/srv/set_gripper__type_support.cpp.o[0m
[ 41%] [32mBuilding CXX object CMakeFiles/omx_interfaces__rosidl_typesupport_c.dir/rosidl_typesupport_c/omx_interfaces/srv/execute_trajectory__type_support.cpp.o[0m
[ 47%] [32mBuilding CXX object CMakeFiles/omx_interfaces__rosidl_typesupport_cpp.dir/rosidl_typesupport_cpp/omx_interfaces/srv/execute_trajectory__type_support.cpp.o[0m
[ 47%] [32mBuilding CXX object CMakeFiles/omx_interfaces__rosidl_typesupport_cpp.dir/rosidl_typesupport_cpp/omx_interfaces/srv/generate_trajectory__type_support.cpp.o[0m
[ 47%] [32mBuilding CXX object CMakeFiles/omx_interfaces__rosidl_typesupport_cpp.dir/rosidl_typesupport_cpp/omx_interfaces/srv/set_gripper__type_support.cpp.o[0m
[ 52%] [32mBuilding CXX object CMakeFiles/omx_interfaces__rosidl_typesupport_introspection_cpp.dir/rosidl_typesupport_introspection_cpp/omx_interfaces/srv/detail/generate_trajectory__type_support.cpp.o[0m
[ 52%] [32mBuilding CXX object CMakeFiles/omx_interfaces__rosidl_typesupport_introspection_cpp.dir/rosidl_typesupport_introspection_cpp/omx_interfaces/srv/detail/set_gripper__type_support.cpp.o[0m
[ 52%] [32mBuilding CXX object CMakeFiles/omx_interfaces__rosidl_typesupport_introspection_cpp.dir/rosidl_typesupport_introspection_cpp/omx_interfaces/srv/detail/execute_trajectory__type_support.cpp.o[0m
[ 54%] [32m[1mLinking CXX shared library libomx_interfaces__rosidl_typesupport_c.so[0m
[ 54%] Built target omx_interfaces__rosidl_typesupport_c
[ 60%] [32mBuilding C object CMakeFiles/omx_interfaces__rosidl_typesupport_introspection_c.dir/rosidl_typesupport_introspection_c/omx_interfaces/srv/detail/generate_trajectory__type_support.c.o[0m
[ 60%] [32mBuilding C object CMakeFiles/omx_interfaces__rosidl_typesupport_introspection_c.dir/rosidl_typesupport_introspection_c/omx_interfaces/srv/detail/set_gripper__type_support.c.o[0m
[ 60%] [32mBuilding C object CMakeFiles/omx_interfaces__rosidl_typesupport_introspection_c.dir/rosidl_typesupport_introspection_c/omx_interfaces/srv/detail/execute_trajectory__type_support.c.o[0m
[ 61%] [32m[1mLinking C shared library libomx_interfaces__rosidl_typesupport_introspection_c.so[0m
[ 63%] [32mBuilding CXX object CMakeFiles/omx_interfaces__rosidl_typesupport_fastrtps_c.dir/rosidl_typesupport_fastrtps_c/omx_interfaces/srv/detail/generate_trajectory__type_support_c.cpp.o[0m
[ 67%] [32mBuilding CXX object CMakeFiles/omx_interfaces__rosidl_typesupport_fastrtps_c.dir/rosidl_typesupport_fastrtps_c/omx_interfaces/srv/detail/set_gripper__type_support_c.cpp.o[0m
[ 67%] [32mBuilding CXX object CMakeFiles/omx_interfaces__rosidl_typesupport_fastrtps_c.dir/rosidl_typesupport_fastrtps_c/omx_interfaces/srv/detail/execute_trajectory__type_support_c.cpp.o[0m
[ 69%] [32mBuilding CXX object CMakeFiles/omx_interfaces__rosidl_typesupport_fastrtps_cpp.dir/rosidl_typesupport_fastrtps_cpp/omx_interfaces/srv/detail/dds_fastrtps/generate_trajectory__type_support.cpp.o[0m
[ 70%] [32mBuilding CXX object CMakeFiles/omx_interfaces__rosidl_typesupport_fastrtps_cpp.dir/rosidl_typesupport_fastrtps_cpp/omx_interfaces/srv/detail/dds_fastrtps/execute_trajectory__type_support.cpp.o[0m
[ 70%] Built target omx_interfaces__rosidl_typesupport_introspection_c
[ 72%] [32mBuilding CXX object CMakeFiles/omx_interfaces__rosidl_typesupport_fastrtps_cpp.dir/rosidl_typesupport_fastrtps_cpp/omx_interfaces/srv/detail/dds_fastrtps/set_gripper__type_support.cpp.o[0m
[ 74%] [32m[1mLinking CXX shared library libomx_interfaces__rosidl_typesupport_cpp.so[0m
[ 76%] [32m[1mLinking CXX shared library libomx_interfaces__rosidl_typesupport_introspection_cpp.so[0m
[ 76%] Built target omx_interfaces__rosidl_typesupport_cpp
[ 78%] [32m[1mLinking CXX shared library libomx_interfaces__rosidl_typesupport_fastrtps_c.so[0m
[ 78%] Built target omx_interfaces__rosidl_typesupport_introspection_cpp
[ 78%] Built target omx_interfaces__rosidl_typesupport_fastrtps_c
[ 80%] [32m[1mLinking CXX shared library libomx_interfaces__rosidl_typesupport_fastrtps_cpp.so[0m
[ 80%] Built target omx_interfaces__rosidl_typesupport_fastrtps_cpp
[ 80%] Built target omx_interfaces
[ 81%] [34m[1mGenerating Python code for ROS interfaces[0m
[ 81%] Built target omx_interfaces__py
[ 87%] [32mBuilding C object CMakeFiles/omx_interfaces__rosidl_generator_py.dir/rosidl_generator_py/omx_interfaces/srv/_set_gripper_s.c.o[0m
[ 87%] [32mBuilding C object CMakeFiles/omx_interfaces__rosidl_generator_py.dir/rosidl_generator_py/omx_interfaces/srv/_execute_trajectory_s.c.o[0m
[ 87%] [32mBuilding C object CMakeFiles/omx_interfaces__rosidl_generator_py.dir/rosidl_generator_py/omx_interfaces/srv/_generate_trajectory_s.c.o[0m
[ 89%] [32m[1mLinking C shared library libomx_interfaces__rosidl_generator_py.so[0m
[ 89%] Built target omx_interfaces__rosidl_generator_py
[ 94%] [32mBuilding C object CMakeFiles/omx_interfaces_s__rosidl_typesupport_c.dir/rosidl_generator_py/omx_interfaces/_omx_interfaces_s.ep.rosidl_typesupport_c.c.o[0m
[ 94%] [32mBuilding C object CMakeFiles/omx_interfaces_s__rosidl_typesupport_fastrtps_c.dir/rosidl_generator_py/omx_interfaces/_omx_interfaces_s.ep.rosidl_typesupport_fastrtps_c.c.o[0m
[ 94%] [32mBuilding C object CMakeFiles/omx_interfaces_s__rosidl_typesupport_introspection_c.dir/rosidl_generator_py/omx_interfaces/_omx_interfaces_s.ep.rosidl_typesupport_introspection_c.c.o[0m
[ 98%] [32m[1mLinking C shared module rosidl_generator_py/omx_interfaces/omx_interfaces_s__rosidl_typesupport_c.so[0m
[ 98%] [32m[1mLinking C shared module rosidl_generator_py/omx_interfaces/omx_interfaces_s__rosidl_typesupport_introspection_c.so[0m
[100%] [32m[1mLinking C shared module rosidl_generator_py/omx_interfaces/omx_interfaces_s__rosidl_typesupport_fastrtps_c.so[0m
[100%] Built target omx_interfaces_s__rosidl_typesupport_c
[100%] Built target omx_interfaces_s__rosidl_typesupport_introspection_c
[100%] Built target omx_interfaces_s__rosidl_typesupport_fastrtps_c
