[0.015s] Invoking command in '/home/robot/Documents/Grupo_pvsc_alas4_lopt_iams/Robotic_Arny/ros2_ws/build/omx_interfaces': CMAKE_PREFIX_PATH=${CMAKE_PREFIX_PATH}:/opt/ros/jazzy DEBUGINFOD_URLS=https://debuginfod.ubuntu.com PS1=(venv_omx) \[\e]0;\u@\h: \w\a\]${debian_chroot:+($debian_chroot)}\[\033[01;32m\]\u@\h\[\033[00m\]:\[\033[01;34m\]\w\[\033[00m\]\$ VIRTUAL_ENV_PROMPT=(venv_omx) /usr/bin/cmake --build /home/robot/Documents/Grupo_pvsc_alas4_lopt_iams/Robotic_Arny/ros2_ws/build/omx_interfaces -- -j12 -l12
[0.060s] [  3%] [34m[1mGenerating Rust code for ROS interfaces[0m
[0.060s] [  3%] [34m[1mGenerating type hashes for ROS interfaces[0m
[0.069s] [  3%] Built target ament_cmake_python_symlink_omx_interfaces
[0.280s] running egg_info
[0.291s] [  3%] Built target omx_interfaces__rosidl_generator_type_description
[0.300s] creating omx_interfaces.egg-info
[0.300s] writing omx_interfaces.egg-info/PKG-INFO
[0.301s] writing dependency_links to omx_interfaces.egg-info/dependency_links.txt
[0.301s] writing top-level names to omx_interfaces.egg-info/top_level.txt
[0.301s] writing manifest file 'omx_interfaces.egg-info/SOURCES.txt'
[0.304s] [  5%] [34m[1mGenerating C code for ROS interfaces[0m
[0.314s] [  7%] [34m[1mGenerating C++ code for ROS interfaces[0m
[0.314s] [  7%] Built target omx_interfaces__rs
[0.362s] reading manifest file 'omx_interfaces.egg-info/SOURCES.txt'
[0.363s] writing manifest file 'omx_interfaces.egg-info/SOURCES.txt'
[0.392s] [  7%] Built target ament_cmake_python_build_omx_interfaces_egg
[0.706s] [  7%] Built target omx_interfaces__cpp
[0.766s] [ 14%] [32mBuilding C object CMakeFiles/omx_interfaces__rosidl_generator_c.dir/rosidl_generator_c/omx_interfaces/srv/detail/generate_trajectory__description.c.o[0m
[0.766s] [ 14%] [32mBuilding C object CMakeFiles/omx_interfaces__rosidl_generator_c.dir/rosidl_generator_c/omx_interfaces/srv/detail/generate_trajectory__functions.c.o[0m
[0.766s] [ 14%] [32mBuilding C object CMakeFiles/omx_interfaces__rosidl_generator_c.dir/rosidl_generator_c/omx_interfaces/srv/detail/execute_trajectory__description.c.o[0m
[0.766s] [ 14%] [32mBuilding C object CMakeFiles/omx_interfaces__rosidl_generator_c.dir/rosidl_generator_c/omx_interfaces/srv/detail/generate_trajectory__type_support.c.o[0m
[0.767s] [ 16%] [32mBuilding C object CMakeFiles/omx_interfaces__rosidl_generator_c.dir/rosidl_generator_c/omx_interfaces/srv/detail/execute_trajectory__functions.c.o[0m
[0.767s] [ 18%] [32mBuilding C object CMakeFiles/omx_interfaces__rosidl_generator_c.dir/rosidl_generator_c/omx_interfaces/srv/detail/execute_trajectory__type_support.c.o[0m
[0.768s] [ 20%] [32mBuilding C object CMakeFiles/omx_interfaces__rosidl_generator_c.dir/rosidl_generator_c/omx_interfaces/srv/detail/set_gripper__type_support.c.o[0m
[0.768s] [ 21%] [32mBuilding C object CMakeFiles/omx_interfaces__rosidl_generator_c.dir/rosidl_generator_c/omx_interfaces/srv/detail/set_gripper__functions.c.o[0m
[0.768s] [ 23%] [32mBuilding C object CMakeFiles/omx_interfaces__rosidl_generator_c.dir/rosidl_generator_c/omx_interfaces/srv/detail/set_gripper__description.c.o[0m
[0.854s] [ 25%] [32m[1mLinking C shared library libomx_interfaces__rosidl_generator_c.so[0m
[0.887s] [ 25%] Built target omx_interfaces__rosidl_generator_c
[0.897s] [ 34%] [34m[1mGenerating C type support for eProsima Fast-RTPS[0m
[0.897s] [ 34%] [34m[1mGenerating C type support dispatch for ROS interfaces[0m
[0.897s] [ 34%] [34m[1mGenerating C introspection for ROS interfaces[0m
[0.897s] [ 34%] [34m[1mGenerating C++ type support dispatch for ROS interfaces[0m
[0.897s] [ 34%] [34m[1mGenerating C++ type support for eProsima Fast-RTPS[0m
[0.898s] [ 36%] [34m[1mGenerating C++ introspection for ROS interfaces[0m
[1.234s] [ 38%] [32mBuilding CXX object CMakeFiles/omx_interfaces__rosidl_typesupport_c.dir/rosidl_typesupport_c/omx_interfaces/srv/generate_trajectory__type_support.cpp.o[0m
[1.237s] [ 41%] [32mBuilding CXX object CMakeFiles/omx_interfaces__rosidl_typesupport_c.dir/rosidl_typesupport_c/omx_interfaces/srv/set_gripper__type_support.cpp.o[0m
[1.237s] [ 41%] [32mBuilding CXX object CMakeFiles/omx_interfaces__rosidl_typesupport_c.dir/rosidl_typesupport_c/omx_interfaces/srv/execute_trajectory__type_support.cpp.o[0m
[1.270s] [ 47%] [32mBuilding CXX object CMakeFiles/omx_interfaces__rosidl_typesupport_cpp.dir/rosidl_typesupport_cpp/omx_interfaces/srv/execute_trajectory__type_support.cpp.o[0m
[1.270s] [ 47%] [32mBuilding CXX object CMakeFiles/omx_interfaces__rosidl_typesupport_cpp.dir/rosidl_typesupport_cpp/omx_interfaces/srv/generate_trajectory__type_support.cpp.o[0m
[1.271s] [ 47%] [32mBuilding CXX object CMakeFiles/omx_interfaces__rosidl_typesupport_cpp.dir/rosidl_typesupport_cpp/omx_interfaces/srv/set_gripper__type_support.cpp.o[0m
[1.305s] [ 52%] [32mBuilding CXX object CMakeFiles/omx_interfaces__rosidl_typesupport_introspection_cpp.dir/rosidl_typesupport_introspection_cpp/omx_interfaces/srv/detail/generate_trajectory__type_support.cpp.o[0m
[1.305s] [ 52%] [32mBuilding CXX object CMakeFiles/omx_interfaces__rosidl_typesupport_introspection_cpp.dir/rosidl_typesupport_introspection_cpp/omx_interfaces/srv/detail/set_gripper__type_support.cpp.o[0m
[1.306s] [ 52%] [32mBuilding CXX object CMakeFiles/omx_interfaces__rosidl_typesupport_introspection_cpp.dir/rosidl_typesupport_introspection_cpp/omx_interfaces/srv/detail/execute_trajectory__type_support.cpp.o[0m
[1.306s] [ 54%] [32m[1mLinking CXX shared library libomx_interfaces__rosidl_typesupport_c.so[0m
[1.371s] [ 54%] Built target omx_interfaces__rosidl_typesupport_c
[1.399s] [ 60%] [32mBuilding C object CMakeFiles/omx_interfaces__rosidl_typesupport_introspection_c.dir/rosidl_typesupport_introspection_c/omx_interfaces/srv/detail/generate_trajectory__type_support.c.o[0m
[1.399s] [ 60%] [32mBuilding C object CMakeFiles/omx_interfaces__rosidl_typesupport_introspection_c.dir/rosidl_typesupport_introspection_c/omx_interfaces/srv/detail/set_gripper__type_support.c.o[0m
[1.399s] [ 60%] [32mBuilding C object CMakeFiles/omx_interfaces__rosidl_typesupport_introspection_c.dir/rosidl_typesupport_introspection_c/omx_interfaces/srv/detail/execute_trajectory__type_support.c.o[0m
[1.492s] [ 61%] [32m[1mLinking C shared library libomx_interfaces__rosidl_typesupport_introspection_c.so[0m
[1.505s] [ 63%] [32mBuilding CXX object CMakeFiles/omx_interfaces__rosidl_typesupport_fastrtps_c.dir/rosidl_typesupport_fastrtps_c/omx_interfaces/srv/detail/generate_trajectory__type_support_c.cpp.o[0m
[1.508s] [ 67%] [32mBuilding CXX object CMakeFiles/omx_interfaces__rosidl_typesupport_fastrtps_c.dir/rosidl_typesupport_fastrtps_c/omx_interfaces/srv/detail/set_gripper__type_support_c.cpp.o[0m
[1.508s] [ 67%] [32mBuilding CXX object CMakeFiles/omx_interfaces__rosidl_typesupport_fastrtps_c.dir/rosidl_typesupport_fastrtps_c/omx_interfaces/srv/detail/execute_trajectory__type_support_c.cpp.o[0m
[1.528s] [ 69%] [32mBuilding CXX object CMakeFiles/omx_interfaces__rosidl_typesupport_fastrtps_cpp.dir/rosidl_typesupport_fastrtps_cpp/omx_interfaces/srv/detail/dds_fastrtps/generate_trajectory__type_support.cpp.o[0m
[1.544s] [ 70%] [32mBuilding CXX object CMakeFiles/omx_interfaces__rosidl_typesupport_fastrtps_cpp.dir/rosidl_typesupport_fastrtps_cpp/omx_interfaces/srv/detail/dds_fastrtps/execute_trajectory__type_support.cpp.o[0m
[1.573s] [ 70%] Built target omx_interfaces__rosidl_typesupport_introspection_c
[1.592s] [ 72%] [32mBuilding CXX object CMakeFiles/omx_interfaces__rosidl_typesupport_fastrtps_cpp.dir/rosidl_typesupport_fastrtps_cpp/omx_interfaces/srv/detail/dds_fastrtps/set_gripper__type_support.cpp.o[0m
[2.071s] [ 74%] [32m[1mLinking CXX shared library libomx_interfaces__rosidl_typesupport_cpp.so[0m
[2.191s] [ 76%] [32m[1mLinking CXX shared library libomx_interfaces__rosidl_typesupport_introspection_cpp.so[0m
[2.243s] [ 76%] Built target omx_interfaces__rosidl_typesupport_cpp
[2.287s] [ 78%] [32m[1mLinking CXX shared library libomx_interfaces__rosidl_typesupport_fastrtps_c.so[0m
[2.287s] [ 78%] Built target omx_interfaces__rosidl_typesupport_introspection_cpp
[2.367s] [ 78%] Built target omx_interfaces__rosidl_typesupport_fastrtps_c
[2.498s] [ 80%] [32m[1mLinking CXX shared library libomx_interfaces__rosidl_typesupport_fastrtps_cpp.so[0m
[2.564s] [ 80%] Built target omx_interfaces__rosidl_typesupport_fastrtps_cpp
[2.580s] [ 80%] Built target omx_interfaces
[2.597s] [ 81%] [34m[1mGenerating Python code for ROS interfaces[0m
[3.149s] [ 81%] Built target omx_interfaces__py
[3.166s] [ 87%] [32mBuilding C object CMakeFiles/omx_interfaces__rosidl_generator_py.dir/rosidl_generator_py/omx_interfaces/srv/_set_gripper_s.c.o[0m
[3.166s] [ 87%] [32mBuilding C object CMakeFiles/omx_interfaces__rosidl_generator_py.dir/rosidl_generator_py/omx_interfaces/srv/_execute_trajectory_s.c.o[0m
[3.167s] [ 87%] [32mBuilding C object CMakeFiles/omx_interfaces__rosidl_generator_py.dir/rosidl_generator_py/omx_interfaces/srv/_generate_trajectory_s.c.o[0m
[3.300s] [ 89%] [32m[1mLinking C shared library libomx_interfaces__rosidl_generator_py.so[0m
[3.341s] [ 89%] Built target omx_interfaces__rosidl_generator_py
[3.358s] [ 94%] [32mBuilding C object CMakeFiles/omx_interfaces_s__rosidl_typesupport_c.dir/rosidl_generator_py/omx_interfaces/_omx_interfaces_s.ep.rosidl_typesupport_c.c.o[0m
[3.358s] [ 94%] [32mBuilding C object CMakeFiles/omx_interfaces_s__rosidl_typesupport_fastrtps_c.dir/rosidl_generator_py/omx_interfaces/_omx_interfaces_s.ep.rosidl_typesupport_fastrtps_c.c.o[0m
[3.358s] [ 94%] [32mBuilding C object CMakeFiles/omx_interfaces_s__rosidl_typesupport_introspection_c.dir/rosidl_generator_py/omx_interfaces/_omx_interfaces_s.ep.rosidl_typesupport_introspection_c.c.o[0m
[3.460s] [ 98%] [32m[1mLinking C shared module rosidl_generator_py/omx_interfaces/omx_interfaces_s__rosidl_typesupport_c.so[0m
[3.460s] [ 98%] [32m[1mLinking C shared module rosidl_generator_py/omx_interfaces/omx_interfaces_s__rosidl_typesupport_introspection_c.so[0m
[3.464s] [100%] [32m[1mLinking C shared module rosidl_generator_py/omx_interfaces/omx_interfaces_s__rosidl_typesupport_fastrtps_c.so[0m
[3.488s] [100%] Built target omx_interfaces_s__rosidl_typesupport_c
[3.488s] [100%] Built target omx_interfaces_s__rosidl_typesupport_introspection_c
[3.493s] [100%] Built target omx_interfaces_s__rosidl_typesupport_fastrtps_c
