-- Found ament_cmake: 2.5.6 (/opt/ros/jazzy/share/ament_cmake/cmake)
-- Override CMake install command with custom implementation using symlinks instead of copying resources
-- Found rosidl_default_generators: 1.6.0 (/opt/ros/jazzy/share/rosidl_default_generators/cmake)
-- Using all available rosidl_typesupport_c: rosidl_typesupport_fastrtps_c;rosidl_typesupport_introspection_c
-- Using all available rosidl_typesupport_cpp: rosidl_typesupport_fastrtps_cpp;rosidl_typesupport_introspection_cpp
-- Found rosidl_adapter: 4.6.7 (/opt/ros/jazzy/share/rosidl_adapter/cmake)
-- Found std_msgs: 5.3.7 (/opt/ros/jazzy/share/std_msgs/cmake)
-- Found trajectory_msgs: 5.3.7 (/opt/ros/jazzy/share/trajectory_msgs/cmake)
-- Found ament_cmake_ros: 0.12.0 (/opt/ros/jazzy/share/ament_cmake_ros/cmake)
-- Using all available rosidl_typesupport_c: rosidl_typesupport_fastrtps_c;rosidl_typesupport_introspection_c
-- Using all available rosidl_typesupport_cpp: rosidl_typesupport_fastrtps_cpp;rosidl_typesupport_introspection_cpp
-- Found python_cmake_module: 0.11.1 (/opt/ros/jazzy/share/python_cmake_module/cmake)
-- Found Python3: /usr/bin/python3 (found version "3.12.3") found components: Interpreter Development NumPy Development.Module Development.Embed 
-- Found Python3: /usr/bin/python3 (found version "3.12.3") found components: Interpreter 
-- Configuring done (1.2s)
-- Generating done (0.0s)
-- Build files have been written to: /home/robot/Documents/Grupo_pvsc_alas4_lopt_iams/Robotic_Arny/ros2_ws/build/omx_interfaces
[  1%] Built target omx_interfaces__rosidl_generator_type_description
[  3%] Built target omx_interfaces__rs
[  3%] Built target ament_cmake_python_symlink_omx_interfaces
[  5%] Built target omx_interfaces__cpp
[ 25%] Built target omx_interfaces__rosidl_generator_c
[ 50%] Built target omx_interfaces__rosidl_typesupport_c
[ 52%] Built target omx_interfaces__rosidl_typesupport_cpp
[ 52%] Built target omx_interfaces__rosidl_typesupport_introspection_c
[ 61%] Built target omx_interfaces__rosidl_typesupport_introspection_cpp
[ 70%] Built target omx_interfaces__rosidl_typesupport_fastrtps_c
[ 80%] Built target omx_interfaces__rosidl_typesupport_fastrtps_cpp
[ 80%] Built target omx_interfaces
[ 81%] Built target omx_interfaces__py
[ 89%] Built target omx_interfaces__rosidl_generator_py
[100%] Built target omx_interfaces_s__rosidl_typesupport_introspection_c
[100%] Built target omx_interfaces_s__rosidl_typesupport_fastrtps_c
[100%] Built target omx_interfaces_s__rosidl_typesupport_c
running egg_info
writing omx_interfaces.egg-info/PKG-INFO
writing dependency_links to omx_interfaces.egg-info/dependency_links.txt
writing top-level names to omx_interfaces.egg-info/top_level.txt
reading manifest file 'omx_interfaces.egg-info/SOURCES.txt'
writing manifest file 'omx_interfaces.egg-info/SOURCES.txt'
[100%] Built target ament_cmake_python_build_omx_interfaces_egg
-- Install configuration: ""
-- Execute custom install script
-- Symlinking: /home/robot/Documents/Grupo_pvsc_alas4_lopt_iams/Robotic_Arny/ros2_ws/install/omx_interfaces/share/ament_index/resource_index/rosidl_interfaces/omx_interfaces
-- Symlinking: /home/robot/Documents/Grupo_pvsc_alas4_lopt_iams/Robotic_Arny/ros2_ws/install/omx_interfaces/share/omx_interfaces/srv/GenerateTrajectory.json
-- Symlinking: /home/robot/Documents/Grupo_pvsc_alas4_lopt_iams/Robotic_Arny/ros2_ws/install/omx_interfaces/share/omx_interfaces/srv/ExecuteTrajectory.json
-- Symlinking: /home/robot/Documents/Grupo_pvsc_alas4_lopt_iams/Robotic_Arny/ros2_ws/install/omx_interfaces/share/omx_interfaces/srv/SetGripper.json
-- Symlinking: /home/robot/Documents/Grupo_pvsc_alas4_lopt_iams/Robotic_Arny/ros2_ws/install/omx_interfaces/include/omx_interfaces/omx_interfaces/msg/rosidl_generator_c__visibility_control.h
-- Symlinking: /home/robot/Documents/Grupo_pvsc_alas4_lopt_iams/Robotic_Arny/ros2_ws/install/omx_interfaces/include/omx_interfaces/omx_interfaces/srv/detail/execute_trajectory__functions.h
-- Symlinking: /home/robot/Documents/Grupo_pvsc_alas4_lopt_iams/Robotic_Arny/ros2_ws/install/omx_interfaces/include/omx_interfaces/omx_interfaces/srv/detail/execute_trajectory__struct.h
-- Symlinking: /home/robot/Documents/Grupo_pvsc_alas4_lopt_iams/Robotic_Arny/ros2_ws/install/omx_interfaces/include/omx_interfaces/omx_interfaces/srv/detail/execute_trajectory__type_support.h
-- Symlinking: /home/robot/Documents/Grupo_pvsc_alas4_lopt_iams/Robotic_Arny/ros2_ws/install/omx_interfaces/include/omx_interfaces/omx_interfaces/srv/detail/generate_trajectory__functions.h
-- Symlinking: /home/robot/Documents/Grupo_pvsc_alas4_lopt_iams/Robotic_Arny/ros2_ws/install/omx_interfaces/include/omx_interfaces/omx_interfaces/srv/detail/generate_trajectory__struct.h
-- Symlinking: /home/robot/Documents/Grupo_pvsc_alas4_lopt_iams/Robotic_Arny/ros2_ws/install/omx_interfaces/include/omx_interfaces/omx_interfaces/srv/detail/generate_trajectory__type_support.h
-- Symlinking: /home/robot/Documents/Grupo_pvsc_alas4_lopt_iams/Robotic_Arny/ros2_ws/install/omx_interfaces/include/omx_interfaces/omx_interfaces/srv/detail/set_gripper__functions.h
-- Symlinking: /home/robot/Documents/Grupo_pvsc_alas4_lopt_iams/Robotic_Arny/ros2_ws/install/omx_interfaces/include/omx_interfaces/omx_interfaces/srv/detail/set_gripper__struct.h
-- Symlinking: /home/robot/Documents/Grupo_pvsc_alas4_lopt_iams/Robotic_Arny/ros2_ws/install/omx_interfaces/include/omx_interfaces/omx_interfaces/srv/detail/set_gripper__type_support.h
-- Symlinking: /home/robot/Documents/Grupo_pvsc_alas4_lopt_iams/Robotic_Arny/ros2_ws/install/omx_interfaces/include/omx_interfaces/omx_interfaces/srv/execute_trajectory.h
-- Symlinking: /home/robot/Documents/Grupo_pvsc_alas4_lopt_iams/Robotic_Arny/ros2_ws/install/omx_interfaces/include/omx_interfaces/omx_interfaces/srv/generate_trajectory.h
-- Symlinking: /home/robot/Documents/Grupo_pvsc_alas4_lopt_iams/Robotic_Arny/ros2_ws/install/omx_interfaces/include/omx_interfaces/omx_interfaces/srv/set_gripper.h
-- Symlinking: /home/robot/Documents/Grupo_pvsc_alas4_lopt_iams/Robotic_Arny/ros2_ws/install/omx_interfaces/share/omx_interfaces/environment/library_path.sh
-- Symlinking: /home/robot/Documents/Grupo_pvsc_alas4_lopt_iams/Robotic_Arny/ros2_ws/install/omx_interfaces/share/omx_interfaces/environment/library_path.dsv
-- Symlinking: /home/robot/Documents/Grupo_pvsc_alas4_lopt_iams/Robotic_Arny/ros2_ws/install/omx_interfaces/include/omx_interfaces/omx_interfaces/msg/rosidl_typesupport_fastrtps_c__visibility_control.h
-- Symlinking: /home/robot/Documents/Grupo_pvsc_alas4_lopt_iams/Robotic_Arny/ros2_ws/install/omx_interfaces/include/omx_interfaces/omx_interfaces/srv/detail/execute_trajectory__rosidl_typesupport_fastrtps_c.h
-- Symlinking: /home/robot/Documents/Grupo_pvsc_alas4_lopt_iams/Robotic_Arny/ros2_ws/install/omx_interfaces/include/omx_interfaces/omx_interfaces/srv/detail/generate_trajectory__rosidl_typesupport_fastrtps_c.h
-- Symlinking: /home/robot/Documents/Grupo_pvsc_alas4_lopt_iams/Robotic_Arny/ros2_ws/install/omx_interfaces/include/omx_interfaces/omx_interfaces/srv/detail/set_gripper__rosidl_typesupport_fastrtps_c.h
-- Symlinking: /home/robot/Documents/Grupo_pvsc_alas4_lopt_iams/Robotic_Arny/ros2_ws/install/omx_interfaces/include/omx_interfaces/omx_interfaces/msg/rosidl_typesupport_introspection_c__visibility_control.h
-- Symlinking: /home/robot/Documents/Grupo_pvsc_alas4_lopt_iams/Robotic_Arny/ros2_ws/install/omx_interfaces/include/omx_interfaces/omx_interfaces/srv/detail/execute_trajectory__rosidl_typesupport_introspection_c.h
-- Symlinking: /home/robot/Documents/Grupo_pvsc_alas4_lopt_iams/Robotic_Arny/ros2_ws/install/omx_interfaces/include/omx_interfaces/omx_interfaces/srv/detail/generate_trajectory__rosidl_typesupport_introspection_c.h
-- Symlinking: /home/robot/Documents/Grupo_pvsc_alas4_lopt_iams/Robotic_Arny/ros2_ws/install/omx_interfaces/include/omx_interfaces/omx_interfaces/srv/detail/set_gripper__rosidl_typesupport_introspection_c.h
-- Symlinking: /home/robot/Documents/Grupo_pvsc_alas4_lopt_iams/Robotic_Arny/ros2_ws/install/omx_interfaces/include/omx_interfaces/omx_interfaces/msg/rosidl_generator_cpp__visibility_control.hpp
-- Symlinking: /home/robot/Documents/Grupo_pvsc_alas4_lopt_iams/Robotic_Arny/ros2_ws/install/omx_interfaces/include/omx_interfaces/omx_interfaces/srv/detail/execute_trajectory__builder.hpp
-- Symlinking: /home/robot/Documents/Grupo_pvsc_alas4_lopt_iams/Robotic_Arny/ros2_ws/install/omx_interfaces/include/omx_interfaces/omx_interfaces/srv/detail/execute_trajectory__struct.hpp
-- Symlinking: /home/robot/Documents/Grupo_pvsc_alas4_lopt_iams/Robotic_Arny/ros2_ws/install/omx_interfaces/include/omx_interfaces/omx_interfaces/srv/detail/execute_trajectory__traits.hpp
-- Symlinking: /home/robot/Documents/Grupo_pvsc_alas4_lopt_iams/Robotic_Arny/ros2_ws/install/omx_interfaces/include/omx_interfaces/omx_interfaces/srv/detail/execute_trajectory__type_support.hpp
-- Symlinking: /home/robot/Documents/Grupo_pvsc_alas4_lopt_iams/Robotic_Arny/ros2_ws/install/omx_interfaces/include/omx_interfaces/omx_interfaces/srv/detail/generate_trajectory__builder.hpp
-- Symlinking: /home/robot/Documents/Grupo_pvsc_alas4_lopt_iams/Robotic_Arny/ros2_ws/install/omx_interfaces/include/omx_interfaces/omx_interfaces/srv/detail/generate_trajectory__struct.hpp
-- Symlinking: /home/robot/Documents/Grupo_pvsc_alas4_lopt_iams/Robotic_Arny/ros2_ws/install/omx_interfaces/include/omx_interfaces/omx_interfaces/srv/detail/generate_trajectory__traits.hpp
-- Symlinking: /home/robot/Documents/Grupo_pvsc_alas4_lopt_iams/Robotic_Arny/ros2_ws/install/omx_interfaces/include/omx_interfaces/omx_interfaces/srv/detail/generate_trajectory__type_support.hpp
-- Symlinking: /home/robot/Documents/Grupo_pvsc_alas4_lopt_iams/Robotic_Arny/ros2_ws/install/omx_interfaces/include/omx_interfaces/omx_interfaces/srv/detail/set_gripper__builder.hpp
-- Symlinking: /home/robot/Documents/Grupo_pvsc_alas4_lopt_iams/Robotic_Arny/ros2_ws/install/omx_interfaces/include/omx_interfaces/omx_interfaces/srv/detail/set_gripper__struct.hpp
-- Symlinking: /home/robot/Documents/Grupo_pvsc_alas4_lopt_iams/Robotic_Arny/ros2_ws/install/omx_interfaces/include/omx_interfaces/omx_interfaces/srv/detail/set_gripper__traits.hpp
-- Symlinking: /home/robot/Documents/Grupo_pvsc_alas4_lopt_iams/Robotic_Arny/ros2_ws/install/omx_interfaces/include/omx_interfaces/omx_interfaces/srv/detail/set_gripper__type_support.hpp
-- Symlinking: /home/robot/Documents/Grupo_pvsc_alas4_lopt_iams/Robotic_Arny/ros2_ws/install/omx_interfaces/include/omx_interfaces/omx_interfaces/srv/execute_trajectory.hpp
-- Symlinking: /home/robot/Documents/Grupo_pvsc_alas4_lopt_iams/Robotic_Arny/ros2_ws/install/omx_interfaces/include/omx_interfaces/omx_interfaces/srv/generate_trajectory.hpp
-- Symlinking: /home/robot/Documents/Grupo_pvsc_alas4_lopt_iams/Robotic_Arny/ros2_ws/install/omx_interfaces/include/omx_interfaces/omx_interfaces/srv/set_gripper.hpp
-- Symlinking: /home/robot/Documents/Grupo_pvsc_alas4_lopt_iams/Robotic_Arny/ros2_ws/install/omx_interfaces/include/omx_interfaces/omx_interfaces/msg/rosidl_typesupport_fastrtps_cpp__visibility_control.h
-- Symlinking: /home/robot/Documents/Grupo_pvsc_alas4_lopt_iams/Robotic_Arny/ros2_ws/install/omx_interfaces/include/omx_interfaces/omx_interfaces/srv/detail/execute_trajectory__rosidl_typesupport_fastrtps_cpp.hpp
-- Symlinking: /home/robot/Documents/Grupo_pvsc_alas4_lopt_iams/Robotic_Arny/ros2_ws/install/omx_interfaces/include/omx_interfaces/omx_interfaces/srv/detail/generate_trajectory__rosidl_typesupport_fastrtps_cpp.hpp
-- Symlinking: /home/robot/Documents/Grupo_pvsc_alas4_lopt_iams/Robotic_Arny/ros2_ws/install/omx_interfaces/include/omx_interfaces/omx_interfaces/srv/detail/set_gripper__rosidl_typesupport_fastrtps_cpp.hpp
-- Symlinking: /home/robot/Documents/Grupo_pvsc_alas4_lopt_iams/Robotic_Arny/ros2_ws/install/omx_interfaces/include/omx_interfaces/omx_interfaces/srv/detail/execute_trajectory__rosidl_typesupport_introspection_cpp.hpp
-- Symlinking: /home/robot/Documents/Grupo_pvsc_alas4_lopt_iams/Robotic_Arny/ros2_ws/install/omx_interfaces/include/omx_interfaces/omx_interfaces/srv/detail/generate_trajectory__rosidl_typesupport_introspection_cpp.hpp
-- Symlinking: /home/robot/Documents/Grupo_pvsc_alas4_lopt_iams/Robotic_Arny/ros2_ws/install/omx_interfaces/include/omx_interfaces/omx_interfaces/srv/detail/set_gripper__rosidl_typesupport_introspection_cpp.hpp
-- Symlinking: /home/robot/Documents/Grupo_pvsc_alas4_lopt_iams/Robotic_Arny/ros2_ws/install/omx_interfaces/share/omx_interfaces/environment/pythonpath.sh
-- Symlinking: /home/robot/Documents/Grupo_pvsc_alas4_lopt_iams/Robotic_Arny/ros2_ws/install/omx_interfaces/share/omx_interfaces/environment/pythonpath.dsv
-- Symlinking: /home/robot/Documents/Grupo_pvsc_alas4_lopt_iams/Robotic_Arny/ros2_ws/install/omx_interfaces/lib/python3.12/site-packages/omx_interfaces-0.0.0-py3.12.egg-info/PKG-INFO
-- Symlinking: /home/robot/Documents/Grupo_pvsc_alas4_lopt_iams/Robotic_Arny/ros2_ws/install/omx_interfaces/lib/python3.12/site-packages/omx_interfaces-0.0.0-py3.12.egg-info/SOURCES.txt
-- Symlinking: /home/robot/Documents/Grupo_pvsc_alas4_lopt_iams/Robotic_Arny/ros2_ws/install/omx_interfaces/lib/python3.12/site-packages/omx_interfaces-0.0.0-py3.12.egg-info/dependency_links.txt
-- Symlinking: /home/robot/Documents/Grupo_pvsc_alas4_lopt_iams/Robotic_Arny/ros2_ws/install/omx_interfaces/lib/python3.12/site-packages/omx_interfaces-0.0.0-py3.12.egg-info/top_level.txt
-- Symlinking: /home/robot/Documents/Grupo_pvsc_alas4_lopt_iams/Robotic_Arny/ros2_ws/install/omx_interfaces/lib/python3.12/site-packages/omx_interfaces/__init__.py
-- Symlinking: /home/robot/Documents/Grupo_pvsc_alas4_lopt_iams/Robotic_Arny/ros2_ws/install/omx_interfaces/lib/python3.12/site-packages/omx_interfaces/_omx_interfaces_s.ep.rosidl_typesupport_c.c
-- Symlinking: /home/robot/Documents/Grupo_pvsc_alas4_lopt_iams/Robotic_Arny/ros2_ws/install/omx_interfaces/lib/python3.12/site-packages/omx_interfaces/_omx_interfaces_s.ep.rosidl_typesupport_fastrtps_c.c
-- Symlinking: /home/robot/Documents/Grupo_pvsc_alas4_lopt_iams/Robotic_Arny/ros2_ws/install/omx_interfaces/lib/python3.12/site-packages/omx_interfaces/_omx_interfaces_s.ep.rosidl_typesupport_introspection_c.c
-- Symlinking: /home/robot/Documents/Grupo_pvsc_alas4_lopt_iams/Robotic_Arny/ros2_ws/install/omx_interfaces/lib/python3.12/site-packages/omx_interfaces/omx_interfaces_s__rosidl_typesupport_c.so
-- Symlinking: /home/robot/Documents/Grupo_pvsc_alas4_lopt_iams/Robotic_Arny/ros2_ws/install/omx_interfaces/lib/python3.12/site-packages/omx_interfaces/omx_interfaces_s__rosidl_typesupport_fastrtps_c.so
-- Symlinking: /home/robot/Documents/Grupo_pvsc_alas4_lopt_iams/Robotic_Arny/ros2_ws/install/omx_interfaces/lib/python3.12/site-packages/omx_interfaces/omx_interfaces_s__rosidl_typesupport_introspection_c.so
-- Symlinking: /home/robot/Documents/Grupo_pvsc_alas4_lopt_iams/Robotic_Arny/ros2_ws/install/omx_interfaces/lib/python3.12/site-packages/omx_interfaces/srv/__init__.py
-- Symlinking: /home/robot/Documents/Grupo_pvsc_alas4_lopt_iams/Robotic_Arny/ros2_ws/install/omx_interfaces/lib/python3.12/site-packages/omx_interfaces/srv/_execute_trajectory.py
-- Symlinking: /home/robot/Documents/Grupo_pvsc_alas4_lopt_iams/Robotic_Arny/ros2_ws/install/omx_interfaces/lib/python3.12/site-packages/omx_interfaces/srv/_execute_trajectory_s.c
-- Symlinking: /home/robot/Documents/Grupo_pvsc_alas4_lopt_iams/Robotic_Arny/ros2_ws/install/omx_interfaces/lib/python3.12/site-packages/omx_interfaces/srv/_generate_trajectory.py
-- Symlinking: /home/robot/Documents/Grupo_pvsc_alas4_lopt_iams/Robotic_Arny/ros2_ws/install/omx_interfaces/lib/python3.12/site-packages/omx_interfaces/srv/_generate_trajectory_s.c
-- Symlinking: /home/robot/Documents/Grupo_pvsc_alas4_lopt_iams/Robotic_Arny/ros2_ws/install/omx_interfaces/lib/python3.12/site-packages/omx_interfaces/srv/_set_gripper.py
-- Symlinking: /home/robot/Documents/Grupo_pvsc_alas4_lopt_iams/Robotic_Arny/ros2_ws/install/omx_interfaces/lib/python3.12/site-packages/omx_interfaces/srv/_set_gripper_s.c
-- Up-to-date symlink: /home/robot/Documents/Grupo_pvsc_alas4_lopt_iams/Robotic_Arny/ros2_ws/install/omx_interfaces/lib/python3.12/site-packages/omx_interfaces/omx_interfaces_s__rosidl_typesupport_fastrtps_c.so
-- Up-to-date symlink: /home/robot/Documents/Grupo_pvsc_alas4_lopt_iams/Robotic_Arny/ros2_ws/install/omx_interfaces/lib/python3.12/site-packages/omx_interfaces/omx_interfaces_s__rosidl_typesupport_introspection_c.so
-- Up-to-date symlink: /home/robot/Documents/Grupo_pvsc_alas4_lopt_iams/Robotic_Arny/ros2_ws/install/omx_interfaces/lib/python3.12/site-packages/omx_interfaces/omx_interfaces_s__rosidl_typesupport_c.so
-- Symlinking: /home/robot/Documents/Grupo_pvsc_alas4_lopt_iams/Robotic_Arny/ros2_ws/install/omx_interfaces/share/ament_index/resource_index/rust_packages/omx_interfaces
-- Symlinking: /home/robot/Documents/Grupo_pvsc_alas4_lopt_iams/Robotic_Arny/ros2_ws/install/omx_interfaces/share/omx_interfaces/rust/Cargo.toml
-- Symlinking: /home/robot/Documents/Grupo_pvsc_alas4_lopt_iams/Robotic_Arny/ros2_ws/install/omx_interfaces/share/omx_interfaces/rust/build.rs
-- Symlinking: /home/robot/Documents/Grupo_pvsc_alas4_lopt_iams/Robotic_Arny/ros2_ws/install/omx_interfaces/share/omx_interfaces/rust/src/lib.rs
-- Symlinking: /home/robot/Documents/Grupo_pvsc_alas4_lopt_iams/Robotic_Arny/ros2_ws/install/omx_interfaces/share/omx_interfaces/rust/src/srv.rs
-- Symlinking: /home/robot/Documents/Grupo_pvsc_alas4_lopt_iams/Robotic_Arny/ros2_ws/install/omx_interfaces/share/omx_interfaces/rust/src/srv/rmw.rs
-- Symlinking: /home/robot/Documents/Grupo_pvsc_alas4_lopt_iams/Robotic_Arny/ros2_ws/install/omx_interfaces/share/omx_interfaces/srv/GenerateTrajectory.idl
-- Symlinking: /home/robot/Documents/Grupo_pvsc_alas4_lopt_iams/Robotic_Arny/ros2_ws/install/omx_interfaces/share/omx_interfaces/srv/ExecuteTrajectory.idl
-- Symlinking: /home/robot/Documents/Grupo_pvsc_alas4_lopt_iams/Robotic_Arny/ros2_ws/install/omx_interfaces/share/omx_interfaces/srv/SetGripper.idl
-- Symlinking: /home/robot/Documents/Grupo_pvsc_alas4_lopt_iams/Robotic_Arny/ros2_ws/install/omx_interfaces/share/omx_interfaces/srv/GenerateTrajectory.srv
-- Symlinking: /home/robot/Documents/Grupo_pvsc_alas4_lopt_iams/Robotic_Arny/ros2_ws/install/omx_interfaces/share/omx_interfaces/srv/ExecuteTrajectory.srv
-- Symlinking: /home/robot/Documents/Grupo_pvsc_alas4_lopt_iams/Robotic_Arny/ros2_ws/install/omx_interfaces/share/omx_interfaces/srv/SetGripper.srv
-- Symlinking: /home/robot/Documents/Grupo_pvsc_alas4_lopt_iams/Robotic_Arny/ros2_ws/install/omx_interfaces/share/ament_index/resource_index/package_run_dependencies/omx_interfaces
-- Symlinking: /home/robot/Documents/Grupo_pvsc_alas4_lopt_iams/Robotic_Arny/ros2_ws/install/omx_interfaces/share/ament_index/resource_index/parent_prefix_path/omx_interfaces
-- Symlinking: /home/robot/Documents/Grupo_pvsc_alas4_lopt_iams/Robotic_Arny/ros2_ws/install/omx_interfaces/share/omx_interfaces/environment/ament_prefix_path.sh
-- Symlinking: /home/robot/Documents/Grupo_pvsc_alas4_lopt_iams/Robotic_Arny/ros2_ws/install/omx_interfaces/share/omx_interfaces/environment/ament_prefix_path.dsv
-- Symlinking: /home/robot/Documents/Grupo_pvsc_alas4_lopt_iams/Robotic_Arny/ros2_ws/install/omx_interfaces/share/omx_interfaces/environment/path.sh
-- Symlinking: /home/robot/Documents/Grupo_pvsc_alas4_lopt_iams/Robotic_Arny/ros2_ws/install/omx_interfaces/share/omx_interfaces/environment/path.dsv
-- Symlinking: /home/robot/Documents/Grupo_pvsc_alas4_lopt_iams/Robotic_Arny/ros2_ws/install/omx_interfaces/share/omx_interfaces/local_setup.bash
-- Symlinking: /home/robot/Documents/Grupo_pvsc_alas4_lopt_iams/Robotic_Arny/ros2_ws/install/omx_interfaces/share/omx_interfaces/local_setup.sh
-- Symlinking: /home/robot/Documents/Grupo_pvsc_alas4_lopt_iams/Robotic_Arny/ros2_ws/install/omx_interfaces/share/omx_interfaces/local_setup.zsh
-- Symlinking: /home/robot/Documents/Grupo_pvsc_alas4_lopt_iams/Robotic_Arny/ros2_ws/install/omx_interfaces/share/omx_interfaces/local_setup.dsv
-- Symlinking: /home/robot/Documents/Grupo_pvsc_alas4_lopt_iams/Robotic_Arny/ros2_ws/install/omx_interfaces/share/omx_interfaces/package.dsv
-- Symlinking: /home/robot/Documents/Grupo_pvsc_alas4_lopt_iams/Robotic_Arny/ros2_ws/install/omx_interfaces/share/ament_index/resource_index/packages/omx_interfaces
-- Symlinking: /home/robot/Documents/Grupo_pvsc_alas4_lopt_iams/Robotic_Arny/ros2_ws/install/omx_interfaces/share/omx_interfaces/cmake/rosidl_cmake-extras.cmake
-- Symlinking: /home/robot/Documents/Grupo_pvsc_alas4_lopt_iams/Robotic_Arny/ros2_ws/install/omx_interfaces/share/omx_interfaces/cmake/ament_cmake_export_dependencies-extras.cmake
-- Symlinking: /home/robot/Documents/Grupo_pvsc_alas4_lopt_iams/Robotic_Arny/ros2_ws/install/omx_interfaces/share/omx_interfaces/cmake/ament_cmake_export_include_directories-extras.cmake
-- Symlinking: /home/robot/Documents/Grupo_pvsc_alas4_lopt_iams/Robotic_Arny/ros2_ws/install/omx_interfaces/share/omx_interfaces/cmake/ament_cmake_export_libraries-extras.cmake
-- Symlinking: /home/robot/Documents/Grupo_pvsc_alas4_lopt_iams/Robotic_Arny/ros2_ws/install/omx_interfaces/share/omx_interfaces/cmake/ament_cmake_export_targets-extras.cmake
-- Symlinking: /home/robot/Documents/Grupo_pvsc_alas4_lopt_iams/Robotic_Arny/ros2_ws/install/omx_interfaces/share/omx_interfaces/cmake/rosidl_cmake_export_typesupport_targets-extras.cmake
-- Symlinking: /home/robot/Documents/Grupo_pvsc_alas4_lopt_iams/Robotic_Arny/ros2_ws/install/omx_interfaces/share/omx_interfaces/cmake/rosidl_cmake_export_typesupport_libraries-extras.cmake
-- Symlinking: /home/robot/Documents/Grupo_pvsc_alas4_lopt_iams/Robotic_Arny/ros2_ws/install/omx_interfaces/share/omx_interfaces/cmake/omx_interfacesConfig.cmake
-- Symlinking: /home/robot/Documents/Grupo_pvsc_alas4_lopt_iams/Robotic_Arny/ros2_ws/install/omx_interfaces/share/omx_interfaces/cmake/omx_interfacesConfig-version.cmake
-- Symlinking: /home/robot/Documents/Grupo_pvsc_alas4_lopt_iams/Robotic_Arny/ros2_ws/install/omx_interfaces/share/omx_interfaces/package.xml
-- Installing: /home/robot/Documents/Grupo_pvsc_alas4_lopt_iams/Robotic_Arny/ros2_ws/install/omx_interfaces/lib/libomx_interfaces__rosidl_generator_c.so
-- Set non-toolchain portion of runtime path of "/home/robot/Documents/Grupo_pvsc_alas4_lopt_iams/Robotic_Arny/ros2_ws/install/omx_interfaces/lib/libomx_interfaces__rosidl_generator_c.so" to ""
-- Installing: /home/robot/Documents/Grupo_pvsc_alas4_lopt_iams/Robotic_Arny/ros2_ws/install/omx_interfaces/lib/libomx_interfaces__rosidl_typesupport_fastrtps_c.so
-- Set non-toolchain portion of runtime path of "/home/robot/Documents/Grupo_pvsc_alas4_lopt_iams/Robotic_Arny/ros2_ws/install/omx_interfaces/lib/libomx_interfaces__rosidl_typesupport_fastrtps_c.so" to ""
-- Installing: /home/robot/Documents/Grupo_pvsc_alas4_lopt_iams/Robotic_Arny/ros2_ws/install/omx_interfaces/lib/libomx_interfaces__rosidl_typesupport_introspection_c.so
-- Set non-toolchain portion of runtime path of "/home/robot/Documents/Grupo_pvsc_alas4_lopt_iams/Robotic_Arny/ros2_ws/install/omx_interfaces/lib/libomx_interfaces__rosidl_typesupport_introspection_c.so" to ""
-- Installing: /home/robot/Documents/Grupo_pvsc_alas4_lopt_iams/Robotic_Arny/ros2_ws/install/omx_interfaces/lib/libomx_interfaces__rosidl_typesupport_c.so
-- Set non-toolchain portion of runtime path of "/home/robot/Documents/Grupo_pvsc_alas4_lopt_iams/Robotic_Arny/ros2_ws/install/omx_interfaces/lib/libomx_interfaces__rosidl_typesupport_c.so" to ""
-- Installing: /home/robot/Documents/Grupo_pvsc_alas4_lopt_iams/Robotic_Arny/ros2_ws/install/omx_interfaces/lib/libomx_interfaces__rosidl_typesupport_fastrtps_cpp.so
-- Set non-toolchain portion of runtime path of "/home/robot/Documents/Grupo_pvsc_alas4_lopt_iams/Robotic_Arny/ros2_ws/install/omx_interfaces/lib/libomx_interfaces__rosidl_typesupport_fastrtps_cpp.so" to ""
-- Installing: /home/robot/Documents/Grupo_pvsc_alas4_lopt_iams/Robotic_Arny/ros2_ws/install/omx_interfaces/lib/libomx_interfaces__rosidl_typesupport_introspection_cpp.so
-- Set non-toolchain portion of runtime path of "/home/robot/Documents/Grupo_pvsc_alas4_lopt_iams/Robotic_Arny/ros2_ws/install/omx_interfaces/lib/libomx_interfaces__rosidl_typesupport_introspection_cpp.so" to ""
-- Installing: /home/robot/Documents/Grupo_pvsc_alas4_lopt_iams/Robotic_Arny/ros2_ws/install/omx_interfaces/lib/libomx_interfaces__rosidl_typesupport_cpp.so
-- Set non-toolchain portion of runtime path of "/home/robot/Documents/Grupo_pvsc_alas4_lopt_iams/Robotic_Arny/ros2_ws/install/omx_interfaces/lib/libomx_interfaces__rosidl_typesupport_cpp.so" to ""
Listing '/home/robot/Documents/Grupo_pvsc_alas4_lopt_iams/Robotic_Arny/ros2_ws/install/omx_interfaces/lib/python3.12/site-packages/omx_interfaces'...
Compiling '/home/robot/Documents/Grupo_pvsc_alas4_lopt_iams/Robotic_Arny/ros2_ws/install/omx_interfaces/lib/python3.12/site-packages/omx_interfaces/__init__.py'...
Listing '/home/robot/Documents/Grupo_pvsc_alas4_lopt_iams/Robotic_Arny/ros2_ws/install/omx_interfaces/lib/python3.12/site-packages/omx_interfaces/srv'...
Compiling '/home/robot/Documents/Grupo_pvsc_alas4_lopt_iams/Robotic_Arny/ros2_ws/install/omx_interfaces/lib/python3.12/site-packages/omx_interfaces/srv/__init__.py'...
Compiling '/home/robot/Documents/Grupo_pvsc_alas4_lopt_iams/Robotic_Arny/ros2_ws/install/omx_interfaces/lib/python3.12/site-packages/omx_interfaces/srv/_execute_trajectory.py'...
Compiling '/home/robot/Documents/Grupo_pvsc_alas4_lopt_iams/Robotic_Arny/ros2_ws/install/omx_interfaces/lib/python3.12/site-packages/omx_interfaces/srv/_generate_trajectory.py'...
Compiling '/home/robot/Documents/Grupo_pvsc_alas4_lopt_iams/Robotic_Arny/ros2_ws/install/omx_interfaces/lib/python3.12/site-packages/omx_interfaces/srv/_set_gripper.py'...
-- Installing: /home/robot/Documents/Grupo_pvsc_alas4_lopt_iams/Robotic_Arny/ros2_ws/install/omx_interfaces/lib/libomx_interfaces__rosidl_generator_py.so
-- Set non-toolchain portion of runtime path of "/home/robot/Documents/Grupo_pvsc_alas4_lopt_iams/Robotic_Arny/ros2_ws/install/omx_interfaces/lib/libomx_interfaces__rosidl_generator_py.so" to ""
-- Installing: /home/robot/Documents/Grupo_pvsc_alas4_lopt_iams/Robotic_Arny/ros2_ws/install/omx_interfaces/share/omx_interfaces/cmake/export_omx_interfaces__rosidl_generator_cExport.cmake
-- Installing: /home/robot/Documents/Grupo_pvsc_alas4_lopt_iams/Robotic_Arny/ros2_ws/install/omx_interfaces/share/omx_interfaces/cmake/export_omx_interfaces__rosidl_generator_cExport-noconfig.cmake
-- Installing: /home/robot/Documents/Grupo_pvsc_alas4_lopt_iams/Robotic_Arny/ros2_ws/install/omx_interfaces/share/omx_interfaces/cmake/export_omx_interfaces__rosidl_typesupport_fastrtps_cExport.cmake
-- Installing: /home/robot/Documents/Grupo_pvsc_alas4_lopt_iams/Robotic_Arny/ros2_ws/install/omx_interfaces/share/omx_interfaces/cmake/export_omx_interfaces__rosidl_typesupport_fastrtps_cExport-noconfig.cmake
-- Installing: /home/robot/Documents/Grupo_pvsc_alas4_lopt_iams/Robotic_Arny/ros2_ws/install/omx_interfaces/share/omx_interfaces/cmake/omx_interfaces__rosidl_typesupport_introspection_cExport.cmake
-- Installing: /home/robot/Documents/Grupo_pvsc_alas4_lopt_iams/Robotic_Arny/ros2_ws/install/omx_interfaces/share/omx_interfaces/cmake/omx_interfaces__rosidl_typesupport_introspection_cExport-noconfig.cmake
-- Installing: /home/robot/Documents/Grupo_pvsc_alas4_lopt_iams/Robotic_Arny/ros2_ws/install/omx_interfaces/share/omx_interfaces/cmake/omx_interfaces__rosidl_typesupport_cExport.cmake
-- Installing: /home/robot/Documents/Grupo_pvsc_alas4_lopt_iams/Robotic_Arny/ros2_ws/install/omx_interfaces/share/omx_interfaces/cmake/omx_interfaces__rosidl_typesupport_cExport-noconfig.cmake
-- Installing: /home/robot/Documents/Grupo_pvsc_alas4_lopt_iams/Robotic_Arny/ros2_ws/install/omx_interfaces/share/omx_interfaces/cmake/export_omx_interfaces__rosidl_generator_cppExport.cmake
-- Installing: /home/robot/Documents/Grupo_pvsc_alas4_lopt_iams/Robotic_Arny/ros2_ws/install/omx_interfaces/share/omx_interfaces/cmake/export_omx_interfaces__rosidl_typesupport_fastrtps_cppExport.cmake
-- Installing: /home/robot/Documents/Grupo_pvsc_alas4_lopt_iams/Robotic_Arny/ros2_ws/install/omx_interfaces/share/omx_interfaces/cmake/export_omx_interfaces__rosidl_typesupport_fastrtps_cppExport-noconfig.cmake
-- Installing: /home/robot/Documents/Grupo_pvsc_alas4_lopt_iams/Robotic_Arny/ros2_ws/install/omx_interfaces/share/omx_interfaces/cmake/omx_interfaces__rosidl_typesupport_introspection_cppExport.cmake
-- Installing: /home/robot/Documents/Grupo_pvsc_alas4_lopt_iams/Robotic_Arny/ros2_ws/install/omx_interfaces/share/omx_interfaces/cmake/omx_interfaces__rosidl_typesupport_introspection_cppExport-noconfig.cmake
-- Installing: /home/robot/Documents/Grupo_pvsc_alas4_lopt_iams/Robotic_Arny/ros2_ws/install/omx_interfaces/share/omx_interfaces/cmake/omx_interfaces__rosidl_typesupport_cppExport.cmake
-- Installing: /home/robot/Documents/Grupo_pvsc_alas4_lopt_iams/Robotic_Arny/ros2_ws/install/omx_interfaces/share/omx_interfaces/cmake/omx_interfaces__rosidl_typesupport_cppExport-noconfig.cmake
-- Installing: /home/robot/Documents/Grupo_pvsc_alas4_lopt_iams/Robotic_Arny/ros2_ws/install/omx_interfaces/share/omx_interfaces/cmake/export_omx_interfaces__rosidl_generator_pyExport.cmake
-- Installing: /home/robot/Documents/Grupo_pvsc_alas4_lopt_iams/Robotic_Arny/ros2_ws/install/omx_interfaces/share/omx_interfaces/cmake/export_omx_interfaces__rosidl_generator_pyExport-noconfig.cmake
