[0.081s] DEBUG:colcon:Command line arguments: ['/usr/bin/colcon', 'build', '--packages-select', 'omx_interfaces']
[0.081s] DEBUG:colcon:Parsed command line arguments: Namespace(log_base=None, log_level=None, verb_name='build', build_base='build', install_base='install', merge_install=False, symlink_install=False, test_result_base=None, continue_on_error=False, executor='parallel', parallel_workers=12, event_handlers=None, ignore_user_meta=False, metas=['./colcon.meta'], base_paths=['.'], packages_ignore=None, packages_ignore_regex=None, paths=None, packages_up_to=None, packages_up_to_regex=None, packages_above=None, packages_above_and_dependencies=None, packages_above_depth=None, packages_select_by_dep=None, packages_skip_by_dep=None, packages_skip_up_to=None, packages_select_build_failed=False, packages_skip_build_finished=False, packages_select_test_failures=False, packages_skip_test_passed=False, packages_select=['omx_interfaces'], packages_skip=None, packages_select_regex=None, packages_skip_regex=None, packages_start=None, packages_end=None, allow_overriding=[], cmake_args=None, cmake_target=None, cmake_target_skip_unavailable=False, cmake_clean_cache=False, cmake_clean_first=False, cmake_force_configure=False, ament_cmake_args=None, catkin_cmake_args=None, catkin_skip_building_tests=False, mixin_files=None, mixin=None, verb_parser=<colcon_mixin.mixin.mixin_argument.MixinArgumentDecorator object at 0x708333894a40>, verb_extension=<colcon_core.verb.build.BuildVerb object at 0x70833488e570>, main=<bound method BuildVerb.main of <colcon_core.verb.build.BuildVerb object at 0x70833488e570>>, mixin_verb=('build',))
[0.111s] Level 1:colcon.colcon_core.package_discovery:discover_packages(colcon_meta) check parameters
[0.111s] Level 1:colcon.colcon_core.package_discovery:discover_packages(recursive) check parameters
[0.111s] Level 1:colcon.colcon_core.package_discovery:discover_packages(ignore) check parameters
[0.111s] Level 1:colcon.colcon_core.package_discovery:discover_packages(path) check parameters
[0.111s] Level 1:colcon.colcon_core.package_discovery:discover_packages(colcon_meta) discover
[0.111s] Level 1:colcon.colcon_core.package_discovery:discover_packages(recursive) discover
[0.111s] INFO:colcon.colcon_core.package_discovery:Crawling recursively for packages in '/home/robot/Documents/Grupo_pvsc_alas4_lopt_iams/Robotic_Arny/ros2_ws'
[0.111s] Level 1:colcon.colcon_core.package_identification:_identify(.) by extensions ['ignore', 'ignore_ament_install']
[0.111s] Level 1:colcon.colcon_core.package_identification:_identify(.) by extension 'ignore'
[0.111s] Level 1:colcon.colcon_core.package_identification:_identify(.) by extension 'ignore_ament_install'
[0.111s] Level 1:colcon.colcon_core.package_identification:_identify(.) by extensions ['colcon_pkg']
[0.111s] Level 1:colcon.colcon_core.package_identification:_identify(.) by extension 'colcon_pkg'
[0.111s] Level 1:colcon.colcon_core.package_identification:_identify(.) by extensions ['colcon_meta']
[0.111s] Level 1:colcon.colcon_core.package_identification:_identify(.) by extension 'colcon_meta'
[0.111s] Level 1:colcon.colcon_core.package_identification:_identify(.) by extensions ['ros']
[0.111s] Level 1:colcon.colcon_core.package_identification:_identify(.) by extension 'ros'
[0.130s] Level 1:colcon.colcon_core.package_identification:_identify(.) by extensions ['cmake', 'python']
[0.130s] Level 1:colcon.colcon_core.package_identification:_identify(.) by extension 'cmake'
[0.130s] Level 1:colcon.colcon_core.package_identification:_identify(.) by extension 'python'
[0.130s] Level 1:colcon.colcon_core.package_identification:_identify(.) by extensions ['python_setup_py']
[0.130s] Level 1:colcon.colcon_core.package_identification:_identify(.) by extension 'python_setup_py'
[0.131s] Level 1:colcon.colcon_core.package_identification:_identify(build) by extensions ['ignore', 'ignore_ament_install']
[0.131s] Level 1:colcon.colcon_core.package_identification:_identify(build) by extension 'ignore'
[0.131s] Level 1:colcon.colcon_core.package_identification:_identify(build) ignored
[0.131s] Level 1:colcon.colcon_core.package_identification:_identify(install) by extensions ['ignore', 'ignore_ament_install']
[0.131s] Level 1:colcon.colcon_core.package_identification:_identify(install) by extension 'ignore'
[0.131s] Level 1:colcon.colcon_core.package_identification:_identify(install) ignored
[0.131s] Level 1:colcon.colcon_core.package_identification:_identify(log) by extensions ['ignore', 'ignore_ament_install']
[0.131s] Level 1:colcon.colcon_core.package_identification:_identify(log) by extension 'ignore'
[0.131s] Level 1:colcon.colcon_core.package_identification:_identify(log) ignored
[0.131s] Level 1:colcon.colcon_core.package_identification:_identify(src) by extensions ['ignore', 'ignore_ament_install']
[0.131s] Level 1:colcon.colcon_core.package_identification:_identify(src) by extension 'ignore'
[0.131s] Level 1:colcon.colcon_core.package_identification:_identify(src) by extension 'ignore_ament_install'
[0.131s] Level 1:colcon.colcon_core.package_identification:_identify(src) by extensions ['colcon_pkg']
[0.131s] Level 1:colcon.colcon_core.package_identification:_identify(src) by extension 'colcon_pkg'
[0.131s] Level 1:colcon.colcon_core.package_identification:_identify(src) by extensions ['colcon_meta']
[0.131s] Level 1:colcon.colcon_core.package_identification:_identify(src) by extension 'colcon_meta'
[0.132s] Level 1:colcon.colcon_core.package_identification:_identify(src) by extensions ['ros']
[0.132s] Level 1:colcon.colcon_core.package_identification:_identify(src) by extension 'ros'
[0.132s] Level 1:colcon.colcon_core.package_identification:_identify(src) by extensions ['cmake', 'python']
[0.132s] Level 1:colcon.colcon_core.package_identification:_identify(src) by extension 'cmake'
[0.132s] Level 1:colcon.colcon_core.package_identification:_identify(src) by extension 'python'
[0.132s] Level 1:colcon.colcon_core.package_identification:_identify(src) by extensions ['python_setup_py']
[0.132s] Level 1:colcon.colcon_core.package_identification:_identify(src) by extension 'python_setup_py'
[0.132s] Level 1:colcon.colcon_core.package_identification:_identify(src/omx_interfaces) by extensions ['ignore', 'ignore_ament_install']
[0.132s] Level 1:colcon.colcon_core.package_identification:_identify(src/omx_interfaces) by extension 'ignore'
[0.132s] Level 1:colcon.colcon_core.package_identification:_identify(src/omx_interfaces) by extension 'ignore_ament_install'
[0.132s] Level 1:colcon.colcon_core.package_identification:_identify(src/omx_interfaces) by extensions ['colcon_pkg']
[0.132s] Level 1:colcon.colcon_core.package_identification:_identify(src/omx_interfaces) by extension 'colcon_pkg'
[0.132s] Level 1:colcon.colcon_core.package_identification:_identify(src/omx_interfaces) by extensions ['colcon_meta']
[0.132s] Level 1:colcon.colcon_core.package_identification:_identify(src/omx_interfaces) by extension 'colcon_meta'
[0.132s] Level 1:colcon.colcon_core.package_identification:_identify(src/omx_interfaces) by extensions ['ros']
[0.132s] Level 1:colcon.colcon_core.package_identification:_identify(src/omx_interfaces) by extension 'ros'
[0.134s] DEBUG:colcon.colcon_core.package_identification:Package 'src/omx_interfaces' with type 'ros.ament_cmake' and name 'omx_interfaces'
[0.134s] Level 1:colcon.colcon_core.package_identification:_identify(src/omx_ros2) by extensions ['ignore', 'ignore_ament_install']
[0.134s] Level 1:colcon.colcon_core.package_identification:_identify(src/omx_ros2) by extension 'ignore'
[0.134s] Level 1:colcon.colcon_core.package_identification:_identify(src/omx_ros2) by extension 'ignore_ament_install'
[0.134s] Level 1:colcon.colcon_core.package_identification:_identify(src/omx_ros2) by extensions ['colcon_pkg']
[0.134s] Level 1:colcon.colcon_core.package_identification:_identify(src/omx_ros2) by extension 'colcon_pkg'
[0.134s] Level 1:colcon.colcon_core.package_identification:_identify(src/omx_ros2) by extensions ['colcon_meta']
[0.134s] Level 1:colcon.colcon_core.package_identification:_identify(src/omx_ros2) by extension 'colcon_meta'
[0.134s] Level 1:colcon.colcon_core.package_identification:_identify(src/omx_ros2) by extensions ['ros']
[0.134s] Level 1:colcon.colcon_core.package_identification:_identify(src/omx_ros2) by extension 'ros'
[0.135s] DEBUG:colcon.colcon_core.package_identification:Package 'src/omx_ros2' with type 'ros.ament_python' and name 'omx_ros2'
[0.135s] Level 1:colcon.colcon_core.package_discovery:discover_packages(recursive) using defaults
[0.135s] Level 1:colcon.colcon_core.package_discovery:discover_packages(ignore) discover
[0.135s] Level 1:colcon.colcon_core.package_discovery:discover_packages(ignore) using defaults
[0.135s] Level 1:colcon.colcon_core.package_discovery:discover_packages(path) discover
[0.135s] Level 1:colcon.colcon_core.package_discovery:discover_packages(path) using defaults
[0.148s] INFO:colcon.colcon_core.package_selection:Skipping not selected package 'omx_ros2' in 'src/omx_ros2'
[0.148s] Level 1:colcon.colcon_core.package_discovery:discover_packages(prefix_path) check parameters
[0.148s] Level 1:colcon.colcon_core.package_discovery:discover_packages(prefix_path) discover
[0.149s] DEBUG:colcon.colcon_installed_package_information.package_discovery:Found 2 installed packages in /home/robot/Documents/Grupo_pvsc_alas4_lopt_iams/Robotic_Arny/ros2_ws/install
[0.151s] DEBUG:colcon.colcon_installed_package_information.package_discovery:Found 287 installed packages in /opt/ros/jazzy
[0.151s] Level 1:colcon.colcon_core.package_discovery:discover_packages(prefix_path) using defaults
[0.183s] Level 5:colcon.colcon_core.verb:set package 'omx_interfaces' build argument 'cmake_args' from command line to 'None'
[0.183s] Level 5:colcon.colcon_core.verb:set package 'omx_interfaces' build argument 'cmake_target' from command line to 'None'
[0.183s] Level 5:colcon.colcon_core.verb:set package 'omx_interfaces' build argument 'cmake_target_skip_unavailable' from command line to 'False'
[0.183s] Level 5:colcon.colcon_core.verb:set package 'omx_interfaces' build argument 'cmake_clean_cache' from command line to 'False'
[0.183s] Level 5:colcon.colcon_core.verb:set package 'omx_interfaces' build argument 'cmake_clean_first' from command line to 'False'
[0.183s] Level 5:colcon.colcon_core.verb:set package 'omx_interfaces' build argument 'cmake_force_configure' from command line to 'False'
[0.183s] Level 5:colcon.colcon_core.verb:set package 'omx_interfaces' build argument 'ament_cmake_args' from command line to 'None'
[0.183s] Level 5:colcon.colcon_core.verb:set package 'omx_interfaces' build argument 'catkin_cmake_args' from command line to 'None'
[0.183s] Level 5:colcon.colcon_core.verb:set package 'omx_interfaces' build argument 'catkin_skip_building_tests' from command line to 'False'
[0.183s] DEBUG:colcon.colcon_core.verb:Building package 'omx_interfaces' with the following arguments: {'ament_cmake_args': None, 'build_base': '/home/robot/Documents/Grupo_pvsc_alas4_lopt_iams/Robotic_Arny/ros2_ws/build/omx_interfaces', 'catkin_cmake_args': None, 'catkin_skip_building_tests': False, 'cmake_args': None, 'cmake_clean_cache': False, 'cmake_clean_first': False, 'cmake_force_configure': False, 'cmake_target': None, 'cmake_target_skip_unavailable': False, 'install_base': '/home/robot/Documents/Grupo_pvsc_alas4_lopt_iams/Robotic_Arny/ros2_ws/install/omx_interfaces', 'merge_install': False, 'path': '/home/robot/Documents/Grupo_pvsc_alas4_lopt_iams/Robotic_Arny/ros2_ws/src/omx_interfaces', 'symlink_install': False, 'test_result_base': None}
[0.183s] INFO:colcon.colcon_core.executor:Executing jobs using 'parallel' executor
[0.184s] DEBUG:colcon.colcon_parallel_executor.executor.parallel:run_until_complete
[0.184s] INFO:colcon.colcon_ros.task.ament_cmake.build:Building ROS package in '/home/robot/Documents/Grupo_pvsc_alas4_lopt_iams/Robotic_Arny/ros2_ws/src/omx_interfaces' with build type 'ament_cmake'
[0.185s] INFO:colcon.colcon_cmake.task.cmake.build:Building CMake package in '/home/robot/Documents/Grupo_pvsc_alas4_lopt_iams/Robotic_Arny/ros2_ws/src/omx_interfaces'
[0.186s] INFO:colcon.colcon_core.plugin_system:Skipping extension 'colcon_core.shell.bat': Not used on non-Windows systems
[0.186s] INFO:colcon.colcon_core.shell:Skip shell extension 'powershell' for command environment: Not usable outside of PowerShell
[0.186s] DEBUG:colcon.colcon_core.shell:Skip shell extension 'dsv' for command environment
[0.195s] DEBUG:colcon.colcon_core.event_handler.log_command:Invoking command in '/home/robot/Documents/Grupo_pvsc_alas4_lopt_iams/Robotic_Arny/ros2_ws/build/omx_interfaces': CMAKE_PREFIX_PATH=${CMAKE_PREFIX_PATH}:/home/robot/Documents/Grupo_pvsc_alas4_lopt_iams/Robotic_Arny/ros2_ws/install/omx_ros2:/opt/ros/jazzy DEBUGINFOD_URLS=https://debuginfod.ubuntu.com PS1=(venv_omx) \[\e]0;\u@\h: \w\a\]${debian_chroot:+($debian_chroot)}\[\033[01;32m\]\u@\h\[\033[00m\]:\[\033[01;34m\]\w\[\033[00m\]\$ VIRTUAL_ENV_PROMPT=(venv_omx) /usr/bin/cmake /home/robot/Documents/Grupo_pvsc_alas4_lopt_iams/Robotic_Arny/ros2_ws/src/omx_interfaces -DCMAKE_INSTALL_PREFIX=/home/robot/Documents/Grupo_pvsc_alas4_lopt_iams/Robotic_Arny/ros2_ws/install/omx_interfaces
[0.458s] DEBUG:colcon.colcon_core.event_handler.log_command:Invoked command in '/home/robot/Documents/Grupo_pvsc_alas4_lopt_iams/Robotic_Arny/ros2_ws/build/omx_interfaces' returned '1': CMAKE_PREFIX_PATH=${CMAKE_PREFIX_PATH}:/home/robot/Documents/Grupo_pvsc_alas4_lopt_iams/Robotic_Arny/ros2_ws/install/omx_ros2:/opt/ros/jazzy DEBUGINFOD_URLS=https://debuginfod.ubuntu.com PS1=(venv_omx) \[\e]0;\u@\h: \w\a\]${debian_chroot:+($debian_chroot)}\[\033[01;32m\]\u@\h\[\033[00m\]:\[\033[01;34m\]\w\[\033[00m\]\$ VIRTUAL_ENV_PROMPT=(venv_omx) /usr/bin/cmake /home/robot/Documents/Grupo_pvsc_alas4_lopt_iams/Robotic_Arny/ros2_ws/src/omx_interfaces -DCMAKE_INSTALL_PREFIX=/home/robot/Documents/Grupo_pvsc_alas4_lopt_iams/Robotic_Arny/ros2_ws/install/omx_interfaces
[0.469s] Level 1:colcon.colcon_core.environment:create_environment_scripts_only(omx_interfaces)
[0.471s] Level 1:colcon.colcon_core.environment:checking '/home/robot/Documents/Grupo_pvsc_alas4_lopt_iams/Robotic_Arny/ros2_ws/install/omx_interfaces' for CMake module files
[0.471s] Level 1:colcon.colcon_core.environment:checking '/home/robot/Documents/Grupo_pvsc_alas4_lopt_iams/Robotic_Arny/ros2_ws/install/omx_interfaces' for CMake config files
[0.471s] Level 1:colcon.colcon_core.environment:checking '/home/robot/Documents/Grupo_pvsc_alas4_lopt_iams/Robotic_Arny/ros2_ws/install/omx_interfaces/bin'
[0.471s] Level 1:colcon.colcon_core.environment:checking '/home/robot/Documents/Grupo_pvsc_alas4_lopt_iams/Robotic_Arny/ros2_ws/install/omx_interfaces/lib/pkgconfig/omx_interfaces.pc'
[0.472s] Level 1:colcon.colcon_core.environment:checking '/home/robot/Documents/Grupo_pvsc_alas4_lopt_iams/Robotic_Arny/ros2_ws/install/omx_interfaces/lib/python3.12/site-packages'
[0.472s] Level 1:colcon.colcon_core.environment:checking '/home/robot/Documents/Grupo_pvsc_alas4_lopt_iams/Robotic_Arny/ros2_ws/install/omx_interfaces/bin'
[0.472s] INFO:colcon.colcon_core.shell:Creating package script '/home/robot/Documents/Grupo_pvsc_alas4_lopt_iams/Robotic_Arny/ros2_ws/install/omx_interfaces/share/omx_interfaces/package.ps1'
[0.473s] INFO:colcon.colcon_core.shell:Creating package descriptor '/home/robot/Documents/Grupo_pvsc_alas4_lopt_iams/Robotic_Arny/ros2_ws/install/omx_interfaces/share/omx_interfaces/package.dsv'
[0.473s] INFO:colcon.colcon_core.shell:Creating package script '/home/robot/Documents/Grupo_pvsc_alas4_lopt_iams/Robotic_Arny/ros2_ws/install/omx_interfaces/share/omx_interfaces/package.sh'
[0.473s] INFO:colcon.colcon_core.shell:Creating package script '/home/robot/Documents/Grupo_pvsc_alas4_lopt_iams/Robotic_Arny/ros2_ws/install/omx_interfaces/share/omx_interfaces/package.bash'
[0.474s] INFO:colcon.colcon_core.shell:Creating package script '/home/robot/Documents/Grupo_pvsc_alas4_lopt_iams/Robotic_Arny/ros2_ws/install/omx_interfaces/share/omx_interfaces/package.zsh'
[0.474s] Level 1:colcon.colcon_core.environment:create_file_with_runtime_dependencies(/home/robot/Documents/Grupo_pvsc_alas4_lopt_iams/Robotic_Arny/ros2_ws/install/omx_interfaces/share/colcon-core/packages/omx_interfaces)
[0.485s] DEBUG:colcon.colcon_parallel_executor.executor.parallel:closing loop
[0.485s] DEBUG:colcon.colcon_parallel_executor.executor.parallel:loop closed
[0.485s] DEBUG:colcon.colcon_parallel_executor.executor.parallel:run_until_complete finished with '1'
[0.485s] DEBUG:colcon.colcon_core.event_reactor:joining thread
[0.491s] INFO:colcon.colcon_core.plugin_system:Skipping extension 'colcon_notification.desktop_notification.terminal_notifier': Not used on non-Darwin systems
[0.491s] INFO:colcon.colcon_core.plugin_system:Skipping extension 'colcon_notification.desktop_notification.win32': Not used on non-Windows systems
[0.491s] INFO:colcon.colcon_notification.desktop_notification:Sending desktop notification using 'notify2'
[0.501s] DEBUG:colcon.colcon_core.event_reactor:joined thread
[0.501s] INFO:colcon.colcon_core.shell:Creating prefix script '/home/robot/Documents/Grupo_pvsc_alas4_lopt_iams/Robotic_Arny/ros2_ws/install/local_setup.ps1'
[0.502s] INFO:colcon.colcon_core.shell:Creating prefix util module '/home/robot/Documents/Grupo_pvsc_alas4_lopt_iams/Robotic_Arny/ros2_ws/install/_local_setup_util_ps1.py'
[0.503s] INFO:colcon.colcon_core.shell:Creating prefix chain script '/home/robot/Documents/Grupo_pvsc_alas4_lopt_iams/Robotic_Arny/ros2_ws/install/setup.ps1'
[0.503s] INFO:colcon.colcon_core.shell:Creating prefix script '/home/robot/Documents/Grupo_pvsc_alas4_lopt_iams/Robotic_Arny/ros2_ws/install/local_setup.sh'
[0.504s] INFO:colcon.colcon_core.shell:Creating prefix util module '/home/robot/Documents/Grupo_pvsc_alas4_lopt_iams/Robotic_Arny/ros2_ws/install/_local_setup_util_sh.py'
[0.504s] INFO:colcon.colcon_core.shell:Creating prefix chain script '/home/robot/Documents/Grupo_pvsc_alas4_lopt_iams/Robotic_Arny/ros2_ws/install/setup.sh'
[0.505s] INFO:colcon.colcon_core.shell:Creating prefix script '/home/robot/Documents/Grupo_pvsc_alas4_lopt_iams/Robotic_Arny/ros2_ws/install/local_setup.bash'
[0.505s] INFO:colcon.colcon_core.shell:Creating prefix chain script '/home/robot/Documents/Grupo_pvsc_alas4_lopt_iams/Robotic_Arny/ros2_ws/install/setup.bash'
[0.506s] INFO:colcon.colcon_core.shell:Creating prefix script '/home/robot/Documents/Grupo_pvsc_alas4_lopt_iams/Robotic_Arny/ros2_ws/install/local_setup.zsh'
[0.506s] INFO:colcon.colcon_core.shell:Creating prefix chain script '/home/robot/Documents/Grupo_pvsc_alas4_lopt_iams/Robotic_Arny/ros2_ws/install/setup.zsh'
