[1.327s] Invoking command in '/home/robot/Documents/Grupo_pvsc_alas4_lopt_iams/Robotic_Arny/ros2_ws/src/omx_ros2': DEBUGINFOD_URLS=https://debuginfod.ubuntu.com PS1=(venv_omx) \[\e]0;\u@\h: \w\a\]${debian_chroot:+($debian_chroot)}\[\033[01;32m\]\u@\h\[\033[00m\]:\[\033[01;34m\]\w\[\033[00m\]\$ PYTHONPATH=/home/robot/Documents/Grupo_pvsc_alas4_lopt_iams/Robotic_Arny/ros2_ws/build/omx_ros2/prefix_override:/usr/lib/python3/dist-packages/colcon_core/task/python/colcon_distutils_commands:/home/robot/Documents/Grupo_pvsc_alas4_lopt_iams/Robotic_Arny/ros2_ws/install/omx_ros2/lib/python3.12/site-packages:${PYTHONPATH} VIRTUAL_ENV_PROMPT=(venv_omx) /usr/bin/python3 -W ignore:setup.py install is deprecated -W ignore:easy_install command is deprecated setup.py egg_info --egg-base ../../build/omx_ros2 build --build-base /home/robot/Documents/Grupo_pvsc_alas4_lopt_iams/Robotic_Arny/ros2_ws/build/omx_ros2/build install --record /home/robot/Documents/Grupo_pvsc_alas4_lopt_iams/Robotic_Arny/ros2_ws/build/omx_ros2/install.log --single-version-externally-managed install_data
[1.741s] running egg_info
[1.770s] writing ../../build/omx_ros2/omx_ros2.egg-info/PKG-INFO
[1.770s] writing dependency_links to ../../build/omx_ros2/omx_ros2.egg-info/dependency_links.txt
[1.771s] writing entry points to ../../build/omx_ros2/omx_ros2.egg-info/entry_points.txt
[1.771s] writing requirements to ../../build/omx_ros2/omx_ros2.egg-info/requires.txt
[1.771s] writing top-level names to ../../build/omx_ros2/omx_ros2.egg-info/top_level.txt
[1.827s] reading manifest file '../../build/omx_ros2/omx_ros2.egg-info/SOURCES.txt'
[1.827s] adding license file 'LICENSE'
[1.828s] writing manifest file '../../build/omx_ros2/omx_ros2.egg-info/SOURCES.txt'
[1.828s] running build
[1.828s] running build_py
[1.829s] running install
[1.836s] running install_lib
[1.865s] running install_data
[1.865s] running install_egg_info
[1.893s] removing '/home/robot/Documents/Grupo_pvsc_alas4_lopt_iams/Robotic_Arny/ros2_ws/install/omx_ros2/lib/python3.12/site-packages/omx_ros2-0.0.0-py3.12.egg-info' (and everything under it)
[1.894s] Copying ../../build/omx_ros2/omx_ros2.egg-info to /home/robot/Documents/Grupo_pvsc_alas4_lopt_iams/Robotic_Arny/ros2_ws/install/omx_ros2/lib/python3.12/site-packages/omx_ros2-0.0.0-py3.12.egg-info
[1.895s] running install_scripts
[2.072s] Installing omx_driver_node script to /home/robot/Documents/Grupo_pvsc_alas4_lopt_iams/Robotic_Arny/ros2_ws/install/omx_ros2/lib/omx_ros2
[2.072s] Installing task_supervisor_node script to /home/robot/Documents/Grupo_pvsc_alas4_lopt_iams/Robotic_Arny/ros2_ws/install/omx_ros2/lib/omx_ros2
[2.073s] Installing trajectory_generator_node script to /home/robot/Documents/Grupo_pvsc_alas4_lopt_iams/Robotic_Arny/ros2_ws/install/omx_ros2/lib/omx_ros2
[2.073s] writing list of installed files to '/home/robot/Documents/Grupo_pvsc_alas4_lopt_iams/Robotic_Arny/ros2_ws/build/omx_ros2/install.log'
[2.105s] Invoked command in '/home/robot/Documents/Grupo_pvsc_alas4_lopt_iams/Robotic_Arny/ros2_ws/src/omx_ros2' returned '0': DEBUGINFOD_URLS=https://debuginfod.ubuntu.com PS1=(venv_omx) \[\e]0;\u@\h: \w\a\]${debian_chroot:+($debian_chroot)}\[\033[01;32m\]\u@\h\[\033[00m\]:\[\033[01;34m\]\w\[\033[00m\]\$ PYTHONPATH=/home/robot/Documents/Grupo_pvsc_alas4_lopt_iams/Robotic_Arny/ros2_ws/build/omx_ros2/prefix_override:/usr/lib/python3/dist-packages/colcon_core/task/python/colcon_distutils_commands:/home/robot/Documents/Grupo_pvsc_alas4_lopt_iams/Robotic_Arny/ros2_ws/install/omx_ros2/lib/python3.12/site-packages:${PYTHONPATH} VIRTUAL_ENV_PROMPT=(venv_omx) /usr/bin/python3 -W ignore:setup.py install is deprecated -W ignore:easy_install command is deprecated setup.py egg_info --egg-base ../../build/omx_ros2 build --build-base /home/robot/Documents/Grupo_pvsc_alas4_lopt_iams/Robotic_Arny/ros2_ws/build/omx_ros2/build install --record /home/robot/Documents/Grupo_pvsc_alas4_lopt_iams/Robotic_Arny/ros2_ws/build/omx_ros2/install.log --single-version-externally-managed install_data
