[0.173s] DEBUG:colcon:Command line arguments: ['/usr/bin/colcon', 'build']
[0.173s] DEBUG:colcon:Parsed command line arguments: Namespace(log_base=None, log_level=None, verb_name='build', build_base='build', install_base='install', merge_install=False, symlink_install=False, test_result_base=None, continue_on_error=False, executor='parallel', parallel_workers=12, event_handlers=None, ignore_user_meta=False, metas=['./colcon.meta'], base_paths=['.'], packages_ignore=None, packages_ignore_regex=None, paths=None, packages_up_to=None, packages_up_to_regex=None, packages_above=None, packages_above_and_dependencies=None, packages_above_depth=None, packages_select_by_dep=None, packages_skip_by_dep=None, packages_skip_up_to=None, packages_select_build_failed=False, packages_skip_build_finished=False, packages_select_test_failures=False, packages_skip_test_passed=False, packages_select=None, packages_skip=None, packages_select_regex=None, packages_skip_regex=None, packages_start=None, packages_end=None, allow_overriding=[], cmake_args=None, cmake_target=None, cmake_target_skip_unavailable=False, cmake_clean_cache=False, cmake_clean_first=False, cmake_force_configure=False, ament_cmake_args=None, catkin_cmake_args=None, catkin_skip_building_tests=False, mixin_files=None, mixin=None, verb_parser=<colcon_mixin.mixin.mixin_argument.MixinArgumentDecorator object at 0x740215898e60>, verb_extension=<colcon_core.verb.build.BuildVerb object at 0x740215898b60>, main=<bound method BuildVerb.main of <colcon_core.verb.build.BuildVerb object at 0x740215898b60>>, mixin_verb=('build',))
[0.217s] Level 1:colcon.colcon_core.package_discovery:discover_packages(colcon_meta) check parameters
[0.218s] Level 1:colcon.colcon_core.package_discovery:discover_packages(recursive) check parameters
[0.218s] Level 1:colcon.colcon_core.package_discovery:discover_packages(ignore) check parameters
[0.218s] Level 1:colcon.colcon_core.package_discovery:discover_packages(path) check parameters
[0.218s] Level 1:colcon.colcon_core.package_discovery:discover_packages(colcon_meta) discover
[0.218s] Level 1:colcon.colcon_core.package_discovery:discover_packages(recursive) discover
[0.218s] INFO:colcon.colcon_core.package_discovery:Crawling recursively for packages in '/home/robot/Documents/Grupo_pvsc_alas4_lopt_iams/Robotic_Arny/ros2_ws'
[0.218s] Level 1:colcon.colcon_core.package_identification:_identify(.) by extensions ['ignore', 'ignore_ament_install']
[0.218s] Level 1:colcon.colcon_core.package_identification:_identify(.) by extension 'ignore'
[0.218s] Level 1:colcon.colcon_core.package_identification:_identify(.) by extension 'ignore_ament_install'
[0.218s] Level 1:colcon.colcon_core.package_identification:_identify(.) by extensions ['colcon_pkg']
[0.218s] Level 1:colcon.colcon_core.package_identification:_identify(.) by extension 'colcon_pkg'
[0.218s] Level 1:colcon.colcon_core.package_identification:_identify(.) by extensions ['colcon_meta']
[0.218s] Level 1:colcon.colcon_core.package_identification:_identify(.) by extension 'colcon_meta'
[0.218s] Level 1:colcon.colcon_core.package_identification:_identify(.) by extensions ['ros']
[0.218s] Level 1:colcon.colcon_core.package_identification:_identify(.) by extension 'ros'
[0.242s] Level 1:colcon.colcon_core.package_identification:_identify(.) by extensions ['cmake', 'python']
[0.242s] Level 1:colcon.colcon_core.package_identification:_identify(.) by extension 'cmake'
[0.242s] Level 1:colcon.colcon_core.package_identification:_identify(.) by extension 'python'
[0.242s] Level 1:colcon.colcon_core.package_identification:_identify(.) by extensions ['python_setup_py']
[0.242s] Level 1:colcon.colcon_core.package_identification:_identify(.) by extension 'python_setup_py'
[0.242s] Level 1:colcon.colcon_core.package_identification:_identify(build) by extensions ['ignore', 'ignore_ament_install']
[0.242s] Level 1:colcon.colcon_core.package_identification:_identify(build) by extension 'ignore'
[0.242s] Level 1:colcon.colcon_core.package_identification:_identify(build) ignored
[0.242s] Level 1:colcon.colcon_core.package_identification:_identify(install) by extensions ['ignore', 'ignore_ament_install']
[0.242s] Level 1:colcon.colcon_core.package_identification:_identify(install) by extension 'ignore'
[0.242s] Level 1:colcon.colcon_core.package_identification:_identify(install) ignored
[0.243s] Level 1:colcon.colcon_core.package_identification:_identify(log) by extensions ['ignore', 'ignore_ament_install']
[0.243s] Level 1:colcon.colcon_core.package_identification:_identify(log) by extension 'ignore'
[0.243s] Level 1:colcon.colcon_core.package_identification:_identify(log) ignored
[0.243s] Level 1:colcon.colcon_core.package_identification:_identify(src) by extensions ['ignore', 'ignore_ament_install']
[0.243s] Level 1:colcon.colcon_core.package_identification:_identify(src) by extension 'ignore'
[0.243s] Level 1:colcon.colcon_core.package_identification:_identify(src) by extension 'ignore_ament_install'
[0.243s] Level 1:colcon.colcon_core.package_identification:_identify(src) by extensions ['colcon_pkg']
[0.243s] Level 1:colcon.colcon_core.package_identification:_identify(src) by extension 'colcon_pkg'
[0.243s] Level 1:colcon.colcon_core.package_identification:_identify(src) by extensions ['colcon_meta']
[0.243s] Level 1:colcon.colcon_core.package_identification:_identify(src) by extension 'colcon_meta'
[0.243s] Level 1:colcon.colcon_core.package_identification:_identify(src) by extensions ['ros']
[0.243s] Level 1:colcon.colcon_core.package_identification:_identify(src) by extension 'ros'
[0.243s] Level 1:colcon.colcon_core.package_identification:_identify(src) by extensions ['cmake', 'python']
[0.243s] Level 1:colcon.colcon_core.package_identification:_identify(src) by extension 'cmake'
[0.243s] Level 1:colcon.colcon_core.package_identification:_identify(src) by extension 'python'
[0.243s] Level 1:colcon.colcon_core.package_identification:_identify(src) by extensions ['python_setup_py']
[0.243s] Level 1:colcon.colcon_core.package_identification:_identify(src) by extension 'python_setup_py'
[0.243s] Level 1:colcon.colcon_core.package_identification:_identify(src/omx_interfaces) by extensions ['ignore', 'ignore_ament_install']
[0.244s] Level 1:colcon.colcon_core.package_identification:_identify(src/omx_interfaces) by extension 'ignore'
[0.244s] Level 1:colcon.colcon_core.package_identification:_identify(src/omx_interfaces) by extension 'ignore_ament_install'
[0.244s] Level 1:colcon.colcon_core.package_identification:_identify(src/omx_interfaces) by extensions ['colcon_pkg']
[0.244s] Level 1:colcon.colcon_core.package_identification:_identify(src/omx_interfaces) by extension 'colcon_pkg'
[0.244s] Level 1:colcon.colcon_core.package_identification:_identify(src/omx_interfaces) by extensions ['colcon_meta']
[0.244s] Level 1:colcon.colcon_core.package_identification:_identify(src/omx_interfaces) by extension 'colcon_meta'
[0.244s] Level 1:colcon.colcon_core.package_identification:_identify(src/omx_interfaces) by extensions ['ros']
[0.244s] Level 1:colcon.colcon_core.package_identification:_identify(src/omx_interfaces) by extension 'ros'
[0.246s] DEBUG:colcon.colcon_core.package_identification:Package 'src/omx_interfaces' with type 'ros.ament_cmake' and name 'omx_interfaces'
[0.246s] Level 1:colcon.colcon_core.package_identification:_identify(src/omx_ros2) by extensions ['ignore', 'ignore_ament_install']
[0.246s] Level 1:colcon.colcon_core.package_identification:_identify(src/omx_ros2) by extension 'ignore'
[0.246s] Level 1:colcon.colcon_core.package_identification:_identify(src/omx_ros2) by extension 'ignore_ament_install'
[0.246s] Level 1:colcon.colcon_core.package_identification:_identify(src/omx_ros2) by extensions ['colcon_pkg']
[0.246s] Level 1:colcon.colcon_core.package_identification:_identify(src/omx_ros2) by extension 'colcon_pkg'
[0.247s] Level 1:colcon.colcon_core.package_identification:_identify(src/omx_ros2) by extensions ['colcon_meta']
[0.247s] Level 1:colcon.colcon_core.package_identification:_identify(src/omx_ros2) by extension 'colcon_meta'
[0.247s] Level 1:colcon.colcon_core.package_identification:_identify(src/omx_ros2) by extensions ['ros']
[0.247s] Level 1:colcon.colcon_core.package_identification:_identify(src/omx_ros2) by extension 'ros'
[0.247s] DEBUG:colcon.colcon_core.package_identification:Package 'src/omx_ros2' with type 'ros.ament_python' and name 'omx_ros2'
[0.247s] Level 1:colcon.colcon_core.package_discovery:discover_packages(recursive) using defaults
[0.247s] Level 1:colcon.colcon_core.package_discovery:discover_packages(ignore) discover
[0.247s] Level 1:colcon.colcon_core.package_discovery:discover_packages(ignore) using defaults
[0.247s] Level 1:colcon.colcon_core.package_discovery:discover_packages(path) discover
[0.247s] Level 1:colcon.colcon_core.package_discovery:discover_packages(path) using defaults
[0.264s] Level 1:colcon.colcon_core.package_discovery:discover_packages(prefix_path) check parameters
[0.264s] Level 1:colcon.colcon_core.package_discovery:discover_packages(prefix_path) discover
[0.265s] DEBUG:colcon.colcon_installed_package_information.package_discovery:Found 2 installed packages in /home/robot/Documents/Grupo_pvsc_alas4_lopt_iams/Robotic_Arny/ros2_ws/install
[0.267s] DEBUG:colcon.colcon_installed_package_information.package_discovery:Found 287 installed packages in /opt/ros/jazzy
[0.268s] Level 1:colcon.colcon_core.package_discovery:discover_packages(prefix_path) using defaults
[0.307s] Level 5:colcon.colcon_core.verb:set package 'omx_interfaces' build argument 'cmake_args' from command line to 'None'
[0.307s] Level 5:colcon.colcon_core.verb:set package 'omx_interfaces' build argument 'cmake_target' from command line to 'None'
[0.307s] Level 5:colcon.colcon_core.verb:set package 'omx_interfaces' build argument 'cmake_target_skip_unavailable' from command line to 'False'
[0.307s] Level 5:colcon.colcon_core.verb:set package 'omx_interfaces' build argument 'cmake_clean_cache' from command line to 'False'
[0.307s] Level 5:colcon.colcon_core.verb:set package 'omx_interfaces' build argument 'cmake_clean_first' from command line to 'False'
[0.307s] Level 5:colcon.colcon_core.verb:set package 'omx_interfaces' build argument 'cmake_force_configure' from command line to 'False'
[0.307s] Level 5:colcon.colcon_core.verb:set package 'omx_interfaces' build argument 'ament_cmake_args' from command line to 'None'
[0.307s] Level 5:colcon.colcon_core.verb:set package 'omx_interfaces' build argument 'catkin_cmake_args' from command line to 'None'
[0.307s] Level 5:colcon.colcon_core.verb:set package 'omx_interfaces' build argument 'catkin_skip_building_tests' from command line to 'False'
[0.307s] DEBUG:colcon.colcon_core.verb:Building package 'omx_interfaces' with the following arguments: {'ament_cmake_args': None, 'build_base': '/home/robot/Documents/Grupo_pvsc_alas4_lopt_iams/Robotic_Arny/ros2_ws/build/omx_interfaces', 'catkin_cmake_args': None, 'catkin_skip_building_tests': False, 'cmake_args': None, 'cmake_clean_cache': False, 'cmake_clean_first': False, 'cmake_force_configure': False, 'cmake_target': None, 'cmake_target_skip_unavailable': False, 'install_base': '/home/robot/Documents/Grupo_pvsc_alas4_lopt_iams/Robotic_Arny/ros2_ws/install/omx_interfaces', 'merge_install': False, 'path': '/home/robot/Documents/Grupo_pvsc_alas4_lopt_iams/Robotic_Arny/ros2_ws/src/omx_interfaces', 'symlink_install': False, 'test_result_base': None}
[0.308s] Level 5:colcon.colcon_core.verb:set package 'omx_ros2' build argument 'cmake_args' from command line to 'None'
[0.308s] Level 5:colcon.colcon_core.verb:set package 'omx_ros2' build argument 'cmake_target' from command line to 'None'
[0.308s] Level 5:colcon.colcon_core.verb:set package 'omx_ros2' build argument 'cmake_target_skip_unavailable' from command line to 'False'
[0.308s] Level 5:colcon.colcon_core.verb:set package 'omx_ros2' build argument 'cmake_clean_cache' from command line to 'False'
[0.308s] Level 5:colcon.colcon_core.verb:set package 'omx_ros2' build argument 'cmake_clean_first' from command line to 'False'
[0.308s] Level 5:colcon.colcon_core.verb:set package 'omx_ros2' build argument 'cmake_force_configure' from command line to 'False'
[0.308s] Level 5:colcon.colcon_core.verb:set package 'omx_ros2' build argument 'ament_cmake_args' from command line to 'None'
[0.308s] Level 5:colcon.colcon_core.verb:set package 'omx_ros2' build argument 'catkin_cmake_args' from command line to 'None'
[0.308s] Level 5:colcon.colcon_core.verb:set package 'omx_ros2' build argument 'catkin_skip_building_tests' from command line to 'False'
[0.308s] DEBUG:colcon.colcon_core.verb:Building package 'omx_ros2' with the following arguments: {'ament_cmake_args': None, 'build_base': '/home/robot/Documents/Grupo_pvsc_alas4_lopt_iams/Robotic_Arny/ros2_ws/build/omx_ros2', 'catkin_cmake_args': None, 'catkin_skip_building_tests': False, 'cmake_args': None, 'cmake_clean_cache': False, 'cmake_clean_first': False, 'cmake_force_configure': False, 'cmake_target': None, 'cmake_target_skip_unavailable': False, 'install_base': '/home/robot/Documents/Grupo_pvsc_alas4_lopt_iams/Robotic_Arny/ros2_ws/install/omx_ros2', 'merge_install': False, 'path': '/home/robot/Documents/Grupo_pvsc_alas4_lopt_iams/Robotic_Arny/ros2_ws/src/omx_ros2', 'symlink_install': False, 'test_result_base': None}
[0.308s] INFO:colcon.colcon_core.executor:Executing jobs using 'parallel' executor
[0.309s] DEBUG:colcon.colcon_parallel_executor.executor.parallel:run_until_complete
[0.309s] INFO:colcon.colcon_ros.task.ament_cmake.build:Building ROS package in '/home/robot/Documents/Grupo_pvsc_alas4_lopt_iams/Robotic_Arny/ros2_ws/src/omx_interfaces' with build type 'ament_cmake'
[0.309s] INFO:colcon.colcon_cmake.task.cmake.build:Building CMake package in '/home/robot/Documents/Grupo_pvsc_alas4_lopt_iams/Robotic_Arny/ros2_ws/src/omx_interfaces'
[0.311s] INFO:colcon.colcon_core.plugin_system:Skipping extension 'colcon_core.shell.bat': Not used on non-Windows systems
[0.311s] INFO:colcon.colcon_core.shell:Skip shell extension 'powershell' for command environment: Not usable outside of PowerShell
[0.311s] DEBUG:colcon.colcon_core.shell:Skip shell extension 'dsv' for command environment
[0.316s] INFO:colcon.colcon_ros.task.ament_python.build:Building ROS package in '/home/robot/Documents/Grupo_pvsc_alas4_lopt_iams/Robotic_Arny/ros2_ws/src/omx_ros2' with build type 'ament_python'
[0.316s] Level 1:colcon.colcon_core.shell:create_environment_hook('omx_ros2', 'ament_prefix_path')
[0.316s] INFO:colcon.colcon_core.shell:Creating environment hook '/home/robot/Documents/Grupo_pvsc_alas4_lopt_iams/Robotic_Arny/ros2_ws/install/omx_ros2/share/omx_ros2/hook/ament_prefix_path.ps1'
[0.317s] INFO:colcon.colcon_core.shell:Creating environment descriptor '/home/robot/Documents/Grupo_pvsc_alas4_lopt_iams/Robotic_Arny/ros2_ws/install/omx_ros2/share/omx_ros2/hook/ament_prefix_path.dsv'
[0.318s] INFO:colcon.colcon_core.shell:Creating environment hook '/home/robot/Documents/Grupo_pvsc_alas4_lopt_iams/Robotic_Arny/ros2_ws/install/omx_ros2/share/omx_ros2/hook/ament_prefix_path.sh'
[0.319s] INFO:colcon.colcon_core.shell:Skip shell extension 'powershell' for command environment: Not usable outside of PowerShell
[0.319s] DEBUG:colcon.colcon_core.shell:Skip shell extension 'dsv' for command environment
[0.329s] DEBUG:colcon.colcon_core.event_handler.log_command:Invoking command in '/home/robot/Documents/Grupo_pvsc_alas4_lopt_iams/Robotic_Arny/ros2_ws/build/omx_interfaces': CMAKE_PREFIX_PATH=${CMAKE_PREFIX_PATH}:/home/robot/Documents/Grupo_pvsc_alas4_lopt_iams/Robotic_Arny/ros2_ws/install/omx_ros2:/opt/ros/jazzy DEBUGINFOD_URLS=https://debuginfod.ubuntu.com PS1=(venv_omx) \[\e]0;\u@\h: \w\a\]${debian_chroot:+($debian_chroot)}\[\033[01;32m\]\u@\h\[\033[00m\]:\[\033[01;34m\]\w\[\033[00m\]\$ VIRTUAL_ENV_PROMPT=(venv_omx) /usr/bin/cmake --build /home/robot/Documents/Grupo_pvsc_alas4_lopt_iams/Robotic_Arny/ros2_ws/build/omx_interfaces -- -j12 -l12
[0.674s] INFO:colcon.colcon_core.task.python.build:Building Python package in '/home/robot/Documents/Grupo_pvsc_alas4_lopt_iams/Robotic_Arny/ros2_ws/src/omx_ros2'
[0.674s] INFO:colcon.colcon_core.shell:Skip shell extension 'powershell' for command environment: Not usable outside of PowerShell
[0.675s] DEBUG:colcon.colcon_core.shell:Skip shell extension 'dsv' for command environment
[1.001s] DEBUG:colcon.colcon_core.event_handler.log_command:Invoked command in '/home/robot/Documents/Grupo_pvsc_alas4_lopt_iams/Robotic_Arny/ros2_ws/build/omx_interfaces' returned '0': CMAKE_PREFIX_PATH=${CMAKE_PREFIX_PATH}:/home/robot/Documents/Grupo_pvsc_alas4_lopt_iams/Robotic_Arny/ros2_ws/install/omx_ros2:/opt/ros/jazzy DEBUGINFOD_URLS=https://debuginfod.ubuntu.com PS1=(venv_omx) \[\e]0;\u@\h: \w\a\]${debian_chroot:+($debian_chroot)}\[\033[01;32m\]\u@\h\[\033[00m\]:\[\033[01;34m\]\w\[\033[00m\]\$ VIRTUAL_ENV_PROMPT=(venv_omx) /usr/bin/cmake --build /home/robot/Documents/Grupo_pvsc_alas4_lopt_iams/Robotic_Arny/ros2_ws/build/omx_interfaces -- -j12 -l12
[1.016s] DEBUG:colcon.colcon_core.event_handler.log_command:Invoking command in '/home/robot/Documents/Grupo_pvsc_alas4_lopt_iams/Robotic_Arny/ros2_ws/build/omx_interfaces': CMAKE_PREFIX_PATH=${CMAKE_PREFIX_PATH}:/home/robot/Documents/Grupo_pvsc_alas4_lopt_iams/Robotic_Arny/ros2_ws/install/omx_ros2:/opt/ros/jazzy DEBUGINFOD_URLS=https://debuginfod.ubuntu.com PS1=(venv_omx) \[\e]0;\u@\h: \w\a\]${debian_chroot:+($debian_chroot)}\[\033[01;32m\]\u@\h\[\033[00m\]:\[\033[01;34m\]\w\[\033[00m\]\$ VIRTUAL_ENV_PROMPT=(venv_omx) /usr/bin/cmake --install /home/robot/Documents/Grupo_pvsc_alas4_lopt_iams/Robotic_Arny/ros2_ws/build/omx_interfaces
[1.134s] Level 1:colcon.colcon_core.environment:create_environment_scripts_only(omx_interfaces)
[1.135s] DEBUG:colcon.colcon_core.event_handler.log_command:Invoked command in '/home/robot/Documents/Grupo_pvsc_alas4_lopt_iams/Robotic_Arny/ros2_ws/build/omx_interfaces' returned '0': CMAKE_PREFIX_PATH=${CMAKE_PREFIX_PATH}:/home/robot/Documents/Grupo_pvsc_alas4_lopt_iams/Robotic_Arny/ros2_ws/install/omx_ros2:/opt/ros/jazzy DEBUGINFOD_URLS=https://debuginfod.ubuntu.com PS1=(venv_omx) \[\e]0;\u@\h: \w\a\]${debian_chroot:+($debian_chroot)}\[\033[01;32m\]\u@\h\[\033[00m\]:\[\033[01;34m\]\w\[\033[00m\]\$ VIRTUAL_ENV_PROMPT=(venv_omx) /usr/bin/cmake --install /home/robot/Documents/Grupo_pvsc_alas4_lopt_iams/Robotic_Arny/ros2_ws/build/omx_interfaces
[1.138s] Level 1:colcon.colcon_core.environment:checking '/home/robot/Documents/Grupo_pvsc_alas4_lopt_iams/Robotic_Arny/ros2_ws/install/omx_interfaces' for CMake module files
[1.139s] Level 1:colcon.colcon_core.environment:checking '/home/robot/Documents/Grupo_pvsc_alas4_lopt_iams/Robotic_Arny/ros2_ws/install/omx_interfaces' for CMake config files
[1.140s] Level 1:colcon.colcon_core.shell:create_environment_hook('omx_interfaces', 'cmake_prefix_path')
[1.140s] INFO:colcon.colcon_core.shell:Creating environment hook '/home/robot/Documents/Grupo_pvsc_alas4_lopt_iams/Robotic_Arny/ros2_ws/install/omx_interfaces/share/omx_interfaces/hook/cmake_prefix_path.ps1'
[1.141s] INFO:colcon.colcon_core.shell:Creating environment descriptor '/home/robot/Documents/Grupo_pvsc_alas4_lopt_iams/Robotic_Arny/ros2_ws/install/omx_interfaces/share/omx_interfaces/hook/cmake_prefix_path.dsv'
[1.141s] INFO:colcon.colcon_core.shell:Creating environment hook '/home/robot/Documents/Grupo_pvsc_alas4_lopt_iams/Robotic_Arny/ros2_ws/install/omx_interfaces/share/omx_interfaces/hook/cmake_prefix_path.sh'
[1.142s] Level 1:colcon.colcon_core.environment:checking '/home/robot/Documents/Grupo_pvsc_alas4_lopt_iams/Robotic_Arny/ros2_ws/install/omx_interfaces/lib'
[1.142s] Level 1:colcon.colcon_core.shell:create_environment_hook('omx_interfaces', 'ld_library_path_lib')
[1.143s] INFO:colcon.colcon_core.shell:Creating environment hook '/home/robot/Documents/Grupo_pvsc_alas4_lopt_iams/Robotic_Arny/ros2_ws/install/omx_interfaces/share/omx_interfaces/hook/ld_library_path_lib.ps1'
[1.143s] INFO:colcon.colcon_core.shell:Creating environment descriptor '/home/robot/Documents/Grupo_pvsc_alas4_lopt_iams/Robotic_Arny/ros2_ws/install/omx_interfaces/share/omx_interfaces/hook/ld_library_path_lib.dsv'
[1.143s] INFO:colcon.colcon_core.shell:Creating environment hook '/home/robot/Documents/Grupo_pvsc_alas4_lopt_iams/Robotic_Arny/ros2_ws/install/omx_interfaces/share/omx_interfaces/hook/ld_library_path_lib.sh'
[1.144s] Level 1:colcon.colcon_core.environment:checking '/home/robot/Documents/Grupo_pvsc_alas4_lopt_iams/Robotic_Arny/ros2_ws/install/omx_interfaces/bin'
[1.144s] Level 1:colcon.colcon_core.environment:checking '/home/robot/Documents/Grupo_pvsc_alas4_lopt_iams/Robotic_Arny/ros2_ws/install/omx_interfaces/lib/pkgconfig/omx_interfaces.pc'
[1.144s] Level 1:colcon.colcon_core.environment:checking '/home/robot/Documents/Grupo_pvsc_alas4_lopt_iams/Robotic_Arny/ros2_ws/install/omx_interfaces/lib/python3.12/site-packages'
[1.144s] Level 1:colcon.colcon_core.shell:create_environment_hook('omx_interfaces', 'pythonpath')
[1.145s] INFO:colcon.colcon_core.shell:Creating environment hook '/home/robot/Documents/Grupo_pvsc_alas4_lopt_iams/Robotic_Arny/ros2_ws/install/omx_interfaces/share/omx_interfaces/hook/pythonpath.ps1'
[1.145s] INFO:colcon.colcon_core.shell:Creating environment descriptor '/home/robot/Documents/Grupo_pvsc_alas4_lopt_iams/Robotic_Arny/ros2_ws/install/omx_interfaces/share/omx_interfaces/hook/pythonpath.dsv'
[1.145s] INFO:colcon.colcon_core.shell:Creating environment hook '/home/robot/Documents/Grupo_pvsc_alas4_lopt_iams/Robotic_Arny/ros2_ws/install/omx_interfaces/share/omx_interfaces/hook/pythonpath.sh'
[1.146s] Level 1:colcon.colcon_core.environment:checking '/home/robot/Documents/Grupo_pvsc_alas4_lopt_iams/Robotic_Arny/ros2_ws/install/omx_interfaces/bin'
[1.147s] INFO:colcon.colcon_core.shell:Creating package script '/home/robot/Documents/Grupo_pvsc_alas4_lopt_iams/Robotic_Arny/ros2_ws/install/omx_interfaces/share/omx_interfaces/package.ps1'
[1.148s] INFO:colcon.colcon_core.shell:Creating package descriptor '/home/robot/Documents/Grupo_pvsc_alas4_lopt_iams/Robotic_Arny/ros2_ws/install/omx_interfaces/share/omx_interfaces/package.dsv'
[1.148s] INFO:colcon.colcon_core.shell:Creating package script '/home/robot/Documents/Grupo_pvsc_alas4_lopt_iams/Robotic_Arny/ros2_ws/install/omx_interfaces/share/omx_interfaces/package.sh'
[1.150s] INFO:colcon.colcon_core.shell:Creating package script '/home/robot/Documents/Grupo_pvsc_alas4_lopt_iams/Robotic_Arny/ros2_ws/install/omx_interfaces/share/omx_interfaces/package.bash'
[1.150s] INFO:colcon.colcon_core.shell:Creating package script '/home/robot/Documents/Grupo_pvsc_alas4_lopt_iams/Robotic_Arny/ros2_ws/install/omx_interfaces/share/omx_interfaces/package.zsh'
[1.151s] Level 1:colcon.colcon_core.environment:create_file_with_runtime_dependencies(/home/robot/Documents/Grupo_pvsc_alas4_lopt_iams/Robotic_Arny/ros2_ws/install/omx_interfaces/share/colcon-core/packages/omx_interfaces)
[1.152s] Level 1:colcon.colcon_core.environment:create_environment_scripts_only(omx_interfaces)
[1.152s] Level 1:colcon.colcon_core.environment:checking '/home/robot/Documents/Grupo_pvsc_alas4_lopt_iams/Robotic_Arny/ros2_ws/install/omx_interfaces' for CMake module files
[1.153s] Level 1:colcon.colcon_core.environment:checking '/home/robot/Documents/Grupo_pvsc_alas4_lopt_iams/Robotic_Arny/ros2_ws/install/omx_interfaces' for CMake config files
[1.154s] Level 1:colcon.colcon_core.shell:create_environment_hook('omx_interfaces', 'cmake_prefix_path')
[1.154s] INFO:colcon.colcon_core.shell:Creating environment hook '/home/robot/Documents/Grupo_pvsc_alas4_lopt_iams/Robotic_Arny/ros2_ws/install/omx_interfaces/share/omx_interfaces/hook/cmake_prefix_path.ps1'
[1.154s] INFO:colcon.colcon_core.shell:Creating environment descriptor '/home/robot/Documents/Grupo_pvsc_alas4_lopt_iams/Robotic_Arny/ros2_ws/install/omx_interfaces/share/omx_interfaces/hook/cmake_prefix_path.dsv'
[1.155s] INFO:colcon.colcon_core.shell:Creating environment hook '/home/robot/Documents/Grupo_pvsc_alas4_lopt_iams/Robotic_Arny/ros2_ws/install/omx_interfaces/share/omx_interfaces/hook/cmake_prefix_path.sh'
[1.155s] Level 1:colcon.colcon_core.environment:checking '/home/robot/Documents/Grupo_pvsc_alas4_lopt_iams/Robotic_Arny/ros2_ws/install/omx_interfaces/lib'
[1.155s] Level 1:colcon.colcon_core.shell:create_environment_hook('omx_interfaces', 'ld_library_path_lib')
[1.156s] INFO:colcon.colcon_core.shell:Creating environment hook '/home/robot/Documents/Grupo_pvsc_alas4_lopt_iams/Robotic_Arny/ros2_ws/install/omx_interfaces/share/omx_interfaces/hook/ld_library_path_lib.ps1'
[1.156s] INFO:colcon.colcon_core.shell:Creating environment descriptor '/home/robot/Documents/Grupo_pvsc_alas4_lopt_iams/Robotic_Arny/ros2_ws/install/omx_interfaces/share/omx_interfaces/hook/ld_library_path_lib.dsv'
[1.156s] INFO:colcon.colcon_core.shell:Creating environment hook '/home/robot/Documents/Grupo_pvsc_alas4_lopt_iams/Robotic_Arny/ros2_ws/install/omx_interfaces/share/omx_interfaces/hook/ld_library_path_lib.sh'
[1.157s] Level 1:colcon.colcon_core.environment:checking '/home/robot/Documents/Grupo_pvsc_alas4_lopt_iams/Robotic_Arny/ros2_ws/install/omx_interfaces/bin'
[1.157s] Level 1:colcon.colcon_core.environment:checking '/home/robot/Documents/Grupo_pvsc_alas4_lopt_iams/Robotic_Arny/ros2_ws/install/omx_interfaces/lib/pkgconfig/omx_interfaces.pc'
[1.157s] Level 1:colcon.colcon_core.environment:checking '/home/robot/Documents/Grupo_pvsc_alas4_lopt_iams/Robotic_Arny/ros2_ws/install/omx_interfaces/lib/python3.12/site-packages'
[1.157s] Level 1:colcon.colcon_core.shell:create_environment_hook('omx_interfaces', 'pythonpath')
[1.158s] INFO:colcon.colcon_core.shell:Creating environment hook '/home/robot/Documents/Grupo_pvsc_alas4_lopt_iams/Robotic_Arny/ros2_ws/install/omx_interfaces/share/omx_interfaces/hook/pythonpath.ps1'
[1.158s] INFO:colcon.colcon_core.shell:Creating environment descriptor '/home/robot/Documents/Grupo_pvsc_alas4_lopt_iams/Robotic_Arny/ros2_ws/install/omx_interfaces/share/omx_interfaces/hook/pythonpath.dsv'
[1.158s] INFO:colcon.colcon_core.shell:Creating environment hook '/home/robot/Documents/Grupo_pvsc_alas4_lopt_iams/Robotic_Arny/ros2_ws/install/omx_interfaces/share/omx_interfaces/hook/pythonpath.sh'
[1.159s] Level 1:colcon.colcon_core.environment:checking '/home/robot/Documents/Grupo_pvsc_alas4_lopt_iams/Robotic_Arny/ros2_ws/install/omx_interfaces/bin'
[1.160s] INFO:colcon.colcon_core.shell:Creating package script '/home/robot/Documents/Grupo_pvsc_alas4_lopt_iams/Robotic_Arny/ros2_ws/install/omx_interfaces/share/omx_interfaces/package.ps1'
[1.160s] INFO:colcon.colcon_core.shell:Creating package descriptor '/home/robot/Documents/Grupo_pvsc_alas4_lopt_iams/Robotic_Arny/ros2_ws/install/omx_interfaces/share/omx_interfaces/package.dsv'
[1.161s] INFO:colcon.colcon_core.shell:Creating package script '/home/robot/Documents/Grupo_pvsc_alas4_lopt_iams/Robotic_Arny/ros2_ws/install/omx_interfaces/share/omx_interfaces/package.sh'
[1.161s] INFO:colcon.colcon_core.shell:Creating package script '/home/robot/Documents/Grupo_pvsc_alas4_lopt_iams/Robotic_Arny/ros2_ws/install/omx_interfaces/share/omx_interfaces/package.bash'
[1.162s] INFO:colcon.colcon_core.shell:Creating package script '/home/robot/Documents/Grupo_pvsc_alas4_lopt_iams/Robotic_Arny/ros2_ws/install/omx_interfaces/share/omx_interfaces/package.zsh'
[1.162s] Level 1:colcon.colcon_core.environment:create_file_with_runtime_dependencies(/home/robot/Documents/Grupo_pvsc_alas4_lopt_iams/Robotic_Arny/ros2_ws/install/omx_interfaces/share/colcon-core/packages/omx_interfaces)
[1.604s] DEBUG:colcon.colcon_core.event_handler.log_command:Invoking command in '/home/robot/Documents/Grupo_pvsc_alas4_lopt_iams/Robotic_Arny/ros2_ws/src/omx_ros2': DEBUGINFOD_URLS=https://debuginfod.ubuntu.com PS1=(venv_omx) \[\e]0;\u@\h: \w\a\]${debian_chroot:+($debian_chroot)}\[\033[01;32m\]\u@\h\[\033[00m\]:\[\033[01;34m\]\w\[\033[00m\]\$ PYTHONPATH=/home/robot/Documents/Grupo_pvsc_alas4_lopt_iams/Robotic_Arny/ros2_ws/build/omx_ros2/prefix_override:/usr/lib/python3/dist-packages/colcon_core/task/python/colcon_distutils_commands:/home/robot/Documents/Grupo_pvsc_alas4_lopt_iams/Robotic_Arny/ros2_ws/install/omx_ros2/lib/python3.12/site-packages:${PYTHONPATH} VIRTUAL_ENV_PROMPT=(venv_omx) /usr/bin/python3 -W ignore:setup.py install is deprecated -W ignore:easy_install command is deprecated setup.py egg_info --egg-base ../../build/omx_ros2 build --build-base /home/robot/Documents/Grupo_pvsc_alas4_lopt_iams/Robotic_Arny/ros2_ws/build/omx_ros2/build install --record /home/robot/Documents/Grupo_pvsc_alas4_lopt_iams/Robotic_Arny/ros2_ws/build/omx_ros2/install.log --single-version-externally-managed install_data
[2.395s] Level 1:colcon.colcon_core.environment:checking '/home/robot/Documents/Grupo_pvsc_alas4_lopt_iams/Robotic_Arny/ros2_ws/install/omx_ros2' for CMake module files
[2.396s] DEBUG:colcon.colcon_core.event_handler.log_command:Invoked command in '/home/robot/Documents/Grupo_pvsc_alas4_lopt_iams/Robotic_Arny/ros2_ws/src/omx_ros2' returned '0': DEBUGINFOD_URLS=https://debuginfod.ubuntu.com PS1=(venv_omx) \[\e]0;\u@\h: \w\a\]${debian_chroot:+($debian_chroot)}\[\033[01;32m\]\u@\h\[\033[00m\]:\[\033[01;34m\]\w\[\033[00m\]\$ PYTHONPATH=/home/robot/Documents/Grupo_pvsc_alas4_lopt_iams/Robotic_Arny/ros2_ws/build/omx_ros2/prefix_override:/usr/lib/python3/dist-packages/colcon_core/task/python/colcon_distutils_commands:/home/robot/Documents/Grupo_pvsc_alas4_lopt_iams/Robotic_Arny/ros2_ws/install/omx_ros2/lib/python3.12/site-packages:${PYTHONPATH} VIRTUAL_ENV_PROMPT=(venv_omx) /usr/bin/python3 -W ignore:setup.py install is deprecated -W ignore:easy_install command is deprecated setup.py egg_info --egg-base ../../build/omx_ros2 build --build-base /home/robot/Documents/Grupo_pvsc_alas4_lopt_iams/Robotic_Arny/ros2_ws/build/omx_ros2/build install --record /home/robot/Documents/Grupo_pvsc_alas4_lopt_iams/Robotic_Arny/ros2_ws/build/omx_ros2/install.log --single-version-externally-managed install_data
[2.396s] Level 1:colcon.colcon_core.environment:checking '/home/robot/Documents/Grupo_pvsc_alas4_lopt_iams/Robotic_Arny/ros2_ws/install/omx_ros2' for CMake config files
[2.397s] Level 1:colcon.colcon_core.environment:checking '/home/robot/Documents/Grupo_pvsc_alas4_lopt_iams/Robotic_Arny/ros2_ws/install/omx_ros2/lib'
[2.397s] Level 1:colcon.colcon_core.environment:checking '/home/robot/Documents/Grupo_pvsc_alas4_lopt_iams/Robotic_Arny/ros2_ws/install/omx_ros2/bin'
[2.397s] Level 1:colcon.colcon_core.environment:checking '/home/robot/Documents/Grupo_pvsc_alas4_lopt_iams/Robotic_Arny/ros2_ws/install/omx_ros2/lib/pkgconfig/omx_ros2.pc'
[2.397s] Level 1:colcon.colcon_core.environment:checking '/home/robot/Documents/Grupo_pvsc_alas4_lopt_iams/Robotic_Arny/ros2_ws/install/omx_ros2/lib/python3.12/site-packages'
[2.397s] Level 1:colcon.colcon_core.shell:create_environment_hook('omx_ros2', 'pythonpath')
[2.398s] INFO:colcon.colcon_core.shell:Creating environment hook '/home/robot/Documents/Grupo_pvsc_alas4_lopt_iams/Robotic_Arny/ros2_ws/install/omx_ros2/share/omx_ros2/hook/pythonpath.ps1'
[2.398s] INFO:colcon.colcon_core.shell:Creating environment descriptor '/home/robot/Documents/Grupo_pvsc_alas4_lopt_iams/Robotic_Arny/ros2_ws/install/omx_ros2/share/omx_ros2/hook/pythonpath.dsv'
[2.399s] INFO:colcon.colcon_core.shell:Creating environment hook '/home/robot/Documents/Grupo_pvsc_alas4_lopt_iams/Robotic_Arny/ros2_ws/install/omx_ros2/share/omx_ros2/hook/pythonpath.sh'
[2.399s] Level 1:colcon.colcon_core.environment:checking '/home/robot/Documents/Grupo_pvsc_alas4_lopt_iams/Robotic_Arny/ros2_ws/install/omx_ros2/bin'
[2.400s] Level 1:colcon.colcon_core.environment:create_environment_scripts_only(omx_ros2)
[2.400s] INFO:colcon.colcon_core.shell:Creating package script '/home/robot/Documents/Grupo_pvsc_alas4_lopt_iams/Robotic_Arny/ros2_ws/install/omx_ros2/share/omx_ros2/package.ps1'
[2.400s] INFO:colcon.colcon_core.shell:Creating package descriptor '/home/robot/Documents/Grupo_pvsc_alas4_lopt_iams/Robotic_Arny/ros2_ws/install/omx_ros2/share/omx_ros2/package.dsv'
[2.401s] INFO:colcon.colcon_core.shell:Creating package script '/home/robot/Documents/Grupo_pvsc_alas4_lopt_iams/Robotic_Arny/ros2_ws/install/omx_ros2/share/omx_ros2/package.sh'
[2.402s] INFO:colcon.colcon_core.shell:Creating package script '/home/robot/Documents/Grupo_pvsc_alas4_lopt_iams/Robotic_Arny/ros2_ws/install/omx_ros2/share/omx_ros2/package.bash'
[2.402s] INFO:colcon.colcon_core.shell:Creating package script '/home/robot/Documents/Grupo_pvsc_alas4_lopt_iams/Robotic_Arny/ros2_ws/install/omx_ros2/share/omx_ros2/package.zsh'
[2.402s] Level 1:colcon.colcon_core.environment:create_file_with_runtime_dependencies(/home/robot/Documents/Grupo_pvsc_alas4_lopt_iams/Robotic_Arny/ros2_ws/install/omx_ros2/share/colcon-core/packages/omx_ros2)
[2.403s] DEBUG:colcon.colcon_parallel_executor.executor.parallel:closing loop
[2.403s] DEBUG:colcon.colcon_parallel_executor.executor.parallel:loop closed
[2.403s] DEBUG:colcon.colcon_parallel_executor.executor.parallel:run_until_complete finished with '0'
[2.403s] DEBUG:colcon.colcon_core.event_reactor:joining thread
[2.411s] INFO:colcon.colcon_core.plugin_system:Skipping extension 'colcon_notification.desktop_notification.terminal_notifier': Not used on non-Darwin systems
[2.411s] INFO:colcon.colcon_core.plugin_system:Skipping extension 'colcon_notification.desktop_notification.win32': Not used on non-Windows systems
[2.411s] INFO:colcon.colcon_notification.desktop_notification:Sending desktop notification using 'notify2'
[2.429s] DEBUG:colcon.colcon_core.event_reactor:joined thread
[2.429s] INFO:colcon.colcon_core.shell:Creating prefix script '/home/robot/Documents/Grupo_pvsc_alas4_lopt_iams/Robotic_Arny/ros2_ws/install/local_setup.ps1'
[2.431s] INFO:colcon.colcon_core.shell:Creating prefix util module '/home/robot/Documents/Grupo_pvsc_alas4_lopt_iams/Robotic_Arny/ros2_ws/install/_local_setup_util_ps1.py'
[2.432s] INFO:colcon.colcon_core.shell:Creating prefix chain script '/home/robot/Documents/Grupo_pvsc_alas4_lopt_iams/Robotic_Arny/ros2_ws/install/setup.ps1'
[2.433s] INFO:colcon.colcon_core.shell:Creating prefix script '/home/robot/Documents/Grupo_pvsc_alas4_lopt_iams/Robotic_Arny/ros2_ws/install/local_setup.sh'
[2.434s] INFO:colcon.colcon_core.shell:Creating prefix util module '/home/robot/Documents/Grupo_pvsc_alas4_lopt_iams/Robotic_Arny/ros2_ws/install/_local_setup_util_sh.py'
[2.435s] INFO:colcon.colcon_core.shell:Creating prefix chain script '/home/robot/Documents/Grupo_pvsc_alas4_lopt_iams/Robotic_Arny/ros2_ws/install/setup.sh'
[2.436s] INFO:colcon.colcon_core.shell:Creating prefix script '/home/robot/Documents/Grupo_pvsc_alas4_lopt_iams/Robotic_Arny/ros2_ws/install/local_setup.bash'
[2.436s] INFO:colcon.colcon_core.shell:Creating prefix chain script '/home/robot/Documents/Grupo_pvsc_alas4_lopt_iams/Robotic_Arny/ros2_ws/install/setup.bash'
[2.438s] INFO:colcon.colcon_core.shell:Creating prefix script '/home/robot/Documents/Grupo_pvsc_alas4_lopt_iams/Robotic_Arny/ros2_ws/install/local_setup.zsh'
[2.438s] INFO:colcon.colcon_core.shell:Creating prefix chain script '/home/robot/Documents/Grupo_pvsc_alas4_lopt_iams/Robotic_Arny/ros2_ws/install/setup.zsh'
